Component: ARM Compiler 5.06 update 1 (build 61) Tool: armlink [4d35a8]

==============================================================================

Section Cross References

    boards.o(i.bsp_board_button_idx_to_pin) refers to boards.o(.constdata) for m_board_btn_list
    boards.o(i.bsp_board_button_state_get) refers to boards.o(.constdata) for m_board_btn_list
    boards.o(i.bsp_board_buttons_init) refers to boards.o(i.nrf_gpio_cfg) for nrf_gpio_cfg
    boards.o(i.bsp_board_buttons_init) refers to boards.o(.constdata) for m_board_btn_list
    boards.o(i.bsp_board_led_idx_to_pin) refers to boards.o(.constdata) for m_board_led_list
    boards.o(i.bsp_board_led_invert) refers to boards.o(.constdata) for m_board_led_list
    boards.o(i.bsp_board_led_off) refers to boards.o(i.nrf_gpio_pin_write) for nrf_gpio_pin_write
    boards.o(i.bsp_board_led_off) refers to boards.o(.constdata) for m_board_led_list
    boards.o(i.bsp_board_led_on) refers to boards.o(i.nrf_gpio_pin_write) for nrf_gpio_pin_write
    boards.o(i.bsp_board_led_on) refers to boards.o(.constdata) for m_board_led_list
    boards.o(i.bsp_board_led_state_get) refers to boards.o(.constdata) for m_board_led_list
    boards.o(i.bsp_board_leds_init) refers to boards.o(i.nrf_gpio_cfg) for nrf_gpio_cfg
    boards.o(i.bsp_board_leds_init) refers to boards.o(i.bsp_board_leds_off) for bsp_board_leds_off
    boards.o(i.bsp_board_leds_init) refers to boards.o(.constdata) for m_board_led_list
    boards.o(i.bsp_board_leds_off) refers to boards.o(i.bsp_board_led_off) for bsp_board_led_off
    boards.o(i.bsp_board_leds_on) refers to boards.o(i.bsp_board_led_on) for bsp_board_led_on
    boards.o(i.bsp_board_pin_to_button_idx) refers to boards.o(.constdata) for m_board_btn_list
    boards.o(i.bsp_board_pin_to_led_idx) refers to boards.o(.constdata) for m_board_led_list
    event_groups.o(i.vEventGroupClearBitsCallback) refers to event_groups.o(i.xEventGroupClearBits) for xEventGroupClearBits
    event_groups.o(i.vEventGroupDelete) refers to tasks.o(i.vTaskSuspendAll) for vTaskSuspendAll
    event_groups.o(i.vEventGroupDelete) refers to tasks.o(i.xTaskRemoveFromUnorderedEventList) for xTaskRemoveFromUnorderedEventList
    event_groups.o(i.vEventGroupDelete) refers to heap_4.o(i.vPortFree) for vPortFree
    event_groups.o(i.vEventGroupDelete) refers to tasks.o(i.xTaskResumeAll) for xTaskResumeAll
    event_groups.o(i.vEventGroupSetBitsCallback) refers to event_groups.o(i.xEventGroupSetBits) for xEventGroupSetBits
    event_groups.o(i.xEventGroupClearBits) refers to port_cmsis.o(i.vPortEnterCritical) for vPortEnterCritical
    event_groups.o(i.xEventGroupClearBits) refers to port_cmsis.o(i.vPortExitCritical) for vPortExitCritical
    event_groups.o(i.xEventGroupCreate) refers to heap_4.o(i.pvPortMalloc) for pvPortMalloc
    event_groups.o(i.xEventGroupCreate) refers to list.o(i.vListInitialise) for vListInitialise
    event_groups.o(i.xEventGroupGetBitsFromISR) refers to event_groups.o(i.__set_BASEPRI) for __set_BASEPRI
    event_groups.o(i.xEventGroupSetBits) refers to tasks.o(i.vTaskSuspendAll) for vTaskSuspendAll
    event_groups.o(i.xEventGroupSetBits) refers to tasks.o(i.xTaskRemoveFromUnorderedEventList) for xTaskRemoveFromUnorderedEventList
    event_groups.o(i.xEventGroupSetBits) refers to tasks.o(i.xTaskResumeAll) for xTaskResumeAll
    event_groups.o(i.xEventGroupSync) refers to tasks.o(i.vTaskSuspendAll) for vTaskSuspendAll
    event_groups.o(i.xEventGroupSync) refers to event_groups.o(i.xEventGroupSetBits) for xEventGroupSetBits
    event_groups.o(i.xEventGroupSync) refers to tasks.o(i.vTaskPlaceOnUnorderedEventList) for vTaskPlaceOnUnorderedEventList
    event_groups.o(i.xEventGroupSync) refers to tasks.o(i.xTaskResumeAll) for xTaskResumeAll
    event_groups.o(i.xEventGroupSync) refers to tasks.o(i.uxTaskResetEventItemValue) for uxTaskResetEventItemValue
    event_groups.o(i.xEventGroupSync) refers to port_cmsis.o(i.vPortEnterCritical) for vPortEnterCritical
    event_groups.o(i.xEventGroupSync) refers to port_cmsis.o(i.vPortExitCritical) for vPortExitCritical
    event_groups.o(i.xEventGroupWaitBits) refers to tasks.o(i.vTaskSuspendAll) for vTaskSuspendAll
    event_groups.o(i.xEventGroupWaitBits) refers to event_groups.o(i.prvTestWaitCondition) for prvTestWaitCondition
    event_groups.o(i.xEventGroupWaitBits) refers to tasks.o(i.vTaskPlaceOnUnorderedEventList) for vTaskPlaceOnUnorderedEventList
    event_groups.o(i.xEventGroupWaitBits) refers to tasks.o(i.xTaskResumeAll) for xTaskResumeAll
    event_groups.o(i.xEventGroupWaitBits) refers to tasks.o(i.uxTaskResetEventItemValue) for uxTaskResetEventItemValue
    event_groups.o(i.xEventGroupWaitBits) refers to port_cmsis.o(i.vPortEnterCritical) for vPortEnterCritical
    event_groups.o(i.xEventGroupWaitBits) refers to port_cmsis.o(i.vPortExitCritical) for vPortExitCritical
    port.o(.emb_text) refers to arm_startup_nrf52.o(RESET) for __Vectors
[...]
    header_is_valid                          0x00001b2b   Thumb Code    24  fds.o(i.header_is_valid)
    i.i2c0_sync_read                         0x00001b44   Section        0  i2c.o(i.i2c0_sync_read)
    i.i2c0_sync_write                        0x00001b88   Section        0  i2c.o(i.i2c0_sync_write)
    i.i2c1_sync_read                         0x00001bac   Section        0  i2c.o(i.i2c1_sync_read)
    i.i2c_devices_init                       0x00001bf0   Section        0  i2c.o(i.i2c_devices_init)
    i.init_execute                           0x00001c78   Section        0  fds.o(i.init_execute)
    init_execute                             0x00001c79   Thumb Code   262  fds.o(i.init_execute)
    i.init_leds                              0x00001d90   Section        0  leds.o(i.init_leds)
    i.intern_softdevice_events_execute       0x00001df4   Section        0  softdevice_handler.o(i.intern_softdevice_events_execute)
    i.interrupts_enable                      0x00001e50   Section        0  nrf_drv_uart.o(i.interrupts_enable)
    interrupts_enable                        0x00001e51   Thumb Code   126  nrf_drv_uart.o(i.interrupts_enable)
    i.irq_handler                            0x00001edc   Section        0  nrf_drv_pwm.o(i.irq_handler)
    irq_handler                              0x00001edd   Thumb Code   164  nrf_drv_pwm.o(i.irq_handler)
    i.irq_handler_spim                       0x00001f80   Section        0  nrf_drv_spi.o(i.irq_handler_spim)
    irq_handler_spim                         0x00001f81   Thumb Code    36  nrf_drv_spi.o(i.irq_handler_spim)
    i.irq_handler_twim                       0x00001fa4   Section        0  nrf_drv_twi.o(i.irq_handler_twim)
    irq_handler_twim                         0x00001fa5   Thumb Code   400  nrf_drv_twi.o(i.irq_handler_twim)
    i.is_word_aligned                        0x00002134   Section        0  fds.o(i.is_word_aligned)
    is_word_aligned                          0x00002135   Thumb Code    16  fds.o(i.is_word_aligned)
    i.item_dequeue                           0x00002144   Section        0  nrf_drv_clock.o(i.item_dequeue)
    item_dequeue                             0x00002145   Thumb Code    12  nrf_drv_clock.o(i.item_dequeue)
    i.main                                   0x00002150   Section        0  main.o(i.main)
    i.nrf_bitmask_bit_is_set                 0x0000226c   Section        0  nrf_drv_gpiote.o(i.nrf_bitmask_bit_is_set)
    nrf_bitmask_bit_is_set                   0x0000226d   Thumb Code    22  nrf_drv_gpiote.o(i.nrf_bitmask_bit_is_set)
    i.nrf_clock_event_check                  0x00002282   Section        0  nrf_drv_clock.o(i.nrf_clock_event_check)
    nrf_clock_event_check                    0x00002283   Thumb Code    18  nrf_drv_clock.o(i.nrf_clock_event_check)
    i.nrf_clock_event_clear                  0x00002294   Section        0  nrf_drv_clock.o(i.nrf_clock_event_clear)
    nrf_clock_event_clear                    0x00002295   Thumb Code    18  nrf_drv_clock.o(i.nrf_clock_event_clear)
    i.nrf_clock_int_disable                  0x000022a8   Section        0  nrf_drv_clock.o(i.nrf_clock_int_disable)
    nrf_clock_int_disable                    0x000022a9   Thumb Code     6  nrf_drv_clock.o(i.nrf_clock_int_disable)
    i.nrf_delay_ms                           0x000022b4   Section        0  serial_flash.o(i.nrf_delay_ms)
    nrf_delay_ms                             0x000022b5   Thumb Code    18  serial_flash.o(i.nrf_delay_ms)
    i.nrf_delay_us                           0x000022c8   Section        0  nrf_drv_twi.o(i.nrf_delay_us)
    nrf_delay_us                             0x000022c9   Thumb Code   142  nrf_drv_twi.o(i.nrf_delay_us)
    i.nrf_delay_us                           0x00002360   Section        0  main.o(i.nrf_delay_us)
    nrf_delay_us                             0x00002361   Thumb Code   142  main.o(i.nrf_delay_us)
    i.nrf_delay_us                           0x000023f8   Section        0  serial_flash.o(i.nrf_delay_us)
    nrf_delay_us                             0x000023f9   Thumb Code   142  serial_flash.o(i.nrf_delay_us)
    i.nrf_drv_clock_init                     0x00002490   Section        0  nrf_drv_clock.o(i.nrf_drv_clock_init)
    i.nrf_drv_common_irq_disable             0x000024ec   Section        0  nrf_drv_uart.o(i.nrf_drv_common_irq_disable)
    nrf_drv_common_irq_disable               0x000024ed   Thumb Code    22  nrf_drv_uart.o(i.nrf_drv_common_irq_disable)
    i.nrf_drv_common_irq_enable              0x00002508   Section        0  nrf_drv_common.o(i.nrf_drv_common_irq_enable)
    i.nrf_drv_get_IRQn                       0x00002568   Section        0  nrf_drv_uart.o(i.nrf_drv_get_IRQn)
    nrf_drv_get_IRQn                         0x00002569   Thumb Code    10  nrf_drv_uart.o(i.nrf_drv_get_IRQn)
    i.nrf_drv_get_IRQn                       0x00002572   Section        0  nrf_drv_twi.o(i.nrf_drv_get_IRQn)
    nrf_drv_get_IRQn                         0x00002573   Thumb Code    10  nrf_drv_twi.o(i.nrf_drv_get_IRQn)
    i.nrf_drv_is_in_RAM                      0x0000257c   Section        0  nrf_drv_twi.o(i.nrf_drv_is_in_RAM)
    nrf_drv_is_in_RAM                        0x0000257d   Thumb Code    20  nrf_drv_twi.o(i.nrf_drv_is_in_RAM)
    i.nrf_drv_is_in_RAM                      0x00002590   Section        0  nrf_drv_spi.o(i.nrf_drv_is_in_RAM)
    nrf_drv_is_in_RAM                        0x00002591   Thumb Code    20  nrf_drv_spi.o(i.nrf_drv_is_in_RAM)
    i.nrf_drv_spi_init                       0x000025a4   Section        0  nrf_drv_spi.o(i.nrf_drv_spi_init)
    i.nrf_drv_spi_transfer                   0x000026fc   Section        0  nrf_drv_spi.o(i.nrf_drv_spi_transfer)
    i.nrf_drv_spi_xfer                       0x00002728   Section        0  nrf_drv_spi.o(i.nrf_drv_spi_xfer)
    i.nrf_drv_twi_enable                     0x000027a4   Section        0  nrf_drv_twi.o(i.nrf_drv_twi_enable)
    i.nrf_drv_twi_init                       0x000027c8   Section        0  nrf_drv_twi.o(i.nrf_drv_twi_init)
    i.nrf_drv_twi_rx                         0x00002864   Section        0  nrf_drv_twi.o(i.nrf_drv_twi_rx)
    i.nrf_drv_twi_tx                         0x00002890   Section        0  nrf_drv_twi.o(i.nrf_drv_twi_tx)
    i.nrf_drv_twi_xfer                       0x000028cc   Section        0  nrf_drv_twi.o(i.nrf_drv_twi_xfer)
    i.nrf_drv_uart_init                      0x000028fc   Section        0  nrf_drv_uart.o(i.nrf_drv_uart_init)
    i.nrf_drv_uart_uninit                    0x00002980   Section        0  nrf_drv_uart.o(i.nrf_drv_uart_uninit)
    i.nrf_gpio_cfg                           0x00002a0c   Section        0  nrf_drv_uart.o(i.nrf_gpio_cfg)
    nrf_gpio_cfg                             0x00002a0d   Thumb Code    40  nrf_drv_uart.o(i.nrf_gpio_cfg)
    i.nrf_gpio_cfg                           0x00002a34   Section        0  nrf_drv_spi.o(i.nrf_gpio_cfg)
    nrf_gpio_cfg                             0x00002a35   Thumb Code    40  nrf_drv_spi.o(i.nrf_gpio_cfg)
    i.nrf_gpio_cfg                           0x00002a5c   Section        0  main.o(i.nrf_gpio_cfg)
    nrf_gpio_cfg                             0x00002a5d   Thumb Code    40  main.o(i.nrf_gpio_cfg)
    i.nrf_gpio_cfg_default                   0x00002a84   Section        0  nrf_drv_uart.o(i.nrf_gpio_cfg_default)
    nrf_gpio_cfg_default                     0x00002a85   Thumb Code    24  nrf_drv_uart.o(i.nrf_gpio_cfg_default)
    i.nrf_gpio_cfg_input                     0x00002a9c   Section        0  nrf_drv_uart.o(i.nrf_gpio_cfg_input)
    nrf_gpio_cfg_input                       0x00002a9d   Thumb Code    26  nrf_drv_uart.o(i.nrf_gpio_cfg_input)
    i.nrf_gpio_cfg_output                    0x00002ab6   Section        0  nrf_drv_uart.o(i.nrf_gpio_cfg_output)
    nrf_gpio_cfg_output                      0x00002ab7   Thumb Code    24  nrf_drv_uart.o(i.nrf_gpio_cfg_output)
    i.nrf_gpio_cfg_output                    0x00002ace   Section        0  nrf_drv_spi.o(i.nrf_gpio_cfg_output)
    nrf_gpio_cfg_output                      0x00002acf   Thumb Code    24  nrf_drv_spi.o(i.nrf_gpio_cfg_output)
    i.nrf_gpio_cfg_output                    0x00002ae6   Section        0  main.o(i.nrf_gpio_cfg_output)
    nrf_gpio_cfg_output                      0x00002ae7   Thumb Code    24  main.o(i.nrf_gpio_cfg_output)
    i.nrf_gpio_cfg_sense_set                 0x00002afe   Section        0  nrf_drv_gpiote.o(i.nrf_gpio_cfg_sense_set)
    nrf_gpio_cfg_sense_set                   0x00002aff   Thumb Code    50  nrf_drv_gpiote.o(i.nrf_gpio_cfg_sense_set)
    i.nrf_gpio_pin_clear                     0x00002b30   Section        0  nrf_drv_twi.o(i.nrf_gpio_pin_clear)
    nrf_gpio_pin_clear                       0x00002b31   Thumb Code    22  nrf_drv_twi.o(i.nrf_gpio_pin_clear)
    i.nrf_gpio_pin_clear                     0x00002b46   Section        0  nrf_drv_spi.o(i.nrf_gpio_pin_clear)
    nrf_gpio_pin_clear                       0x00002b47   Thumb Code    22  nrf_drv_spi.o(i.nrf_gpio_pin_clear)
    i.nrf_gpio_pin_clear                     0x00002b5c   Section        0  leds.o(i.nrf_gpio_pin_clear)
    nrf_gpio_pin_clear                       0x00002b5d   Thumb Code    22  leds.o(i.nrf_gpio_pin_clear)
    i.nrf_gpio_pin_set                       0x00002b72   Section        0  nrf_drv_uart.o(i.nrf_gpio_pin_set)
    nrf_gpio_pin_set                         0x00002b73   Thumb Code    22  nrf_drv_uart.o(i.nrf_gpio_pin_set)
    i.nrf_gpio_pin_set                       0x00002b88   Section        0  nrf_drv_twi.o(i.nrf_gpio_pin_set)
    nrf_gpio_pin_set                         0x00002b89   Thumb Code    22  nrf_drv_twi.o(i.nrf_gpio_pin_set)
    i.nrf_gpio_pin_set                       0x00002b9e   Section        0  nrf_drv_spi.o(i.nrf_gpio_pin_set)
    nrf_gpio_pin_set                         0x00002b9f   Thumb Code    22  nrf_drv_spi.o(i.nrf_gpio_pin_set)
    i.nrf_gpio_pin_set                       0x00002bb4   Section        0  spi.o(i.nrf_gpio_pin_set)
    nrf_gpio_pin_set                         0x00002bb5   Thumb Code    22  spi.o(i.nrf_gpio_pin_set)
    i.nrf_gpio_ports_read                    0x00002bcc   Section        0  nrf_drv_gpiote.o(i.nrf_gpio_ports_read)
    nrf_gpio_ports_read                      0x00002bcd   Thumb Code    36  nrf_drv_gpiote.o(i.nrf_gpio_ports_read)
    i.nrf_gpiote_event_addr_get              0x00002bf4   Section        0  nrf_drv_gpiote.o(i.nrf_gpiote_event_addr_get)
    nrf_gpiote_event_addr_get                0x00002bf5   Thumb Code     8  nrf_drv_gpiote.o(i.nrf_gpiote_event_addr_get)
    i.nrf_gpiote_event_clear                 0x00002c00   Section        0  nrf_drv_gpiote.o(i.nrf_gpiote_event_clear)
    nrf_gpiote_event_clear                   0x00002c01   Thumb Code    28  nrf_drv_gpiote.o(i.nrf_gpiote_event_clear)
    i.nrf_gpiote_event_is_set                0x00002c1c   Section        0  nrf_drv_gpiote.o(i.nrf_gpiote_event_is_set)
    nrf_gpiote_event_is_set                  0x00002c1d   Thumb Code    22  nrf_drv_gpiote.o(i.nrf_gpiote_event_is_set)
    i.nrf_log_backend_init                   0x00002c34   Section        0  nrf_log_backend_serial.o(i.nrf_log_backend_init)
    i.nrf_log_blocking_backend_set           0x00002cb8   Section        0  nrf_log_frontend.o(i.nrf_log_blocking_backend_set)
    i.nrf_log_frontend_dequeue               0x00002cc4   Section        0  nrf_log_frontend.o(i.nrf_log_frontend_dequeue)
    i.nrf_log_frontend_std_0                 0x00002e80   Section        0  nrf_log_frontend.o(i.nrf_log_frontend_std_0)
    i.nrf_log_frontend_std_1                 0x00002ee0   Section        0  nrf_log_frontend.o(i.nrf_log_frontend_std_1)
    i.nrf_pwm_event_check                    0x00002f54   Section        0  nrf_drv_pwm.o(i.nrf_pwm_event_check)
    nrf_pwm_event_check                      0x00002f55   Thumb Code    14  nrf_drv_pwm.o(i.nrf_pwm_event_check)
    i.nrf_pwm_event_clear                    0x00002f62   Section        0  nrf_drv_pwm.o(i.nrf_pwm_event_clear)
    nrf_pwm_event_clear                      0x00002f63   Thumb Code    14  nrf_drv_pwm.o(i.nrf_pwm_event_clear)
    i.nrf_rtc_event_clear                    0x00002f70   Section        0  port_cmsis_systick.o(i.nrf_rtc_event_clear)
    nrf_rtc_event_clear                      0x00002f71   Thumb Code    14  port_cmsis_systick.o(i.nrf_rtc_event_clear)
    i.nrf_saadc_buffer_init                  0x00002f80   Section        0  nrf_drv_saadc.o(i.nrf_saadc_buffer_init)
    nrf_saadc_buffer_init                    0x00002f81   Thumb Code    10  nrf_drv_saadc.o(i.nrf_saadc_buffer_init)
    i.nrf_saadc_event_check                  0x00002f90   Section        0  nrf_drv_saadc.o(i.nrf_saadc_event_check)
    nrf_saadc_event_check                    0x00002f91   Thumb Code    16  nrf_drv_saadc.o(i.nrf_saadc_event_check)
    i.nrf_saadc_event_clear                  0x00002fa4   Section        0  nrf_drv_saadc.o(i.nrf_saadc_event_clear)
    nrf_saadc_event_clear                    0x00002fa5   Thumb Code    18  nrf_drv_saadc.o(i.nrf_saadc_event_clear)
    i.nrf_saadc_task_trigger                 0x00002fbc   Section        0  nrf_drv_saadc.o(i.nrf_saadc_task_trigger)
    nrf_saadc_task_trigger                   0x00002fbd   Thumb Code     8  nrf_drv_saadc.o(i.nrf_saadc_task_trigger)
    i.nrf_spim_event_check                   0x00002fc8   Section        0  nrf_drv_spi.o(i.nrf_spim_event_check)
    nrf_spim_event_check                     0x00002fc9   Thumb Code    14  nrf_drv_spi.o(i.nrf_spim_event_check)
    i.nrf_spim_event_clear                   0x00002fd6   Section        0  nrf_drv_spi.o(i.nrf_spim_event_clear)
    nrf_spim_event_clear                     0x00002fd7   Thumb Code    14  nrf_drv_spi.o(i.nrf_spim_event_clear)
    i.nrf_spim_int_disable                   0x00002fe4   Section        0  nrf_drv_spi.o(i.nrf_spim_int_disable)
    nrf_spim_int_disable                     0x00002fe5   Thumb Code     6  nrf_drv_spi.o(i.nrf_spim_int_disable)
    i.nrf_spim_int_enable                    0x00002fea   Section        0  nrf_drv_spi.o(i.nrf_spim_int_enable)
    nrf_spim_int_enable                      0x00002feb   Thumb Code     6  nrf_drv_spi.o(i.nrf_spim_int_enable)
    i.nrf_spim_task_trigger                  0x00002ff0   Section        0  nrf_drv_spi.o(i.nrf_spim_task_trigger)
    nrf_spim_task_trigger                    0x00002ff1   Thumb Code     6  nrf_drv_spi.o(i.nrf_spim_task_trigger)
    i.nrf_twim_errorsrc_get_and_clear        0x00002ff6   Section        0  nrf_drv_twi.o(i.nrf_twim_errorsrc_get_and_clear)
    nrf_twim_errorsrc_get_and_clear          0x00002ff7   Thumb Code    12  nrf_drv_twi.o(i.nrf_twim_errorsrc_get_and_clear)
    i.nrf_twim_event_check                   0x00003002   Section        0  nrf_drv_twi.o(i.nrf_twim_event_check)
    nrf_twim_event_check                     0x00003003   Thumb Code    14  nrf_drv_twi.o(i.nrf_twim_event_check)
    i.nrf_twim_event_clear                   0x00003010   Section        0  nrf_drv_twi.o(i.nrf_twim_event_clear)
    nrf_twim_event_clear                     0x00003011   Thumb Code    14  nrf_drv_twi.o(i.nrf_twim_event_clear)
    i.nrf_twim_int_disable                   0x0000301e   Section        0  nrf_drv_twi.o(i.nrf_twim_int_disable)
    nrf_twim_int_disable                     0x0000301f   Thumb Code     6  nrf_drv_twi.o(i.nrf_twim_int_disable)
    i.nrf_twim_int_enable                    0x00003024   Section        0  nrf_drv_twi.o(i.nrf_twim_int_enable)
    nrf_twim_int_enable                      0x00003025   Thumb Code     6  nrf_drv_twi.o(i.nrf_twim_int_enable)
    i.nrf_twim_rx_buffer_set                 0x0000302a   Section        0  nrf_drv_twi.o(i.nrf_twim_rx_buffer_set)
    nrf_twim_rx_buffer_set                   0x0000302b   Thumb Code    12  nrf_drv_twi.o(i.nrf_twim_rx_buffer_set)
    i.nrf_twim_rxd_amount_get                0x00003036   Section        0  nrf_drv_twi.o(i.nrf_twim_rxd_amount_get)
    nrf_twim_rxd_amount_get                  0x00003037   Thumb Code    10  nrf_drv_twi.o(i.nrf_twim_rxd_amount_get)
    i.nrf_twim_shorts_set                    0x00003040   Section        0  nrf_drv_twi.o(i.nrf_twim_shorts_set)
    nrf_twim_shorts_set                      0x00003041   Thumb Code     6  nrf_drv_twi.o(i.nrf_twim_shorts_set)
    i.nrf_twim_task_trigger                  0x00003046   Section        0  nrf_drv_twi.o(i.nrf_twim_task_trigger)
    nrf_twim_task_trigger                    0x00003047   Thumb Code     6  nrf_drv_twi.o(i.nrf_twim_task_trigger)
    i.nrf_twim_tx_buffer_set                 0x0000304c   Section        0  nrf_drv_twi.o(i.nrf_twim_tx_buffer_set)
    nrf_twim_tx_buffer_set                   0x0000304d   Thumb Code    12  nrf_drv_twi.o(i.nrf_twim_tx_buffer_set)
    i.nrf_twim_txd_amount_get                0x00003058   Section        0  nrf_drv_twi.o(i.nrf_twim_txd_amount_get)
    nrf_twim_txd_amount_get                  0x00003059   Thumb Code    10  nrf_drv_twi.o(i.nrf_twim_txd_amount_get)
    i.nrf_uart_errorsrc_get_and_clear        0x00003062   Section        0  nrf_drv_uart.o(i.nrf_uart_errorsrc_get_and_clear)
    nrf_uart_errorsrc_get_and_clear          0x00003063   Thumb Code    12  nrf_drv_uart.o(i.nrf_uart_errorsrc_get_and_clear)
    i.nrf_uart_event_check                   0x0000306e   Section        0  nrf_drv_uart.o(i.nrf_uart_event_check)
    nrf_uart_event_check                     0x0000306f   Thumb Code    14  nrf_drv_uart.o(i.nrf_uart_event_check)
    i.nrf_uart_event_clear                   0x0000307c   Section        0  nrf_drv_uart.o(i.nrf_uart_event_clear)
    nrf_uart_event_clear                     0x0000307d   Thumb Code    14  nrf_drv_uart.o(i.nrf_uart_event_clear)
    i.nrf_uart_hwfc_pins_set                 0x0000308a   Section        0  nrf_drv_uart.o(i.nrf_uart_hwfc_pins_set)
    nrf_uart_hwfc_pins_set                   0x0000308b   Thumb Code    10  nrf_drv_uart.o(i.nrf_uart_hwfc_pins_set)
    i.nrf_uart_int_disable                   0x00003094   Section        0  nrf_drv_uart.o(i.nrf_uart_int_disable)
    nrf_uart_int_disable                     0x00003095   Thumb Code     6  nrf_drv_uart.o(i.nrf_uart_int_disable)
    i.nrf_uart_int_enable                    0x0000309a   Section        0  nrf_drv_uart.o(i.nrf_uart_int_enable)
    nrf_uart_int_enable                      0x0000309b   Thumb Code     6  nrf_drv_uart.o(i.nrf_uart_int_enable)
    i.nrf_uart_int_enable_check              0x000030a0   Section        0  nrf_drv_uart.o(i.nrf_uart_int_enable_check)
    nrf_uart_int_enable_check                0x000030a1   Thumb Code    18  nrf_drv_uart.o(i.nrf_uart_int_enable_check)
    i.nrf_uart_task_trigger                  0x000030b2   Section        0  nrf_drv_uart.o(i.nrf_uart_task_trigger)
    nrf_uart_task_trigger                    0x000030b3   Thumb Code     6  nrf_drv_uart.o(i.nrf_uart_task_trigger)
    i.nrf_uart_txrx_pins_set                 0x000030b8   Section        0  nrf_drv_uart.o(i.nrf_uart_txrx_pins_set)
    nrf_uart_txrx_pins_set                   0x000030b9   Thumb Code    10  nrf_drv_uart.o(i.nrf_uart_txrx_pins_set)
    i.nrf_uarte_errorsrc_get_and_clear       0x000030c2   Section        0  nrf_drv_uart.o(i.nrf_uarte_errorsrc_get_and_clear)
    nrf_uarte_errorsrc_get_and_clear         0x000030c3   Thumb Code    12  nrf_drv_uart.o(i.nrf_uarte_errorsrc_get_and_clear)
    i.nrf_uarte_event_check                  0x000030ce   Section        0  nrf_drv_uart.o(i.nrf_uarte_event_check)
    nrf_uarte_event_check                    0x000030cf   Thumb Code    14  nrf_drv_uart.o(i.nrf_uarte_event_check)
    i.nrf_uarte_event_clear                  0x000030dc   Section        0  nrf_drv_uart.o(i.nrf_uarte_event_clear)
    nrf_uarte_event_clear                    0x000030dd   Thumb Code    14  nrf_drv_uart.o(i.nrf_uarte_event_clear)
    i.nrf_uarte_hwfc_pins_set                0x000030ea   Section        0  nrf_drv_uart.o(i.nrf_uarte_hwfc_pins_set)
    nrf_uarte_hwfc_pins_set                  0x000030eb   Thumb Code    12  nrf_drv_uart.o(i.nrf_uarte_hwfc_pins_set)
    i.nrf_uarte_int_disable                  0x000030f6   Section        0  nrf_drv_uart.o(i.nrf_uarte_int_disable)
    nrf_uarte_int_disable                    0x000030f7   Thumb Code     6  nrf_drv_uart.o(i.nrf_uarte_int_disable)
    i.nrf_uarte_int_enable                   0x000030fc   Section        0  nrf_drv_uart.o(i.nrf_uarte_int_enable)
    nrf_uarte_int_enable                     0x000030fd   Thumb Code     6  nrf_drv_uart.o(i.nrf_uarte_int_enable)
    i.nrf_uarte_rx_amount_get                0x00003102   Section        0  nrf_drv_uart.o(i.nrf_uarte_rx_amount_get)
    nrf_uarte_rx_amount_get                  0x00003103   Thumb Code    10  nrf_drv_uart.o(i.nrf_uarte_rx_amount_get)
    i.nrf_uarte_txrx_pins_set                0x0000310c   Section        0  nrf_drv_uart.o(i.nrf_uarte_txrx_pins_set)
    nrf_uarte_txrx_pins_set                  0x0000310d   Thumb Code    14  nrf_drv_uart.o(i.nrf_uarte_txrx_pins_set)
    i.page_from_record                       0x0000311c   Section        0  fds.o(i.page_from_record)
    page_from_record                         0x0000311d   Thumb Code    58  fds.o(i.page_from_record)
    i.page_offsets_update                    0x0000315c   Section        0  fds.o(i.page_offsets_update)
    page_offsets_update                      0x0000315d   Thumb Code    18  fds.o(i.page_offsets_update)
    i.page_tag_write_data                    0x00003170   Section        0  fds.o(i.page_tag_write_data)
    page_tag_write_data                      0x00003171   Thumb Code    22  fds.o(i.page_tag_write_data)
    i.page_tag_write_swap                    0x00003190   Section        0  fds.o(i.page_tag_write_swap)
    page_tag_write_swap                      0x00003191   Thumb Code    22  fds.o(i.page_tag_write_swap)
    i.pins_to_default                        0x000031b4   Section        0  nrf_drv_uart.o(i.pins_to_default)
    pins_to_default                          0x000031b5   Thumb Code   208  nrf_drv_uart.o(i.pins_to_default)
    i.prvResetNextTaskUnblockTime            0x00003288   Section        0  tasks.o(i.prvResetNextTaskUnblockTime)
    prvResetNextTaskUnblockTime              0x00003289   Thumb Code    42  tasks.o(i.prvResetNextTaskUnblockTime)
    i.queue_advance                          0x000032bc   Section        0  fds.o(i.queue_advance)
    queue_advance                            0x000032bd   Thumb Code    66  fds.o(i.queue_advance)
    i.queue_get_next_free                    0x00003304   Section        0  fstorage.o(i.queue_get_next_free)
    queue_get_next_free                      0x00003305   Thumb Code    98  fstorage.o(i.queue_get_next_free)
    i.queue_process                          0x0000336c   Section        0  fds.o(i.queue_process)
    queue_process                            0x0000336d   Thumb Code   158  fds.o(i.queue_process)
    i.queue_process                          0x00003410   Section        0  fstorage.o(i.queue_process)
    queue_process                            0x00003411   Thumb Code   100  fstorage.o(i.queue_process)
    i.queue_start                            0x0000347c   Section        0  fstorage.o(i.queue_start)
    queue_start                              0x0000347d   Thumb Code    40  fstorage.o(i.queue_start)
    i.record_find                            0x000034a8   Section        0  fds.o(i.record_find)
    record_find                              0x000034a9   Thumb Code   128  fds.o(i.record_find)
    i.record_find_and_delete                 0x00003530   Section        0  fds.o(i.record_find_and_delete)
    record_find_and_delete                   0x00003531   Thumb Code    58  fds.o(i.record_find_and_delete)
    i.record_find_by_desc                    0x0000356c   Section        0  fds.o(i.record_find_by_desc)
    record_find_by_desc                      0x0000356d   Thumb Code   118  fds.o(i.record_find_by_desc)
    i.record_find_next                       0x000035e8   Section        0  fds.o(i.record_find_next)
    record_find_next                         0x000035e9   Thumb Code    92  fds.o(i.record_find_next)
    i.record_header_flag_dirty               0x00003648   Section        0  fds.o(i.record_header_flag_dirty)
    record_header_flag_dirty                 0x00003649   Thumb Code    44  fds.o(i.record_header_flag_dirty)
    i.record_header_write_begin              0x00003680   Section        0  fds.o(i.record_header_write_begin)
    record_header_write_begin                0x00003681   Thumb Code    38  fds.o(i.record_header_write_begin)
    i.record_header_write_finalize           0x000036ac   Section        0  fds.o(i.record_header_write_finalize)
    record_header_write_finalize             0x000036ad   Thumb Code    50  fds.o(i.record_header_write_finalize)
    i.record_header_write_id                 0x000036e4   Section        0  fds.o(i.record_header_write_id)
    record_header_write_id                   0x000036e5   Thumb Code    50  fds.o(i.record_header_write_id)
    i.record_write_chunk                     0x0000371c   Section        0  fds.o(i.record_write_chunk)
    record_write_chunk                       0x0000371d   Thumb Code    74  fds.o(i.record_write_chunk)
    i.rtc_init                               0x0000376c   Section        0  rtc.o(i.rtc_init)
    i.rtc_read                               0x000037ae   Section        0  rtc.o(i.rtc_read)
    i.rtc_write                              0x000037f0   Section        0  rtc.o(i.rtc_write)
    i.rx_byte                                0x0000383a   Section        0  nrf_drv_uart.o(i.rx_byte)
    rx_byte                                  0x0000383b   Thumb Code    62  nrf_drv_uart.o(i.rx_byte)
    i.rx_done_event                          0x00003878   Section        0  nrf_drv_uart.o(i.rx_done_event)
    rx_done_event                            0x00003879   Thumb Code    30  nrf_drv_uart.o(i.rx_done_event)
    i.send_event                             0x00003896   Section        0  fstorage.o(i.send_event)
    send_event                               0x00003897   Thumb Code    92  fstorage.o(i.send_event)
    i.serial_flash_get_status                0x000038f2   Section        0  serial_flash.o(i.serial_flash_get_status)
    i.serial_flash_read_data                 0x00003984   Section        0  serial_flash.o(i.serial_flash_read_data)
    i.serial_flash_sector_erase              0x00003a18   Section        0  serial_flash.o(i.serial_flash_sector_erase)
    i.serial_flash_txrx                      0x00003aa4   Section        0  serial_flash.o(i.serial_flash_txrx)
    serial_flash_txrx                        0x00003aa5   Thumb Code    46  serial_flash.o(i.serial_flash_txrx)
    i.serial_flash_write_control             0x00003ad2   Section        0  serial_flash.o(i.serial_flash_write_control)
    i.serial_flash_write_data                0x00003b18   Section        0  serial_flash.o(i.serial_flash_write_data)
    i.set_instruction                        0x00003bdc   Section        0  serial_flash.o(i.set_instruction)
    set_instruction                          0x00003bdd   Thumb Code     4  serial_flash.o(i.set_instruction)
    i.set_led                                0x00003be0   Section        0  leds.o(i.set_led)
    i.spi2_devices_init                      0x00003c1c   Section        0  spi.o(i.spi2_devices_init)
    i.spi2_sync_txrx                         0x00003cb0   Section        0  spi.o(i.spi2_sync_txrx)
    i.spim_xfer                              0x00003cf8   Section        0  nrf_drv_spi.o(i.spim_xfer)
    spim_xfer                                0x00003cf9   Thumb Code   258  nrf_drv_spi.o(i.spim_xfer)
    i.store_execute                          0x00003dfa   Section        0  fstorage.o(i.store_execute)
    store_execute                            0x00003dfb   Thumb Code    50  fstorage.o(i.store_execute)
    i.twi_clear_bus                          0x00003e2c   Section        0  nrf_drv_twi.o(i.twi_clear_bus)
    twi_clear_bus                            0x00003e2d   Thumb Code   146  nrf_drv_twi.o(i.twi_clear_bus)
    i.twi_process_error                      0x00003ec4   Section        0  nrf_drv_twi.o(i.twi_process_error)
    twi_process_error                        0x00003ec5   Thumb Code    36  nrf_drv_twi.o(i.twi_process_error)
    i.twim_xfer                              0x00003ee8   Section        0  nrf_drv_twi.o(i.twim_xfer)
    twim_xfer                                0x00003ee9   Thumb Code   672  nrf_drv_twi.o(i.twim_xfer)
    i.tx_byte                                0x0000418c   Section        0  nrf_drv_uart.o(i.tx_byte)
    tx_byte                                  0x0000418d   Thumb Code    38  nrf_drv_uart.o(i.tx_byte)
    i.tx_done_event                          0x000041b2   Section        0  nrf_drv_uart.o(i.tx_done_event)
    tx_done_event                            0x000041b3   Thumb Code    34  nrf_drv_uart.o(i.tx_done_event)
    i.uart_event_handler                     0x000041d4   Section        0  nrf_log_backend_serial.o(i.uart_event_handler)
    uart_event_handler                       0x000041d5   Thumb Code    12  nrf_log_backend_serial.o(i.uart_event_handler)
    i.uart_irq_handler                       0x000041e4   Section        0  nrf_drv_uart.o(i.uart_irq_handler)
    uart_irq_handler                         0x000041e5   Thumb Code   322  nrf_drv_uart.o(i.uart_irq_handler)
    i.uarte_irq_handler                      0x00004326   Section        0  nrf_drv_uart.o(i.uarte_irq_handler)
    uarte_irq_handler                        0x00004327   Thumb Code   268  nrf_drv_uart.o(i.uarte_irq_handler)
    i.uxListRemove                           0x00004432   Section        0  list.o(i.uxListRemove)
    i.vApplicationStackOverflowHook          0x0000445a   Section        0  main.o(i.vApplicationStackOverflowHook)
    i.vListInsertEnd                         0x0000446c   Section        0  list.o(i.vListInsertEnd)
    i.vTaskSwitchContext                     0x00004484   Section        0  tasks.o(i.vTaskSwitchContext)
    i.write_execute                          0x00004504   Section        0  fds.o(i.write_execute)
    write_execute                            0x00004505   Thumb Code   178  fds.o(i.write_execute)
    i.xTaskGetSchedulerState                 0x000045c4   Section        0  tasks.o(i.xTaskGetSchedulerState)
    i.xTaskGetTickCount                      0x000045e4   Section        0  tasks.o(i.xTaskGetTickCount)
    i.xTaskIncrementTick                     0x000045f0   Section        0  tasks.o(i.xTaskIncrementTick)
    .constdata                               0x000046f8   Section       71  nrf_drv_gpiote.o(.constdata)
    __func__                                 0x000046fc   Data          20  nrf_drv_gpiote.o(.constdata)
    __func__                                 0x00004710   Data          24  nrf_drv_gpiote.o(.constdata)
    __func__                                 0x00004728   Data          23  nrf_drv_gpiote.o(.constdata)
    .constdata                               0x00004740   Section       56  nrf_drv_twi.o(.constdata)
    __func__                                 0x00004740   Data          17  nrf_drv_twi.o(.constdata)
    __func__                                 0x00004751   Data          10  nrf_drv_twi.o(.constdata)
    __func__                                 0x0000475b   Data          17  nrf_drv_twi.o(.constdata)
    .constdata                               0x00004778   Section       20  fds.o(.constdata)
    m_fds_tl_dirty                           0x00004778   Data           4  fds.o(.constdata)
    page_tag_swap                            0x0000477c   Data           8  fds.o(.constdata)
    page_tag_data                            0x00004784   Data           8  fds.o(.constdata)
    .constdata                               0x0000478c   Section       40  nrf_log_backend_serial.o(.constdata)
    m_default_color                          0x0000478c   Data           5  nrf_log_backend_serial.o(.constdata)
    .constdata                               0x000047b4   Section       36  nrf_log_frontend.o(.constdata)
    .constdata                               0x000047d8   Section       48  i2c.o(.constdata)
    m_twi0                                   0x000047d8   Data           8  i2c.o(.constdata)
    m_twi1                                   0x000047e0   Data           8  i2c.o(.constdata)
    .constdata                               0x00004808   Section       24  spi.o(.constdata)
    spi                                      0x00004808   Data           8  spi.o(.constdata)
    .conststring                             0x00004820   Section       11  nrf_log_frontend.o(.conststring)
    .data                                    0x20000000   Section       60  tasks.o(.data)
    pxDelayedTaskList                        0x20000004   Data           4  tasks.o(.data)
    pxOverflowDelayedTaskList                0x20000008   Data           4  tasks.o(.data)
    uxTasksDeleted                           0x2000000c   Data           4  tasks.o(.data)
    xIdleTaskHandle                          0x20000010   Data           4  tasks.o(.data)
    uxCurrentNumberOfTasks                   0x20000014   Data           4  tasks.o(.data)
    xTickCount                               0x20000018   Data           4  tasks.o(.data)
    uxTopReadyPriority                       0x2000001c   Data           4  tasks.o(.data)
    xSchedulerRunning                        0x20000020   Data           4  tasks.o(.data)
    uxPendedTicks                            0x20000024   Data           4  tasks.o(.data)
    xYieldPending                            0x20000028   Data           4  tasks.o(.data)
    xNumOfOverflows                          0x2000002c   Data           4  tasks.o(.data)
    uxTaskNumber                             0x20000030   Data           4  tasks.o(.data)
    xNextTaskUnblockTime                     0x20000034   Data           4  tasks.o(.data)
    uxSchedulerSuspended                     0x20000038   Data           4  tasks.o(.data)
    .data                                    0x2000003c   Section        4  app_util_platform.o(.data)
    m_in_critical_region                     0x2000003c   Data           4  app_util_platform.o(.data)
    .data                                    0x20000040   Section       26  fds.o(.data)
    m_flags                                  0x20000040   Data           1  fds.o(.data)
    m_users                                  0x20000041   Data           1  fds.o(.data)
    m_latest_rec_id                          0x20000044   Data           4  fds.o(.data)
    m_swap_page                              0x20000048   Data           8  fds.o(.data)
    tok                                      0x20000050   Data           8  fds.o(.data)
    page                                     0x20000058   Data           2  fds.o(.data)
    .data                                    0x2000005a   Section        2  fstorage.o(.data)
    m_flags                                  0x2000005a   Data           1  fstorage.o(.data)
    m_retry_count                            0x2000005b   Data           1  fstorage.o(.data)
    .data                                    0x2000005c   Section       11  nrf_log_backend_serial.o(.data)
    m_uart                                   0x2000005c   Data           8  nrf_log_backend_serial.o(.data)
    m_initialized                            0x20000064   Data           1  nrf_log_backend_serial.o(.data)
    m_blocking_mode                          0x20000065   Data           1  nrf_log_backend_serial.o(.data)
    m_rx_done                                0x20000066   Data           1  nrf_log_backend_serial.o(.data)
    .data                                    0x20000068   Section        4  nrf_log_frontend.o(.data)
    m_overflow_info                          0x20000068   Data           4  nrf_log_frontend.o(.data)
    .data                                    0x2000006c   Section       10  softdevice_handler.o(.data)
    m_evt_schedule_func                      0x2000006c   Data           4  softdevice_handler.o(.data)
    m_sys_evt_handler                        0x20000070   Data           4  softdevice_handler.o(.data)
    m_softdevice_enabled                     0x20000074   Data           1  softdevice_handler.o(.data)
    m_suspended                              0x20000075   Data           1  softdevice_handler.o(.data)
    .data                                    0x20000076   Section        3  i2c.o(.data)
    twiInitialized                           0x20000076   Data           1  i2c.o(.data)
    twi0XferCompleted                        0x20000077   Data           1  i2c.o(.data)
    twi1XferCompleted                        0x20000078   Data           1  i2c.o(.data)
    .data                                    0x20000079   Section        8  leds.o(.data)
    ledsInitialized                          0x20000080   Data           1  leds.o(.data)
    .data                                    0x20000084   Section        4  system_nrf52.o(.data)
    __tagsym$$used                           0x20000084   Number         0  system_nrf52.o(.data)
    fs_data                                  0x20000088   Section       16  fds.o(fs_data)
    __tagsym$$used                           0x20000088   Number         0  fds.o(fs_data)
    fs_config                                0x20000088   Data          16  fds.o(fs_data)
    .bss                                     0x20000098   Section      160  tasks.o(.bss)
    pxReadyTasksLists                        0x20000098   Data          60  tasks.o(.bss)
    xDelayedTaskList1                        0x200000d4   Data          20  tasks.o(.bss)
    xDelayedTaskList2                        0x200000e8   Data          20  tasks.o(.bss)
    xPendingReadyList                        0x200000fc   Data          20  tasks.o(.bss)
    xTasksWaitingTermination                 0x20000110   Data          20  tasks.o(.bss)
    xSuspendedTaskList                       0x20000124   Data          20  tasks.o(.bss)
    .bss                                     0x20000138   Section       20  nrf_drv_clock.o(.bss)
    m_clock_cb                               0x20000138   Data          20  nrf_drv_clock.o(.bss)
    .bss                                     0x2000014c   Section       88  nrf_drv_gpiote.o(.bss)
    m_cb                                     0x2000014c   Data          88  nrf_drv_gpiote.o(.bss)
    .bss                                     0x200001a4   Section       32  nrf_drv_uart.o(.bss)
    m_cb                                     0x200001a4   Data          32  nrf_drv_uart.o(.bss)
    .bss                                     0x200001c4   Section       80  nrf_drv_twi.o(.bss)
    m_cb                                     0x200001c4   Data          80  nrf_drv_twi.o(.bss)
    .bss                                     0x20000214   Section       48  nrf_drv_saadc.o(.bss)
    m_cb                                     0x20000214   Data          48  nrf_drv_saadc.o(.bss)
    .bss                                     0x20000244   Section       36  nrf_drv_spi.o(.bss)
    m_cb                                     0x20000244   Data          36  nrf_drv_spi.o(.bss)
    .bss                                     0x20000268   Section       24  nrf_drv_pwm.o(.bss)
    m_cb                                     0x20000268   Data          24  nrf_drv_pwm.o(.bss)
    .bss                                     0x20000280   Section      284  fds.o(.bss)
    m_cb_table                               0x20000280   Data          32  fds.o(.bss)
    m_op_queue                               0x200002a0   Data         120  fds.o(.bss)
    m_chunk_queue                            0x20000318   Data          72  fds.o(.bss)
    m_pages                                  0x20000360   Data          32  fds.o(.bss)
    m_gc                                     0x20000380   Data          16  fds.o(.bss)
    desc                                     0x20000390   Data          12  fds.o(.bss)
    .bss                                     0x2000039c   Section      104  fstorage.o(.bss)
    m_queue                                  0x2000039c   Data         104  fstorage.o(.bss)
    .bss                                     0x20000404   Section     1048  nrf_log_frontend.o(.bss)
    m_log_data                               0x20000404   Data        1048  nrf_log_frontend.o(.bss)
    .bss                                     0x2000081c   Section      976  serial_flash.o(.bss)
    spiTxBufGlobal                           0x2000081c   Data         248  serial_flash.o(.bss)
    spiRxBufGlobal                           0x20000914   Data         248  serial_flash.o(.bss)
    STACK                                    0x20000bf0   Section     2048  arm_startup_nrf52.o(STACK)

    Global Symbols

    Symbol Name                              Value     Ov Type        Size  Object(Section)

    BuildAttributes$$THM_ISAv4$E$P$D$K$B$S$7EM$VFPi3$EXTD16$VFPS$VFMA$PE$A:L22UL41UL21$X:L11$S22US41US21$IEEE1$IW$USESV6$~STKCKD$USESV7$~SHL$OSPACE$ROPI$EBA8$MICROLIB$REQ8$PRES8$EABIv2 0x00000000   Number         0  anon$$obj.o ABSOLUTE
    __ARM_use_no_argv                        0x00000000   Number         0  main.o ABSOLUTE
    __Vectors                                0x00000000   Data           4  arm_startup_nrf52.o(RESET)
    _printf_a                                0x00000000   Number         0  stubs.o ABSOLUTE
    _printf_c                                0x00000000   Number         0  stubs.o ABSOLUTE
    _printf_charcount                        0x00000000   Number         0  stubs.o ABSOLUTE
    _printf_d                                0x00000000   Number         0  stubs.o ABSOLUTE
    _printf_e                                0x00000000   Number         0  stubs.o ABSOLUTE
    _printf_f                                0x00000000   Number         0  stubs.o ABSOLUTE
    _printf_flags                            0x00000000   Number         0  stubs.o ABSOLUTE
    _printf_fp_dec                           0x00000000   Number         0  stubs.o ABSOLUTE
    _printf_fp_hex                           0x00000000   Number         0  stubs.o ABSOLUTE
    _printf_g                                0x00000000   Number         0  stubs.o ABSOLUTE
    _printf_i                                0x00000000   Number         0  stubs.o ABSOLUTE
    _printf_int_dec                          0x00000000   Number         0  stubs.o ABSOLUTE
    _printf_l                                0x00000000   Number         0  stubs.o ABSOLUTE
    _printf_lc                               0x00000000   Number         0  stubs.o ABSOLUTE
    _printf_ll                               0x00000000   Number         0  stubs.o ABSOLUTE
    _printf_lld                              0x00000000   Number         0  stubs.o ABSOLUTE
    _printf_lli                              0x00000000   Number         0  stubs.o ABSOLUTE
    _printf_llo                              0x00000000   Number         0  stubs.o ABSOLUTE
    _printf_llu                              0x00000000   Number         0  stubs.o ABSOLUTE
    _printf_llx                              0x00000000   Number         0  stubs.o ABSOLUTE
    _printf_longlong_dec                     0x00000000   Number         0  stubs.o ABSOLUTE
    _printf_longlong_hex                     0x00000000   Number         0  stubs.o ABSOLUTE
    _printf_longlong_oct                     0x00000000   Number         0  stubs.o ABSOLUTE
    _printf_ls                               0x00000000   Number         0  stubs.o ABSOLUTE
    _printf_mbtowc                           0x00000000   Number         0  stubs.o ABSOLUTE
    _printf_n                                0x00000000   Number         0  stubs.o ABSOLUTE
    _printf_o                                0x00000000   Number         0  stubs.o ABSOLUTE
    _printf_p                                0x00000000   Number         0  stubs.o ABSOLUTE
    _printf_percent                          0x00000000   Number         0  stubs.o ABSOLUTE
    _printf_pre_padding                      0x00000000   Number         0  stubs.o ABSOLUTE
    _printf_return_value                     0x00000000   Number         0  stubs.o ABSOLUTE
    _printf_s                                0x00000000   Number         0  stubs.o ABSOLUTE
    _printf_sizespec                         0x00000000   Number         0  stubs.o ABSOLUTE
    _printf_str                              0x00000000   Number         0  stubs.o ABSOLUTE
    _printf_truncate_signed                  0x00000000   Number         0  stubs.o ABSOLUTE
    _printf_truncate_unsigned                0x00000000   Number         0  stubs.o ABSOLUTE
    _printf_u                                0x00000000   Number         0  stubs.o ABSOLUTE
    _printf_wc                               0x00000000   Number         0  stubs.o ABSOLUTE
    _printf_wctomb                           0x00000000   Number         0  stubs.o ABSOLUTE
    _printf_widthprec                        0x00000000   Number         0  stubs.o ABSOLUTE
    _printf_x                                0x00000000   Number         0  stubs.o ABSOLUTE
    __cpp_initialize__aeabi_                  - Undefined Weak Reference
    __cxa_finalize                            - Undefined Weak Reference
    __decompress                              - Undefined Weak Reference
    _clock_init                               - Undefined Weak Reference
    _microlib_exit                            - Undefined Weak Reference
    __Vectors_End                            0x00000400   Data           0  arm_startup_nrf52.o(RESET)
    __Vectors_Size                           0x00000400   Number         0  arm_startup_nrf52.o ABSOLUTE
    __main                                   0x00000401   Thumb Code     0  entry.o(.ARM.Collect$$$$00000000)
    _main_stk                                0x00000401   Thumb Code     0  entry2.o(.ARM.Collect$$$$00000001)
    _main_scatterload                        0x00000405   Thumb Code     0  entry5.o(.ARM.Collect$$$$00000004)
    __main_after_scatterload                 0x00000409   Thumb Code     0  entry5.o(.ARM.Collect$$$$00000004)
    _main_clock                              0x00000409   Thumb Code     0  entry7b.o(.ARM.Collect$$$$00000008)
    _main_cpp_init                           0x00000409   Thumb Code     0  entry8b.o(.ARM.Collect$$$$0000000A)
    _main_init                               0x00000409   Thumb Code     0  entry9a.o(.ARM.Collect$$$$0000000B)
    __rt_final_cpp                           0x00000411   Thumb Code     0  entry10a.o(.ARM.Collect$$$$0000000D)
    __rt_final_exit                          0x00000411   Thumb Code     0  entry11a.o(.ARM.Collect$$$$0000000F)
    SVC_Handler                              0x00000415   Thumb Code    28  port.o(.emb_text)
    vPortStartFirstTask                      0x00000435   Thumb Code    24  port.o(.emb_text)
    PendSV_Handler                           0x00000451   Thumb Code    88  port.o(.emb_text)
    HardFault_Handler                        0x000004ad   Thumb Code    40  hardfault_handler_keil.o(.emb_text)
    Reset_Handler                            0x000004e1   Thumb Code     8  arm_startup_nrf52.o(.text)
    NMI_Handler                              0x000004e9   Thumb Code     2  arm_startup_nrf52.o(.text)
    MemoryManagement_Handler                 0x000004ed   Thumb Code     2  arm_startup_nrf52.o(.text)
    BusFault_Handler                         0x000004ef   Thumb Code     2  arm_startup_nrf52.o(.text)
    UsageFault_Handler                       0x000004f1   Thumb Code     2  arm_startup_nrf52.o(.text)
    DebugMon_Handler                         0x000004f5   Thumb Code     2  arm_startup_nrf52.o(.text)
    SysTick_Handler                          0x000004f9   Thumb Code     2  arm_startup_nrf52.o(.text)
    CCM_AAR_IRQHandler                       0x000004fb   Thumb Code     0  arm_startup_nrf52.o(.text)
    COMP_LPCOMP_IRQHandler                   0x000004fb   Thumb Code     0  arm_startup_nrf52.o(.text)
    ECB_IRQHandler                           0x000004fb   Thumb Code     0  arm_startup_nrf52.o(.text)
    FPU_IRQHandler                           0x000004fb   Thumb Code     0  arm_startup_nrf52.o(.text)
    I2S_IRQHandler                           0x000004fb   Thumb Code     0  arm_startup_nrf52.o(.text)
    MWU_IRQHandler                           0x000004fb   Thumb Code     0  arm_startup_nrf52.o(.text)
    NFCT_IRQHandler                          0x000004fb   Thumb Code     0  arm_startup_nrf52.o(.text)
    PDM_IRQHandler                           0x000004fb   Thumb Code     0  arm_startup_nrf52.o(.text)
    QDEC_IRQHandler                          0x000004fb   Thumb Code     0  arm_startup_nrf52.o(.text)
    RADIO_IRQHandler                         0x000004fb   Thumb Code     0  arm_startup_nrf52.o(.text)
    RNG_IRQHandler                           0x000004fb   Thumb Code     0  arm_startup_nrf52.o(.text)
    RTC0_IRQHandler                          0x000004fb   Thumb Code     0  arm_startup_nrf52.o(.text)
    RTC2_IRQHandler                          0x000004fb   Thumb Code     0  arm_startup_nrf52.o(.text)
    SWI0_EGU0_IRQHandler                     0x000004fb   Thumb Code     0  arm_startup_nrf52.o(.text)
    SWI1_EGU1_IRQHandler                     0x000004fb   Thumb Code     0  arm_startup_nrf52.o(.text)
    SWI3_EGU3_IRQHandler                     0x000004fb   Thumb Code     0  arm_startup_nrf52.o(.text)
    SWI4_EGU4_IRQHandler                     0x000004fb   Thumb Code     0  arm_startup_nrf52.o(.text)
    SWI5_EGU5_IRQHandler                     0x000004fb   Thumb Code     0  arm_startup_nrf52.o(.text)
    TEMP_IRQHandler                          0x000004fb   Thumb Code     0  arm_startup_nrf52.o(.text)
    TIMER0_IRQHandler                        0x000004fb   Thumb Code     0  arm_startup_nrf52.o(.text)
    TIMER1_IRQHandler                        0x000004fb   Thumb Code     0  arm_startup_nrf52.o(.text)
    TIMER2_IRQHandler                        0x000004fb   Thumb Code     0  arm_startup_nrf52.o(.text)
    TIMER3_IRQHandler                        0x000004fb   Thumb Code     0  arm_startup_nrf52.o(.text)
    TIMER4_IRQHandler                        0x000004fb   Thumb Code     0  arm_startup_nrf52.o(.text)
    WDT_IRQHandler                           0x000004fb   Thumb Code     0  arm_startup_nrf52.o(.text)
    __aeabi_memcpy                           0x00000505   Thumb Code    36  memcpya.o(.text)
    __aeabi_memcpy4                          0x00000505   Thumb Code     0  memcpya.o(.text)
    __aeabi_memcpy8                          0x00000505   Thumb Code     0  memcpya.o(.text)
    __aeabi_memset                           0x00000529   Thumb Code    14  memseta.o(.text)
    __aeabi_memset4                          0x00000529   Thumb Code     0  memseta.o(.text)
    __aeabi_memset8                          0x00000529   Thumb Code     0  memseta.o(.text)
    __aeabi_memclr                           0x00000537   Thumb Code     4  memseta.o(.text)
    __aeabi_memclr4                          0x00000537   Thumb Code     0  memseta.o(.text)
    __aeabi_memclr8                          0x00000537   Thumb Code     0  memseta.o(.text)
    _memset$wrapper                          0x0000053b   Thumb Code    18  memseta.o(.text)
    __scatterload                            0x0000054d   Thumb Code    28  init.o(.text)
    __scatterload_rt2                        0x0000054d   Thumb Code     0  init.o(.text)
    GPIOTE_IRQHandler                        0x00000571   Thumb Code   554  nrf_drv_gpiote.o(i.GPIOTE_IRQHandler)
    HardFault_c_handler                      0x000007a9   Thumb Code    40  hardfault_implementation.o(i.HardFault_c_handler)
    HardFault_process                        0x000007f5   Thumb Code    60  hardfault_implementation.o(i.HardFault_process)
    POWER_CLOCK_IRQHandler                   0x00000879   Thumb Code    74  nrf_drv_clock.o(i.POWER_CLOCK_IRQHandler)
    PWM0_IRQHandler                          0x000008c9   Thumb Code    12  nrf_drv_pwm.o(i.PWM0_IRQHandler)
    PWM1_IRQHandler                          0x000008dd   Thumb Code    12  nrf_drv_pwm.o(i.PWM1_IRQHandler)
    PWM2_IRQHandler                          0x000008f1   Thumb Code    12  nrf_drv_pwm.o(i.PWM2_IRQHandler)
    RTC1_IRQHandler                          0x00000905   Thumb Code   116  port_cmsis_systick.o(i.RTC1_IRQHandler)
    SAADC_IRQHandler                         0x00000985   Thumb Code   456  nrf_drv_saadc.o(i.SAADC_IRQHandler)
    SPIM0_SPIS0_TWIM0_TWIS0_SPI0_TWI0_IRQHandler 0x00000b51   Thumb Code    12  nrf_drv_twi.o(i.SPIM0_SPIS0_TWIM0_TWIS0_SPI0_TWI0_IRQHandler)
    SPIM1_SPIS1_TWIM1_TWIS1_SPI1_TWI1_IRQHandler 0x00000b65   Thumb Code    14  nrf_drv_twi.o(i.SPIM1_SPIS1_TWIM1_TWIS1_SPI1_TWI1_IRQHandler)
    SPIM2_SPIS2_SPI2_IRQHandler              0x00000b79   Thumb Code    14  nrf_drv_spi.o(i.SPIM2_SPIS2_SPI2_IRQHandler)
    SWI2_EGU2_IRQHandler                     0x00000b91   Thumb Code    42  softdevice_handler.o(i.SWI2_EGU2_IRQHandler)
    SystemCoreClockUpdate                    0x00000bc1   Thumb Code     8  system_nrf52.o(i.SystemCoreClockUpdate)
    SystemInit                               0x00000bd1   Thumb Code   546  system_nrf52.o(i.SystemInit)
    UARTE0_UART0_IRQHandler                  0x00000e29   Thumb Code    28  nrf_drv_uart.o(i.UARTE0_UART0_IRQHandler)
    __scatterload_copy                       0x00000e4d   Thumb Code    14  handlers.o(i.__scatterload_copy)
    __scatterload_null                       0x00000e5b   Thumb Code     2  handlers.o(i.__scatterload_null)
    __scatterload_zeroinit                   0x00000e5d   Thumb Code    14  handlers.o(i.__scatterload_zeroinit)
    accel_magnet_read                        0x00000e73   Thumb Code    70  accel_mag.o(i.accel_magnet_read)
    accelerometer_whoami                     0x00000eb9   Thumb Code    36  accel_mag.o(i.accelerometer_whoami)
    app_error_fault_handler                  0x00000f09   Thumb Code    98  app_error_weak.o(i.app_error_fault_handler)
    app_error_handler_bare                   0x00000fa1   Thumb Code    28  app_error.o(i.app_error_handler_bare)
    app_util_critical_region_enter           0x00000fbd   Thumb Code    10  app_util_platform.o(i.app_util_critical_region_enter)
    app_util_critical_region_exit            0x00000fc7   Thumb Code    10  app_util_platform.o(i.app_util_critical_region_exit)
    app_util_disable_irq                     0x00000fd1   Thumb Code    14  app_util_platform.o(i.app_util_disable_irq)
    app_util_enable_irq                      0x00000fe5   Thumb Code    20  app_util_platform.o(i.app_util_enable_irq)
    buffer_is_empty                          0x00001171   Thumb Code    20  nrf_log_frontend.o(i.buffer_is_empty)
    clear_led                                0x00001221   Thumb Code    24  leds.o(i.clear_led)
    demo_flash_read_write_read               0x000012d5   Thumb Code   180  serial_flash.o(i.demo_flash_read_write_read)
    fs_erase                                 0x000016b9   Thumb Code   124  fstorage.o(i.fs_erase)
    fs_store                                 0x00001749   Thumb Code   142  fstorage.o(i.fs_store)
    gyro_read                                0x00001ac1   Thumb Code    70  gyro.o(i.gyro_read)
    gyro_whoami                              0x00001b07   Thumb Code    36  gyro.o(i.gyro_whoami)
    i2c0_sync_read                           0x00001b45   Thumb Code    64  i2c.o(i.i2c0_sync_read)
    i2c0_sync_write                          0x00001b89   Thumb Code    32  i2c.o(i.i2c0_sync_write)
    i2c1_sync_read                           0x00001bad   Thumb Code    64  i2c.o(i.i2c1_sync_read)
    i2c_devices_init                         0x00001bf1   Thumb Code   118  i2c.o(i.i2c_devices_init)
    init_leds                                0x00001d91   Thumb Code    90  leds.o(i.init_leds)
    intern_softdevice_events_execute         0x00001df5   Thumb Code    78  softdevice_handler.o(i.intern_softdevice_events_execute)
    main                                     0x00002151   Thumb Code   284  main.o(i.main)
    nrf_drv_clock_init                       0x00002491   Thumb Code    84  nrf_drv_clock.o(i.nrf_drv_clock_init)
    nrf_drv_common_irq_enable                0x00002509   Thumb Code    84  nrf_drv_common.o(i.nrf_drv_common_irq_enable)
    nrf_drv_spi_init                         0x000025a5   Thumb Code   340  nrf_drv_spi.o(i.nrf_drv_spi_init)
    nrf_drv_spi_transfer                     0x000026fd   Thumb Code    44  nrf_drv_spi.o(i.nrf_drv_spi_transfer)
    nrf_drv_spi_xfer                         0x00002729   Thumb Code   120  nrf_drv_spi.o(i.nrf_drv_spi_xfer)
    nrf_drv_twi_enable                       0x000027a5   Thumb Code    32  nrf_drv_twi.o(i.nrf_drv_twi_enable)
    nrf_drv_twi_init                         0x000027c9   Thumb Code   146  nrf_drv_twi.o(i.nrf_drv_twi_init)
    nrf_drv_twi_rx                           0x00002865   Thumb Code    40  nrf_drv_twi.o(i.nrf_drv_twi_rx)
    nrf_drv_twi_tx                           0x00002891   Thumb Code    60  nrf_drv_twi.o(i.nrf_drv_twi_tx)
    nrf_drv_twi_xfer                         0x000028cd   Thumb Code    44  nrf_drv_twi.o(i.nrf_drv_twi_xfer)
    nrf_drv_uart_init                        0x000028fd   Thumb Code   126  nrf_drv_uart.o(i.nrf_drv_uart_init)
    nrf_drv_uart_uninit                      0x00002981   Thumb Code   130  nrf_drv_uart.o(i.nrf_drv_uart_uninit)
    nrf_log_backend_init                     0x00002c35   Thumb Code   110  nrf_log_backend_serial.o(i.nrf_log_backend_init)
    nrf_log_blocking_backend_set             0x00002cb9   Thumb Code    10  nrf_log_frontend.o(i.nrf_log_blocking_backend_set)
    nrf_log_frontend_dequeue                 0x00002cc5   Thumb Code   438  nrf_log_frontend.o(i.nrf_log_frontend_dequeue)
    nrf_log_frontend_std_0                   0x00002e81   Thumb Code    88  nrf_log_frontend.o(i.nrf_log_frontend_std_0)
    nrf_log_frontend_std_1                   0x00002ee1   Thumb Code   108  nrf_log_frontend.o(i.nrf_log_frontend_std_1)
    rtc_init                                 0x0000376d   Thumb Code    66  rtc.o(i.rtc_init)
    rtc_read                                 0x000037af   Thumb Code    66  rtc.o(i.rtc_read)
    rtc_write                                0x000037f1   Thumb Code    74  rtc.o(i.rtc_write)
    serial_flash_get_status                  0x000038f3   Thumb Code   144  serial_flash.o(i.serial_flash_get_status)
    serial_flash_read_data                   0x00003985   Thumb Code   140  serial_flash.o(i.serial_flash_read_data)
    serial_flash_sector_erase                0x00003a19   Thumb Code   132  serial_flash.o(i.serial_flash_sector_erase)
    serial_flash_write_control               0x00003ad3   Thumb Code    68  serial_flash.o(i.serial_flash_write_control)
    serial_flash_write_data                  0x00003b19   Thumb Code   186  serial_flash.o(i.serial_flash_write_data)
    set_led                                  0x00003be1   Thumb Code    52  leds.o(i.set_led)
    spi2_devices_init                        0x00003c1d   Thumb Code   138  spi.o(i.spi2_devices_init)
    spi2_sync_txrx                           0x00003cb1   Thumb Code    68  spi.o(i.spi2_sync_txrx)
    uxListRemove                             0x00004433   Thumb Code    40  list.o(i.uxListRemove)
    vApplicationStackOverflowHook            0x0000445b   Thumb Code    18  main.o(i.vApplicationStackOverflowHook)
    vListInsertEnd                           0x0000446d   Thumb Code    24  list.o(i.vListInsertEnd)
    vTaskSwitchContext                       0x00004485   Thumb Code   106  tasks.o(i.vTaskSwitchContext)
    xTaskGetSchedulerState                   0x000045c5   Thumb Code    24  tasks.o(i.xTaskGetSchedulerState)
    xTaskGetTickCount                        0x000045e5   Thumb Code     6  tasks.o(i.xTaskGetTickCount)
    xTaskIncrementTick                       0x000045f1   Thumb Code   220  tasks.o(i.xTaskIncrementTick)
    Region$$Table$$Base                      0x0000482c   Number         0  anon$$obj.o(Region$$Table)
    Region$$Table$$Limit                     0x0000484c   Number         0  anon$$obj.o(Region$$Table)
    pxCurrentTCB                             0x20000000   Data           4  tasks.o(.data)
    ledPinLookup                             0x20000079   Data           7  leds.o(.data)
    SystemCoreClock                          0x20000084   Data           4  system_nrf52.o(.data)
    fs_data$$Base                            0x20000088   Number         0  fds.o(fs_data)
    fs_data$$Limit                           0x20000098   Number         0  fds.o(fs_data)
    dataIn                                   0x20000a0c   Data         240  serial_flash.o(.bss)
    dataOut                                  0x20000afc   Data         240  serial_flash.o(.bss)
    STACK$$Base                              0x20000bf0   Number         0  arm_startup_nrf52.o(STACK)
    STACK$$Limit                             0x200013f0   Number         0  arm_startup_nrf52.o(STACK)
    __initial_sp                             0x200013f0   Data           0  arm_startup_nrf52.o(STACK)



==============================================================================

Memory Map of the image

  Image Entry point : 0x00000401

  Load Region LR_IROM1 (Base: 0x00000000, Size: 0x000048e4, Max: 0x00080000, ABSOLUTE)

    Execution Region ER_IROM1 (Base: 0x00000000, Size: 0x0000484c, Max: 0x00080000, ABSOLUTE)

    Base Addr    Size         Type   Attr      Idx    E Section Name        Object

    0x00000000   0x00000400   Data   RO         8128    RESET               arm_startup_nrf52.o
    0x00000400   0x00000000   Code   RO         8218  * .ARM.Collect$$$$00000000  mc_w.l(entry.o)
    0x00000400   0x00000004   Code   RO         8541    .ARM.Collect$$$$00000001  mc_w.l(entry2.o)
    0x00000404   0x00000004   Code   RO         8544    .ARM.Collect$$$$00000004  mc_w.l(entry5.o)
    0x00000408   0x00000000   Code   RO         8546    .ARM.Collect$$$$00000008  mc_w.l(entry7b.o)
    0x00000408   0x00000000   Code   RO         8548    .ARM.Collect$$$$0000000A  mc_w.l(entry8b.o)
    0x00000408   0x00000008   Code   RO         8549    .ARM.Collect$$$$0000000B  mc_w.l(entry9a.o)
    0x00000410   0x00000000   Code   RO         8551    .ARM.Collect$$$$0000000D  mc_w.l(entry10a.o)
    0x00000410   0x00000000   Code   RO         8553    .ARM.Collect$$$$0000000F  mc_w.l(entry11a.o)
    0x00000410   0x00000004   Code   RO         8542    .ARM.Collect$$$$00002712  mc_w.l(entry2.o)
    0x00000414   0x00000098   Code   RO          434    .emb_text           port.o
    0x000004ac   0x00000034   Code   RO         6157    .emb_text           hardfault_handler_keil.o
    0x000004e0   0x00000024   Code   RO         8129    .text               arm_startup_nrf52.o
    0x00000504   0x00000024   Code   RO         8254    .text               mc_w.l(memcpya.o)
    0x00000528   0x00000024   Code   RO         8256    .text               mc_w.l(memseta.o)
    0x0000054c   0x00000024   Code   RO         8572    .text               mc_w.l(init.o)
    0x00000570   0x00000238   Code   RO         3859    i.GPIOTE_IRQHandler  nrf_drv_gpiote.o
    0x000007a8   0x0000004c   Code   RO         6020    i.HardFault_c_handler  hardfault_implementation.o
    0x000007f4   0x00000044   Code   RO         6021    i.HardFault_process  hardfault_implementation.o
    0x00000838   0x00000040   Code   RO         8136    i.NVIC_SystemReset  system_nrf52.o
    0x00000878   0x00000050   Code   RO         3635    i.POWER_CLOCK_IRQHandler  nrf_drv_clock.o
    0x000008c8   0x00000014   Code   RO         5005    i.PWM0_IRQHandler   nrf_drv_pwm.o
    0x000008dc   0x00000014   Code   RO         5006    i.PWM1_IRQHandler   nrf_drv_pwm.o
    0x000008f0   0x00000014   Code   RO         5007    i.PWM2_IRQHandler   nrf_drv_pwm.o
    0x00000904   0x00000080   Code   RO          529    i.RTC1_IRQHandler   port_cmsis_systick.o
    0x00000984   0x000001cc   Code   RO         4693    i.SAADC_IRQHandler  nrf_drv_saadc.o
    0x00000b50   0x00000014   Code   RO         4461    i.SPIM0_SPIS0_TWIM0_TWIS0_SPI0_TWI0_IRQHandler  nrf_drv_twi.o
    0x00000b64   0x00000014   Code   RO         4462    i.SPIM1_SPIS1_TWIM1_TWIS1_SPI1_TWI1_IRQHandler  nrf_drv_twi.o
    0x00000b78   0x00000018   Code   RO         4856    i.SPIM2_SPIS2_SPI2_IRQHandler  nrf_drv_spi.o
    0x00000b90   0x00000030   Code   RO         6904    i.SWI2_EGU2_IRQHandler  softdevice_handler.o
    0x00000bc0   0x00000010   Code   RO         8137    i.SystemCoreClockUpdate  system_nrf52.o
    0x00000bd0   0x00000258   Code   RO         8138    i.SystemInit        system_nrf52.o
    0x00000e28   0x00000024   Code   RO         4149    i.UARTE0_UART0_IRQHandler  nrf_drv_uart.o
    0x00000e4c   0x0000000e   Code   RO         8580    i.__scatterload_copy  mc_w.l(handlers.o)
    0x00000e5a   0x00000002   Code   RO         8581    i.__scatterload_null  mc_w.l(handlers.o)
    0x00000e5c   0x0000000e   Code   RO         8582    i.__scatterload_zeroinit  mc_w.l(handlers.o)
    0x00000e6a   0x00000008   Code   RO          530    i.__set_BASEPRI     port_cmsis_systick.o
    0x00000e72   0x00000046   Code   RO         7574    i.accel_magnet_read  accel_mag.o
    0x00000eb8   0x00000024   Code   RO         7584    i.accelerometer_whoami  accel_mag.o
    0x00000edc   0x0000002c   Code   RO         5462    i.address_is_valid  fds.o
    0x00000f08   0x00000098   Code   RO         5295    i.app_error_fault_handler  app_error_weak.o
    0x00000fa0   0x0000001c   Code   RO         5249    i.app_error_handler_bare  app_error.o
    0x00000fbc   0x0000000a   Code   RO         5372    i.app_util_critical_region_enter  app_util_platform.o
    0x00000fc6   0x0000000a   Code   RO         5373    i.app_util_critical_region_exit  app_util_platform.o
    0x00000fd0   0x00000014   Code   RO         5374    i.app_util_disable_irq  app_util_platform.o
    0x00000fe4   0x00000018   Code   RO         5375    i.app_util_enable_irq  app_util_platform.o
    0x00000ffc   0x000000e4   Code   RO         4150    i.apply_config      nrf_drv_uart.o
    0x000010e0   0x00000090   Code   RO         6460    i.buf_prealloc      nrf_log_frontend.o
    0x00001170   0x00000018   Code   RO         6461    i.buffer_is_empty   nrf_log_frontend.o
    0x00001188   0x00000010   Code   RO         3861    i.channel_handler_get  nrf_drv_gpiote.o
    0x00001198   0x0000000c   Code   RO         3863    i.channel_port_get  nrf_drv_gpiote.o
    0x000011a4   0x00000020   Code   RO         5892    i.check_config      fstorage.o
    0x000011c4   0x00000030   Code   RO         5464    i.chunk_queue_get_and_advance  fds.o
    0x000011f4   0x0000002c   Code   RO         5466    i.chunk_queue_skip  fds.o
    0x00001220   0x0000001c   Code   RO         7455    i.clear_led         leds.o
    0x0000123c   0x00000030   Code   RO         3636    i.clock_clk_started_notify  nrf_drv_clock.o
    0x0000126c   0x0000001c   Code   RO         7122    i.clock_init        main.o
    0x00001288   0x0000004a   Code   RO         5467    i.delete_execute    fds.o
    0x000012d2   0x00000002   PAD
    0x000012d4   0x000000bc   Code   RO         8004    i.demo_flash_read_write_read  serial_flash.o
    0x00001390   0x0000000a   Code   RO         5893    i.erase_execute     fstorage.o
    0x0000139a   0x00000002   PAD
    0x0000139c   0x00000054   Code   RO         8139    i.errata_108        system_nrf52.o
    0x000013f0   0x00000030   Code   RO         8140    i.errata_16         system_nrf52.o
    0x00001420   0x00000054   Code   RO         8141    i.errata_31         system_nrf52.o
    0x00001474   0x00000030   Code   RO         8142    i.errata_32         system_nrf52.o
    0x000014a4   0x00000054   Code   RO         8143    i.errata_36         system_nrf52.o
    0x000014f8   0x00000030   Code   RO         8144    i.errata_37         system_nrf52.o
    0x00001528   0x00000030   Code   RO         8145    i.errata_57         system_nrf52.o
    0x00001558   0x00000030   Code   RO         8146    i.errata_66         system_nrf52.o
    0x00001588   0x00000076   Code   RO         5469    i.event_prepare     fds.o
    0x000015fe   0x00000002   PAD
    0x00001600   0x00000028   Code   RO         5470    i.event_send        fds.o
    0x00001628   0x00000034   Code   RO         5490    i.file_find_and_delete  fds.o
    0x0000165c   0x00000022   Code   RO         4857    i.finish_transfer   nrf_drv_spi.o
    0x0000167e   0x00000002   PAD
    0x00001680   0x00000010   Code   RO         5491    i.flag_clear        fds.o
    0x00001690   0x00000018   Code   RO         5492    i.flag_is_set       fds.o
    0x000016a8   0x00000010   Code   RO         5493    i.flag_set          fds.o
    0x000016b8   0x00000080   Code   RO         5894    i.fs_erase          fstorage.o
    0x00001738   0x0000000e   Code   RO         5494    i.fs_event_handler  fds.o
    0x00001746   0x00000002   PAD
    0x00001748   0x00000094   Code   RO         5901    i.fs_store          fstorage.o
    0x000017dc   0x00000070   Code   RO         5495    i.gc_execute        fds.o
    0x0000184c   0x0000003c   Code   RO         5496    i.gc_init           fds.o
    0x00001888   0x00000028   Code   RO         5497    i.gc_next_page      fds.o
    0x000018b0   0x00000044   Code   RO         5498    i.gc_page_erase     fds.o
    0x000018f4   0x00000048   Code   RO         5499    i.gc_page_next      fds.o
    0x0000193c   0x00000040   Code   RO         5500    i.gc_record_copy    fds.o
    0x0000197c   0x00000024   Code   RO         5501    i.gc_record_find_next  fds.o
    0x000019a0   0x00000058   Code   RO         5502    i.gc_state_advance  fds.o
    0x000019f8   0x0000002c   Code   RO         5503    i.gc_swap_erase     fds.o
    0x00001a24   0x00000044   Code   RO         5504    i.gc_swap_pages     fds.o
    0x00001a68   0x00000020   Code   RO         5505    i.gc_swap_promote   fds.o
    0x00001a88   0x00000018   Code   RO         5506    i.gc_tag_new_swap   fds.o
    0x00001aa0   0x00000020   Code   RO         5507    i.gc_update_swap_offset  fds.o
    0x00001ac0   0x00000046   Code   RO         8088    i.gyro_read         gyro.o
    0x00001b06   0x00000024   Code   RO         8089    i.gyro_whoami       gyro.o
    0x00001b2a   0x00000018   Code   RO         5508    i.header_is_valid   fds.o
    0x00001b42   0x00000002   PAD
    0x00001b44   0x00000044   Code   RO         7389    i.i2c0_sync_read    i2c.o
    0x00001b88   0x00000024   Code   RO         7390    i.i2c0_sync_write   i2c.o
    0x00001bac   0x00000044   Code   RO         7391    i.i2c1_sync_read    i2c.o
    0x00001bf0   0x00000088   Code   RO         7393    i.i2c_devices_init  i2c.o
    0x00001c78   0x00000118   Code   RO         5509    i.init_execute      fds.o
    0x00001d90   0x00000064   Code   RO         7456    i.init_leds         leds.o
    0x00001df4   0x0000005c   Code   RO         6905    i.intern_softdevice_events_execute  softdevice_handler.o
    0x00001e50   0x0000008c   Code   RO         4151    i.interrupts_enable  nrf_drv_uart.o
    0x00001edc   0x000000a4   Code   RO         5009    i.irq_handler       nrf_drv_pwm.o
    0x00001f80   0x00000024   Code   RO         4858    i.irq_handler_spim  nrf_drv_spi.o
    0x00001fa4   0x00000190   Code   RO         4463    i.irq_handler_twim  nrf_drv_twi.o
    0x00002134   0x00000010   Code   RO         5510    i.is_word_aligned   fds.o
    0x00002144   0x0000000c   Code   RO         3639    i.item_dequeue      nrf_drv_clock.o
    0x00002150   0x0000011c   Code   RO         7123    i.main              main.o
    0x0000226c   0x00000016   Code   RO         3864    i.nrf_bitmask_bit_is_set  nrf_drv_gpiote.o
    0x00002282   0x00000012   Code   RO         3643    i.nrf_clock_event_check  nrf_drv_clock.o
    0x00002294   0x00000012   Code   RO         3644    i.nrf_clock_event_clear  nrf_drv_clock.o
    0x000022a6   0x00000002   PAD
    0x000022a8   0x0000000c   Code   RO         3646    i.nrf_clock_int_disable  nrf_drv_clock.o
    0x000022b4   0x00000012   Code   RO         8005    i.nrf_delay_ms      serial_flash.o
    0x000022c6   0x00000002   PAD
    0x000022c8   0x00000098   Code   RO         4464    i.nrf_delay_us      nrf_drv_twi.o
    0x00002360   0x00000098   Code   RO         7124    i.nrf_delay_us      main.o
    0x000023f8   0x00000098   Code   RO         8006    i.nrf_delay_us      serial_flash.o
    0x00002490   0x0000005c   Code   RO         3655    i.nrf_drv_clock_init  nrf_drv_clock.o
    0x000024ec   0x0000001c   Code   RO         4152    i.nrf_drv_common_irq_disable  nrf_drv_uart.o
    0x00002508   0x00000060   Code   RO         3823    i.nrf_drv_common_irq_enable  nrf_drv_common.o
    0x00002568   0x0000000a   Code   RO         4153    i.nrf_drv_get_IRQn  nrf_drv_uart.o
    0x00002572   0x0000000a   Code   RO         4465    i.nrf_drv_get_IRQn  nrf_drv_twi.o
    0x0000257c   0x00000014   Code   RO         4466    i.nrf_drv_is_in_RAM  nrf_drv_twi.o
    0x00002590   0x00000014   Code   RO         4859    i.nrf_drv_is_in_RAM  nrf_drv_spi.o
    0x000025a4   0x00000158   Code   RO         4862    i.nrf_drv_spi_init  nrf_drv_spi.o
    0x000026fc   0x0000002c   Code   RO         4864    i.nrf_drv_spi_transfer  nrf_drv_spi.o
    0x00002728   0x0000007c   Code   RO         4866    i.nrf_drv_spi_xfer  nrf_drv_spi.o
    0x000027a4   0x00000024   Code   RO         4469    i.nrf_drv_twi_enable  nrf_drv_twi.o
    0x000027c8   0x0000009c   Code   RO         4470    i.nrf_drv_twi_init  nrf_drv_twi.o
    0x00002864   0x0000002c   Code   RO         4472    i.nrf_drv_twi_rx    nrf_drv_twi.o
    0x00002890   0x0000003c   Code   RO         4475    i.nrf_drv_twi_tx    nrf_drv_twi.o
    0x000028cc   0x00000030   Code   RO         4477    i.nrf_drv_twi_xfer  nrf_drv_twi.o
    0x000028fc   0x00000084   Code   RO         4156    i.nrf_drv_uart_init  nrf_drv_uart.o
    0x00002980   0x0000008c   Code   RO         4169    i.nrf_drv_uart_uninit  nrf_drv_uart.o
    0x00002a0c   0x00000028   Code   RO         4170    i.nrf_gpio_cfg      nrf_drv_uart.o
    0x00002a34   0x00000028   Code   RO         4867    i.nrf_gpio_cfg      nrf_drv_spi.o
    0x00002a5c   0x00000028   Code   RO         7125    i.nrf_gpio_cfg      main.o
    0x00002a84   0x00000018   Code   RO         4171    i.nrf_gpio_cfg_default  nrf_drv_uart.o
    0x00002a9c   0x0000001a   Code   RO         4172    i.nrf_gpio_cfg_input  nrf_drv_uart.o
    0x00002ab6   0x00000018   Code   RO         4173    i.nrf_gpio_cfg_output  nrf_drv_uart.o
    0x00002ace   0x00000018   Code   RO         4868    i.nrf_gpio_cfg_output  nrf_drv_spi.o
    0x00002ae6   0x00000018   Code   RO         7126    i.nrf_gpio_cfg_output  main.o
    0x00002afe   0x00000032   Code   RO         3890    i.nrf_gpio_cfg_sense_set  nrf_drv_gpiote.o
    0x00002b30   0x00000016   Code   RO         4478    i.nrf_gpio_pin_clear  nrf_drv_twi.o
    0x00002b46   0x00000016   Code   RO         4869    i.nrf_gpio_pin_clear  nrf_drv_spi.o
    0x00002b5c   0x00000016   Code   RO         7457    i.nrf_gpio_pin_clear  leds.o
    0x00002b72   0x00000016   Code   RO         4174    i.nrf_gpio_pin_set  nrf_drv_uart.o
    0x00002b88   0x00000016   Code   RO         4479    i.nrf_gpio_pin_set  nrf_drv_twi.o
    0x00002b9e   0x00000016   Code   RO         4870    i.nrf_gpio_pin_set  nrf_drv_spi.o
    0x00002bb4   0x00000016   Code   RO         7859    i.nrf_gpio_pin_set  spi.o
    0x00002bca   0x00000002   PAD
    0x00002bcc   0x00000028   Code   RO         3894    i.nrf_gpio_ports_read  nrf_drv_gpiote.o
    0x00002bf4   0x0000000c   Code   RO         3895    i.nrf_gpiote_event_addr_get  nrf_drv_gpiote.o
    0x00002c00   0x0000001c   Code   RO         3896    i.nrf_gpiote_event_clear  nrf_drv_gpiote.o
    0x00002c1c   0x00000016   Code   RO         3897    i.nrf_gpiote_event_is_set  nrf_drv_gpiote.o
    0x00002c32   0x00000002   PAD
    0x00002c34   0x00000084   Code   RO         6360    i.nrf_log_backend_init  nrf_log_backend_serial.o
    0x00002cb8   0x0000000a   Code   RO         6463    i.nrf_log_blocking_backend_set  nrf_log_frontend.o
    0x00002cc2   0x00000002   PAD
    0x00002cc4   0x000001bc   Code   RO         6464    i.nrf_log_frontend_dequeue  nrf_log_frontend.o
    0x00002e80   0x00000060   Code   RO         6467    i.nrf_log_frontend_std_0  nrf_log_frontend.o
    0x00002ee0   0x00000074   Code   RO         6468    i.nrf_log_frontend_std_1  nrf_log_frontend.o
    0x00002f54   0x0000000e   Code   RO         5017    i.nrf_pwm_event_check  nrf_drv_pwm.o
    0x00002f62   0x0000000e   Code   RO         5018    i.nrf_pwm_event_clear  nrf_drv_pwm.o
    0x00002f70   0x0000000e   Code   RO          531    i.nrf_rtc_event_clear  port_cmsis_systick.o
    0x00002f7e   0x00000002   PAD
    0x00002f80   0x00000010   Code   RO         4706    i.nrf_saadc_buffer_init  nrf_drv_saadc.o
    0x00002f90   0x00000014   Code   RO         4708    i.nrf_saadc_event_check  nrf_drv_saadc.o
    0x00002fa4   0x00000018   Code   RO         4709    i.nrf_saadc_event_clear  nrf_drv_saadc.o
    0x00002fbc   0x0000000c   Code   RO         4713    i.nrf_saadc_task_trigger  nrf_drv_saadc.o
    0x00002fc8   0x0000000e   Code   RO         4871    i.nrf_spim_event_check  nrf_drv_spi.o
    0x00002fd6   0x0000000e   Code   RO         4872    i.nrf_spim_event_clear  nrf_drv_spi.o
    0x00002fe4   0x00000006   Code   RO         4873    i.nrf_spim_int_disable  nrf_drv_spi.o
    0x00002fea   0x00000006   Code   RO         4874    i.nrf_spim_int_enable  nrf_drv_spi.o
    0x00002ff0   0x00000006   Code   RO         4875    i.nrf_spim_task_trigger  nrf_drv_spi.o
    0x00002ff6   0x0000000c   Code   RO         4480    i.nrf_twim_errorsrc_get_and_clear  nrf_drv_twi.o
    0x00003002   0x0000000e   Code   RO         4481    i.nrf_twim_event_check  nrf_drv_twi.o
    0x00003010   0x0000000e   Code   RO         4482    i.nrf_twim_event_clear  nrf_drv_twi.o
    0x0000301e   0x00000006   Code   RO         4483    i.nrf_twim_int_disable  nrf_drv_twi.o
    0x00003024   0x00000006   Code   RO         4484    i.nrf_twim_int_enable  nrf_drv_twi.o
    0x0000302a   0x0000000c   Code   RO         4485    i.nrf_twim_rx_buffer_set  nrf_drv_twi.o
    0x00003036   0x0000000a   Code   RO         4486    i.nrf_twim_rxd_amount_get  nrf_drv_twi.o
    0x00003040   0x00000006   Code   RO         4487    i.nrf_twim_shorts_set  nrf_drv_twi.o
    0x00003046   0x00000006   Code   RO         4488    i.nrf_twim_task_trigger  nrf_drv_twi.o
    0x0000304c   0x0000000c   Code   RO         4489    i.nrf_twim_tx_buffer_set  nrf_drv_twi.o
    0x00003058   0x0000000a   Code   RO         4490    i.nrf_twim_txd_amount_get  nrf_drv_twi.o
    0x00003062   0x0000000c   Code   RO         4175    i.nrf_uart_errorsrc_get_and_clear  nrf_drv_uart.o
    0x0000306e   0x0000000e   Code   RO         4176    i.nrf_uart_event_check  nrf_drv_uart.o
    0x0000307c   0x0000000e   Code   RO         4177    i.nrf_uart_event_clear  nrf_drv_uart.o
    0x0000308a   0x0000000a   Code   RO         4178    i.nrf_uart_hwfc_pins_set  nrf_drv_uart.o
    0x00003094   0x00000006   Code   RO         4179    i.nrf_uart_int_disable  nrf_drv_uart.o
    0x0000309a   0x00000006   Code   RO         4180    i.nrf_uart_int_enable  nrf_drv_uart.o
    0x000030a0   0x00000012   Code   RO         4181    i.nrf_uart_int_enable_check  nrf_drv_uart.o
    0x000030b2   0x00000006   Code   RO         4182    i.nrf_uart_task_trigger  nrf_drv_uart.o
    0x000030b8   0x0000000a   Code   RO         4183    i.nrf_uart_txrx_pins_set  nrf_drv_uart.o
    0x000030c2   0x0000000c   Code   RO         4184    i.nrf_uarte_errorsrc_get_and_clear  nrf_drv_uart.o
    0x000030ce   0x0000000e   Code   RO         4185    i.nrf_uarte_event_check  nrf_drv_uart.o
    0x000030dc   0x0000000e   Code   RO         4186    i.nrf_uarte_event_clear  nrf_drv_uart.o
    0x000030ea   0x0000000c   Code   RO         4187    i.nrf_uarte_hwfc_pins_set  nrf_drv_uart.o
    0x000030f6   0x00000006   Code   RO         4188    i.nrf_uarte_int_disable  nrf_drv_uart.o
    0x000030fc   0x00000006   Code   RO         4189    i.nrf_uarte_int_enable  nrf_drv_uart.o
    0x00003102   0x0000000a   Code   RO         4190    i.nrf_uarte_rx_amount_get  nrf_drv_uart.o
    0x0000310c   0x0000000e   Code   RO         4192    i.nrf_uarte_txrx_pins_set  nrf_drv_uart.o
    0x0000311a   0x00000002   PAD
    0x0000311c   0x00000040   Code   RO         5512    i.page_from_record  fds.o
    0x0000315c   0x00000012   Code   RO         5516    i.page_offsets_update  fds.o
    0x0000316e   0x00000002   PAD
    0x00003170   0x00000020   Code   RO         5518    i.page_tag_write_data  fds.o
    0x00003190   0x00000024   Code   RO         5519    i.page_tag_write_swap  fds.o
    0x000031b4   0x000000d4   Code   RO         4193    i.pins_to_default   nrf_drv_uart.o
    0x00003288   0x00000034   Code   RO          827    i.prvResetNextTaskUnblockTime  tasks.o
    0x000032bc   0x00000048   Code   RO         5521    i.queue_advance     fds.o
    0x00003304   0x00000068   Code   RO         5906    i.queue_get_next_free  fstorage.o
    0x0000336c   0x000000a4   Code   RO         5522    i.queue_process     fds.o
    0x00003410   0x0000006c   Code   RO         5907    i.queue_process     fstorage.o
    0x0000347c   0x0000002c   Code   RO         5908    i.queue_start       fstorage.o
    0x000034a8   0x00000088   Code   RO         5524    i.record_find       fds.o
    0x00003530   0x0000003a   Code   RO         5525    i.record_find_and_delete  fds.o
    0x0000356a   0x00000002   PAD
    0x0000356c   0x0000007c   Code   RO         5526    i.record_find_by_desc  fds.o
    0x000035e8   0x00000060   Code   RO         5527    i.record_find_next  fds.o
    0x00003648   0x00000038   Code   RO         5528    i.record_header_flag_dirty  fds.o
    0x00003680   0x0000002c   Code   RO         5529    i.record_header_write_begin  fds.o
    0x000036ac   0x00000038   Code   RO         5530    i.record_header_write_finalize  fds.o
    0x000036e4   0x00000038   Code   RO         5531    i.record_header_write_id  fds.o
    0x0000371c   0x00000050   Code   RO         5533    i.record_write_chunk  fds.o
    0x0000376c   0x00000042   Code   RO         7762    i.rtc_init          rtc.o
    0x000037ae   0x00000042   Code   RO         7765    i.rtc_read          rtc.o
    0x000037f0   0x0000004a   Code   RO         7769    i.rtc_write         rtc.o
    0x0000383a   0x0000003e   Code   RO         4194    i.rx_byte           nrf_drv_uart.o
    0x00003878   0x0000001e   Code   RO         4195    i.rx_done_event     nrf_drv_uart.o
    0x00003896   0x0000005c   Code   RO         5909    i.send_event        fstorage.o
    0x000038f2   0x00000090   Code   RO         8008    i.serial_flash_get_status  serial_flash.o
    0x00003982   0x00000002   PAD
    0x00003984   0x00000094   Code   RO         8009    i.serial_flash_read_data  serial_flash.o
    0x00003a18   0x0000008c   Code   RO         8010    i.serial_flash_sector_erase  serial_flash.o
    0x00003aa4   0x0000002e   Code   RO         8011    i.serial_flash_txrx  serial_flash.o
    0x00003ad2   0x00000044   Code   RO         8012    i.serial_flash_write_control  serial_flash.o
    0x00003b16   0x00000002   PAD
    0x00003b18   0x000000c4   Code   RO         8013    i.serial_flash_write_data  serial_flash.o
    0x00003bdc   0x00000004   Code   RO         8014    i.set_instruction   serial_flash.o
    0x00003be0   0x0000003c   Code   RO         7458    i.set_led           leds.o
    0x00003c1c   0x00000094   Code   RO         7860    i.spi2_devices_init  spi.o
    0x00003cb0   0x00000048   Code   RO         7862    i.spi2_sync_txrx    spi.o
    0x00003cf8   0x00000102   Code   RO         4876    i.spim_xfer         nrf_drv_spi.o
    0x00003dfa   0x00000032   Code   RO         5910    i.store_execute     fstorage.o
    0x00003e2c   0x00000098   Code   RO         4491    i.twi_clear_bus     nrf_drv_twi.o
    0x00003ec4   0x00000024   Code   RO         4492    i.twi_process_error  nrf_drv_twi.o
    0x00003ee8   0x000002a4   Code   RO         4493    i.twim_xfer         nrf_drv_twi.o
    0x0000418c   0x00000026   Code   RO         4197    i.tx_byte           nrf_drv_uart.o
    0x000041b2   0x00000022   Code   RO         4198    i.tx_done_event     nrf_drv_uart.o
    0x000041d4   0x00000010   Code   RO         6368    i.uart_event_handler  nrf_log_backend_serial.o
    0x000041e4   0x00000142   Code   RO         4199    i.uart_irq_handler  nrf_drv_uart.o
    0x00004326   0x0000010c   Code   RO         4200    i.uarte_irq_handler  nrf_drv_uart.o
    0x00004432   0x00000028   Code   RO          386    i.uxListRemove      list.o
    0x0000445a   0x00000012   Code   RO         7128    i.vApplicationStackOverflowHook  main.o
    0x0000446c   0x00000018   Code   RO          390    i.vListInsertEnd    list.o
    0x00004484   0x00000080   Code   RO          855    i.vTaskSwitchContext  tasks.o
    0x00004504   0x000000c0   Code   RO         5535    i.write_execute     fds.o
    0x000045c4   0x00000020   Code   RO          861    i.xTaskGetSchedulerState  tasks.o
    0x000045e4   0x0000000c   Code   RO          862    i.xTaskGetTickCount  tasks.o
    0x000045f0   0x00000108   Code   RO          864    i.xTaskIncrementTick  tasks.o
    0x000046f8   0x00000047   Data   RO         3906    .constdata          nrf_drv_gpiote.o
    0x0000473f   0x00000001   PAD
    0x00004740   0x00000038   Data   RO         4495    .constdata          nrf_drv_twi.o
    0x00004778   0x00000014   Data   RO         5539    .constdata          fds.o
    0x0000478c   0x00000028   Data   RO         6370    .constdata          nrf_log_backend_serial.o
    0x000047b4   0x00000024   Data   RO         6479    .constdata          nrf_log_frontend.o
    0x000047d8   0x00000030   Data   RO         7395    .constdata          i2c.o
    0x00004808   0x00000018   Data   RO         7864    .constdata          spi.o
    0x00004820   0x0000000b   Data   RO         6480    .conststring        nrf_log_frontend.o
    0x0000482b   0x00000001   PAD
    0x0000482c   0x00000020   Data   RO         8578    Region$$Table       anon$$obj.o


    Execution Region RW_IRAM1 (Base: 0x20000000, Size: 0x000013f0, Max: 0x00010000, ABSOLUTE)

    Base Addr    Size         Type   Attr      Idx    E Section Name        Object

    0x20000000   0x0000003c   Data   RW          873    .data               tasks.o
    0x2000003c   0x00000004   Data   RW         5378    .data               app_util_platform.o
    0x20000040   0x0000001a   Data   RW         5540    .data               fds.o
    0x2000005a   0x00000002   Data   RW         5912    .data               fstorage.o
    0x2000005c   0x0000000b   Data   RW         6371    .data               nrf_log_backend_serial.o
    0x20000067   0x00000001   PAD
    0x20000068   0x00000004   Data   RW         6481    .data               nrf_log_frontend.o
    0x2000006c   0x0000000a   Data   RW         6914    .data               softdevice_handler.o
    0x20000076   0x00000003   Data   RW         7396    .data               i2c.o
    0x20000079   0x00000008   Data   RW         7459    .data               leds.o
    0x20000081   0x00000003   PAD
    0x20000084   0x00000004   Data   RW         8147    .data               system_nrf52.o
    0x20000088   0x00000010   Data   RW         5541    fs_data             fds.o
    0x20000098   0x000000a0   Zero   RW          872    .bss                tasks.o
    0x20000138   0x00000014   Zero   RW         3662    .bss                nrf_drv_clock.o
    0x2000014c   0x00000058   Zero   RW         3905    .bss                nrf_drv_gpiote.o
    0x200001a4   0x00000020   Zero   RW         4201    .bss                nrf_drv_uart.o
    0x200001c4   0x00000050   Zero   RW         4494    .bss                nrf_drv_twi.o
    0x20000214   0x00000030   Zero   RW         4714    .bss                nrf_drv_saadc.o
    0x20000244   0x00000024   Zero   RW         4877    .bss                nrf_drv_spi.o
    0x20000268   0x00000018   Zero   RW         5025    .bss                nrf_drv_pwm.o
    0x20000280   0x0000011c   Zero   RW         5538    .bss                fds.o
    0x2000039c   0x00000068   Zero   RW         5911    .bss                fstorage.o
    0x20000404   0x00000418   Zero   RW         6478    .bss                nrf_log_frontend.o
    0x2000081c   0x000003d0   Zero   RW         8015    .bss                serial_flash.o
    0x20000bec   0x00000004   PAD
    0x20000bf0   0x00000800   Zero   RW         8126    STACK               arm_startup_nrf52.o


==============================================================================

Image component sizes


      Code (inc. data)   RO Data    RW Data    ZI Data      Debug   Object Name

       106          0          0          0          0      20979   accel_mag.o
         0          0          0          0          0       9088   app_button.o
        28          0          0          0          0      28868   app_error.o
       152         54          0          0          0        866   app_error_weak.o
         0          0          0          0          0       5880   app_uart.o
        64         10          0          4          0       3430   app_util_platform.o
        36          8       1024          0       2048        904   arm_startup_nrf52.o
         0          0          0          0          0       1304   ble_advertising.o
         0          0          0          0          0      35468   boards.o
         0          0          0          0          0       9116   croutine.o
         0          0          0          0          0      12500   event_groups.o
      2834        328         20         42        284      56356   fds.o
       716         36          0          2        104       9597   fstorage.o
       106          0          0          0          0       1942   gyro.o
        52         14          0          0          0        616   hardfault_handler_keil.o
       144         44          0          0          0       2974   hardfault_implementation.o
       308         30         48          3          0       7587   i2c.o
       210         22          0          8          0       3965   leds.o
        64          0          0          0          0       1924   list.o
       546         10          0          0          0      31939   main.o
       280         26          0          0         20      13350   nrf_drv_clock.o
        96         12          0          0          0      29363   nrf_drv_common.o
       770         32         71          0         88      23993   nrf_drv_gpiote.o
       252         24          0          0         24      17458   nrf_drv_pwm.o
       532         24          0          0         48      13339   nrf_drv_saadc.o
      1038         18          0          0         36      28187   nrf_drv_spi.o
      1982         56         56          0         80      37051   nrf_drv_twi.o
      2000         54          0          0         32      71535   nrf_drv_uart.o
       148         26         40         11          0       3231   nrf_log_backend_serial.o
       834         38         47          4       1048       8926   nrf_log_frontend.o
         0          0          0          0          0       2412   peer_data_storage.o
       152         14          0          0          0        692   port.o
       150         12          0          0          0       6658   port_cmsis_systick.o
       206          0          0          0          0      10538   rtc.o
      1104         44          0          0        976       9124   serial_flash.o
       140         20          0         10          0       7666   softdevice_handler.o
       242         14         24          0          0       3477   spi.o
      1172        118          0          4          0       6915   system_nrf52.o
       488         90          0         60        160       7298   tasks.o

    ----------------------------------------------------------------------
     16986       1178       1364        152       4952     546516   Object Totals
         0          0         32          0          0          0   (incl. Generated)
        34          0          2          4          4          0   (incl. Padding)

    ----------------------------------------------------------------------

      Code (inc. data)   RO Data    RW Data    ZI Data      Debug   Library Member Name

         0          0          0          0          0          0   entry.o
         0          0          0          0          0          0   entry10a.o
         0          0          0          0          0          0   entry11a.o
         8          4          0          0          0          0   entry2.o
         4          0          0          0          0          0   entry5.o
         0          0          0          0          0          0   entry7b.o
         0          0          0          0          0          0   entry8b.o
         8          4          0          0          0          0   entry9a.o
        30          0          0          0          0          0   handlers.o
        36          8          0          0          0         68   init.o
        36          0          0          0          0         68   memcpya.o
        36          0          0          0          0        108   memseta.o

    ----------------------------------------------------------------------
       158         16          0          0          0        244   Library Totals
         0          0          0          0          0          0   (incl. Padding)

    ----------------------------------------------------------------------

      Code (inc. data)   RO Data    RW Data    ZI Data      Debug   Library Name

       158         16          0          0          0        244   mc_w.l

    ----------------------------------------------------------------------
       158         16          0          0          0        244   Library Totals

    ----------------------------------------------------------------------

==============================================================================


      Code (inc. data)   RO Data    RW Data    ZI Data      Debug   

     17144       1194       1364        152       4952     523812   Grand Totals
     17144       1194       1364        152       4952     523812   ELF Image Totals
     17144       1194       1364        152          0          0   ROM Totals

==============================================================================

    Total RO  Size (Code + RO Data)                18508 (  18.07kB)
    Total RW  Size (RW Data + ZI Data)              5104 (   4.98kB)
    Total ROM Size (Code + RO Data + RW Data)      18660 (  18.22kB)

==============================================================================

