Component: ARM Compiler 5.06 update 4 (build 422) Tool: armlink [4d35d2]

==============================================================================

Section Cross References

    boards.o(i.bsp_board_button_idx_to_pin) refers to boards.o(.constdata) for m_board_btn_list
    boards.o(i.bsp_board_button_state_get) refers to boards.o(.constdata) for m_board_btn_list
    boards.o(i.bsp_board_buttons_init) refers to boards.o(i.nrf_gpio_cfg) for nrf_gpio_cfg
    boards.o(i.bsp_board_buttons_init) refers to boards.o(.constdata) for m_board_btn_list
    boards.o(i.bsp_board_led_idx_to_pin) refers to boards.o(.constdata) for m_board_led_list
    boards.o(i.bsp_board_led_invert) refers to boards.o(.constdata) for m_board_led_list
    boards.o(i.bsp_board_led_off) refers to boards.o(i.nrf_gpio_pin_write) for nrf_gpio_pin_write
    boards.o(i.bsp_board_led_off) refers to boards.o(.constdata) for m_board_led_list
    boards.o(i.bsp_board_led_on) refers to boards.o(i.nrf_gpio_pin_write) for nrf_gpio_pin_write
    boards.o(i.bsp_board_led_on) refers to boards.o(.constdata) for m_board_led_list
    boards.o(i.bsp_board_led_state_get) refers to boards.o(.constdata) for m_board_led_list
    boards.o(i.bsp_board_leds_init) refers to boards.o(i.nrf_gpio_cfg) for nrf_gpio_cfg
    boards.o(i.bsp_board_leds_init) refers to boards.o(i.bsp_board_leds_off) for bsp_board_leds_off
    boards.o(i.bsp_board_leds_init) refers to boards.o(.constdata) for m_board_led_list
    boards.o(i.bsp_board_leds_off) refers to boards.o(i.bsp_board_led_off) for bsp_board_led_off
    boards.o(i.bsp_board_leds_on) refers to boards.o(i.bsp_board_led_on) for bsp_board_led_on
    boards.o(i.bsp_board_pin_to_button_idx) refers to boards.o(.constdata) for m_board_btn_list
    boards.o(i.bsp_board_pin_to_led_idx) refers to boards.o(.constdata) for m_board_led_list
    bsp_btn_ble.o(i.advertising_buttons_configure) refers to bsp.o(i.bsp_event_to_button_action_assign) for bsp_event_to_button_action_assign
    bsp_btn_ble.o(i.bsp_btn_ble_init) refers to bsp_btn_ble.o(i.startup_event_extract) for startup_event_extract
    bsp_btn_ble.o(i.bsp_btn_ble_init) refers to bsp_btn_ble.o(i.advertising_buttons_configure) for advertising_buttons_configure
    bsp_btn_ble.o(i.bsp_btn_ble_init) refers to bsp_btn_ble.o(.data) for m_error_handler
    bsp_btn_ble.o(i.bsp_btn_ble_on_ble_evt) refers to bsp_btn_ble.o(i.connection_buttons_configure) for connection_buttons_configure
    bsp_btn_ble.o(i.bsp_btn_ble_on_ble_evt) refers to bsp_btn_ble.o(i.advertising_buttons_configure) for advertising_buttons_configure
    bsp_btn_ble.o(i.bsp_btn_ble_on_ble_evt) refers to bsp_btn_ble.o(.data) for m_num_connections
    bsp_btn_ble.o(i.bsp_btn_ble_sleep_mode_prepare) refers to bsp.o(i.bsp_wakeup_button_enable) for bsp_wakeup_button_enable
    bsp_btn_ble.o(i.connection_buttons_configure) refers to bsp.o(i.bsp_event_to_button_action_assign) for bsp_event_to_button_action_assign
    bsp_btn_ble.o(i.startup_event_extract) refers to bsp.o(i.bsp_button_is_pressed) for bsp_button_is_pressed
    event_groups.o(i.vEventGroupClearBitsCallback) refers to event_groups.o(i.xEventGroupClearBits) for xEventGroupClearBits
    event_groups.o(i.vEventGroupDelete) refers to tasks.o(i.vTaskSuspendAll) for vTaskSuspendAll
    event_groups.o(i.vEventGroupDelete) refers to tasks.o(i.xTaskRemoveFromUnorderedEventList) for xTaskRemoveFromUnorderedEventList
    event_groups.o(i.vEventGroupDelete) refers to heap_4.o(i.vPortFree) for vPortFree
    event_groups.o(i.vEventGroupDelete) refers to tasks.o(i.xTaskResumeAll) for xTaskResumeAll
    event_groups.o(i.vEventGroupSetBitsCallback) refers to event_groups.o(i.xEventGroupSetBits) for xEventGroupSetBits
    event_groups.o(i.xEventGroupClearBits) refers to port_cmsis.o(i.vPortEnterCritical) for vPortEnterCritical
    event_groups.o(i.xEventGroupClearBits) refers to port_cmsis.o(i.vPortExitCritical) for vPortExitCritical
    event_groups.o(i.xEventGroupCreate) refers to heap_4.o(i.pvPortMalloc) for pvPortMalloc
    event_groups.o(i.xEventGroupCreate) refers to list.o(i.vListInitialise) for vListInitialise
    event_groups.o(i.xEventGroupGetBitsFromISR) refers to event_groups.o(i.__set_BASEPRI) for __set_BASEPRI
    event_groups.o(i.xEventGroupSetBits) refers to tasks.o(i.vTaskSuspendAll) for vTaskSuspendAll
    event_groups.o(i.xEventGroupSetBits) refers to tasks.o(i.xTaskRemoveFromUnorderedEventList) for xTaskRemoveFromUnorderedEventList
    event_groups.o(i.xEventGroupSetBits) refers to tasks.o(i.xTaskResumeAll) for xTaskResumeAll
    event_groups.o(i.xEventGroupSync) refers to tasks.o(i.vTaskSuspendAll) for vTaskSuspendAll
    event_groups.o(i.xEventGroupSync) refers to event_groups.o(i.xEventGroupSetBits) for xEventGroupSetBits
    event_groups.o(i.xEventGroupSync) refers to tasks.o(i.vTaskPlaceOnUnorderedEventList) for vTaskPlaceOnUnorderedEventList
    event_groups.o(i.xEventGroupSync) refers to tasks.o(i.xTaskResumeAll) for xTaskResumeAll
[...]
    0x00026594   0x00000012   Code   RO         3463    i.flag_id_init      security_dispatcher.o
    0x000265a6   0x00000012   Code   RO         3608    i.flag_id_init      security_manager.o
    0x000265b8   0x00000018   Code   RO         5626    i.flag_is_set       fds.o
    0x000265d0   0x00000010   Code   RO         5627    i.flag_set          fds.o
    0x000265e0   0x00000036   Code   RO         1501    i.flags_encode      ble_advdata.o
    0x00026616   0x00000002   PAD
    0x00026618   0x0000009c   Code   RO         3609    i.flags_set_from_err_code  security_manager.o
    0x000266b4   0x00000014   Code   RO         1618    i.flash_access_in_progress  ble_advertising.o
    0x000266c8   0x00000080   Code   RO         6028    i.fs_erase          fstorage.o
    0x00026748   0x0000000e   Code   RO         5628    i.fs_event_handler  fds.o
    0x00026756   0x00000018   Code   RO         6030    i.fs_flash_page_end_addr  fstorage.o
    0x0002676e   0x00000002   PAD
    0x00026770   0x000000c0   Code   RO         6031    i.fs_init           fstorage.o
    0x00026830   0x00000018   Code   RO         6034    i.fs_queued_op_count_get  fstorage.o
    0x00026848   0x00000094   Code   RO         6035    i.fs_store          fstorage.o
    0x000268dc   0x0000006c   Code   RO         6036    i.fs_sys_event_handler  fstorage.o
    0x00026948   0x000000f4   Code   RO         8119    i.gap_params_init   main.o
    0x00026a3c   0x00000024   Code   RO         8120    i.gatt_init         main.o
    0x00026a60   0x00000070   Code   RO         5629    i.gc_execute        fds.o
    0x00026ad0   0x0000003c   Code   RO         5630    i.gc_init           fds.o
    0x00026b0c   0x00000028   Code   RO         5631    i.gc_next_page      fds.o
    0x00026b34   0x00000044   Code   RO         5632    i.gc_page_erase     fds.o
    0x00026b78   0x00000048   Code   RO         5633    i.gc_page_next      fds.o
    0x00026bc0   0x00000040   Code   RO         5634    i.gc_record_copy    fds.o
    0x00026c00   0x00000024   Code   RO         5635    i.gc_record_find_next  fds.o
    0x00026c24   0x00000058   Code   RO         5636    i.gc_state_advance  fds.o
    0x00026c7c   0x0000002c   Code   RO         5637    i.gc_swap_erase     fds.o
    0x00026ca8   0x00000044   Code   RO         5638    i.gc_swap_pages     fds.o
    0x00026cec   0x00000020   Code   RO         5639    i.gc_swap_promote   fds.o
    0x00026d0c   0x00000018   Code   RO         5640    i.gc_tag_new_swap   fds.o
    0x00026d24   0x00000020   Code   RO         5641    i.gc_update_swap_offset  fds.o
    0x00026d44   0x00000074   Code   RO         2080    i.gcm_ble_evt_handler  gatt_cache_manager.o
    0x00026db8   0x00000078   Code   RO         2081    i.gcm_gscm_evt_handler  gatt_cache_manager.o
    0x00026e30   0x00000030   Code   RO         2082    i.gcm_im_evt_handler  gatt_cache_manager.o
    0x00026e60   0x00000068   Code   RO         2083    i.gcm_init          gatt_cache_manager.o
    0x00026ec8   0x0000004c   Code   RO         2084    i.gcm_local_database_has_changed  gatt_cache_manager.o
    0x00026f14   0x00000018   Code   RO         2087    i.gcm_smd_evt_handler  gatt_cache_manager.o
    0x00026f2c   0x00000070   Code   RO         9964    i.getBatteryVoltage  zap.o
    0x00026f9c   0x0000008c   Code   RO         9965    i.getZapVoltage     zap.o
    0x00027028   0x00000058   Code   RO         9441    i.get_acceleration  accel_mag.o
    0x00027080   0x00000048   Code   RO         6434    i.get_block_cat     mem_manager.o
    0x000270c8   0x00000010   Code   RO         6435    i.get_block_coordinates  mem_manager.o
    0x000270d8   0x0000001c   Code   RO         6436    i.get_block_size    mem_manager.o
    0x000270f4   0x0000003c   Code   RO         2318    i.get_connection_by_conn_handle  id_manager.o
    0x00027130   0x00000034   Code   RO         2319    i.get_free_connection  id_manager.o
    0x00027164   0x0000000c   Code   RO         7960    i.get_service_thread_handle  service_task.o
    0x00027170   0x0000000c   Code   RO         8870    i.get_train_service_data_cccd_handle  training.o
    0x0002717c   0x00000080   Code   RO         5304    i.gpiote_event_handler  app_button.o
    0x000271fc   0x0000001c   Code   RO         2223    i.gscm_db_change_notification_done  gatts_cache_manager.o
    0x00027218   0x00000014   Code   RO         2224    i.gscm_init         gatts_cache_manager.o
    0x0002722c   0x00000018   Code   RO         2225    i.gscm_local_database_has_changed  gatts_cache_manager.o
    0x00027244   0x00000090   Code   RO         2226    i.gscm_local_db_cache_apply  gatts_cache_manager.o
    0x000272d4   0x00000096   Code   RO         2228    i.gscm_local_db_cache_update  gatts_cache_manager.o
    0x0002736a   0x00000002   PAD
    0x0002736c   0x00000058   Code   RO         2229    i.gscm_pdb_evt_handler  gatts_cache_manager.o
    0x000273c4   0x00000024   Code   RO         2230    i.gscm_service_changed_ind_needed  gatts_cache_manager.o
    0x000273e8   0x0000003c   Code   RO         2231    i.gscm_service_changed_ind_send  gatts_cache_manager.o
    0x00027424   0x0000003c   Code   RO         8333    i.habit_application_timers_start  habit.o
    0x00027460   0x00000024   Code   RO         8335    i.habit_start_task  habit.o
    0x00027484   0x00000030   Code   RO         8336    i.habit_task_thread  habit.o
    0x000274b4   0x00000020   Code   RO         8337    i.habit_task_timeout_handler  habit.o
    0x000274d4   0x00000034   Code   RO         8338    i.habit_task_timers_init  habit.o
    0x00027508   0x00000018   Code   RO         5642    i.header_is_valid   fds.o
    0x00027520   0x00000044   Code   RO         9248    i.i2c0_sync_read    i2c.o
    0x00027564   0x00000024   Code   RO         9249    i.i2c0_sync_write   i2c.o
    0x00027588   0x00000044   Code   RO         9250    i.i2c1_sync_read    i2c.o
    0x000275cc   0x00000024   Code   RO         9251    i.i2c1_sync_write   i2c.o
    0x000275f0   0x00000088   Code   RO         9252    i.i2c_devices_init  i2c.o
    0x00027678   0x0000004c   Code   RO         2320    i.im_address_resolve  id_manager.o
    0x000276c4   0x00000034   Code   RO         2321    i.im_ble_addr_get   id_manager.o
    0x000276f8   0x000000ce   Code   RO         2322    i.im_ble_evt_handler  id_manager.o
    0x000277c6   0x00000002   PAD
    0x000277c8   0x00000030   Code   RO         2323    i.im_conn_handle_get  id_manager.o
    0x000277f8   0x0000002c   Code   RO         2327    i.im_init           id_manager.o
    0x00027824   0x00000044   Code   RO         2328    i.im_is_duplicate_bonding_data  id_manager.o
    0x00027868   0x00000022   Code   RO         2329    i.im_master_id_is_valid  id_manager.o
    0x0002788a   0x00000032   Code   RO         2330    i.im_master_ids_compare  id_manager.o
    0x000278bc   0x00000010   Code   RO         2331    i.im_new_peer_id    id_manager.o
    0x000278cc   0x0000007c   Code   RO         2332    i.im_pdb_evt_handler  id_manager.o
    0x00027948   0x0000002a   Code   RO         2333    i.im_peer_free      id_manager.o
    0x00027972   0x00000002   PAD
    0x00027974   0x00000028   Code   RO         2334    i.im_peer_id_get_by_conn_handle  id_manager.o
    0x0002799c   0x00000040   Code   RO         2335    i.im_peer_id_get_by_master_id  id_manager.o
    0x000279dc   0x00000118   Code   RO         5643    i.init_execute      fds.o
    0x00027af4   0x00000064   Code   RO         9312    i.init_leds         leds.o
    0x00027b58   0x000000b8   Code   RO         7071    i.intern_softdevice_events_execute  softdevice_handler.o
    0x00027c10   0x0000000c   Code   RO         2088    i.internal_state_reset  gatt_cache_manager.o
    0x00027c1c   0x00000018   Code   RO         2232    i.internal_state_reset  gatts_cache_manager.o
    0x00027c34   0x0000002c   Code   RO         2340    i.internal_state_reset  id_manager.o
    0x00027c60   0x00000020   Code   RO         2807    i.internal_state_reset  peer_database.o
    0x00027c80   0x0000000e   Code   RO         2987    i.internal_state_reset  peer_id.o
    0x00027c8e   0x00000002   PAD
    0x00027c90   0x0000002c   Code   RO         3082    i.internal_state_reset  peer_manager.o
    0x00027cbc   0x0000008c   Code   RO         4276    i.interrupts_enable  nrf_drv_uart.o
    0x00027d48   0x000000a4   Code   RO         5134    i.irq_handler       nrf_drv_pwm.o
    0x00027dec   0x00000024   Code   RO         4983    i.irq_handler_spim  nrf_drv_spi.o
    0x00027e10   0x00000190   Code   RO         4588    i.irq_handler_twim  nrf_drv_twi.o
    0x00027fa0   0x00000024   Code   RO         6437    i.is_block_free     mem_manager.o
    0x00027fc4   0x00000024   Code   RO         1756    i.is_conn_params_ok  ble_conn_params.o
    0x00027fe8   0x00000018   Code   RO         2341    i.is_valid_irk      id_manager.o
    0x00028000   0x00000010   Code   RO         5644    i.is_word_aligned   fds.o
    0x00028010   0x0000000c   Code   RO         3746    i.item_dequeue      nrf_drv_clock.o
    0x0002801c   0x00000022   Code   RO         3747    i.item_enqueue      nrf_drv_clock.o
    0x0002803e   0x00000002   PAD
    0x00028040   0x00000028   Code   RO         7209    i.leds_off          bsp.o
    0x00028068   0x00000020   Code   RO         7210    i.leds_timer_handler  bsp.o
    0x00028088   0x00000018   Code   RO         3748    i.lfclk_start       nrf_drv_clock.o
    0x000280a0   0x00000014   Code   RO         2517    i.link_init         nrf_ble_gatt.o
    0x000280b4   0x000000c4   Code   RO         3610    i.link_secure       security_manager.o
    0x00028178   0x0000008e   Code   RO         3464    i.link_secure_central  security_dispatcher.o
    0x00028206   0x000000e8   Code   RO         3465    i.link_secure_central_existing_peer  security_dispatcher.o
    0x000282ee   0x0000007c   Code   RO         3466    i.link_secure_central_new_peer  security_dispatcher.o
    0x0002836a   0x00000002   PAD
    0x0002836c   0x00000058   Code   RO         3467    i.link_secure_failure  security_dispatcher.o
    0x000283c4   0x00000080   Code   RO         3611    i.link_secure_pending_process  security_manager.o
    0x00028444   0x00000012   Code   RO         3468    i.link_secure_peripheral  security_dispatcher.o
    0x00028456   0x00000002   PAD
    0x00028458   0x000000a0   Code   RO         2089    i.local_db_apply_in_evt  gatt_cache_manager.o
    0x000284f8   0x000000b8   Code   RO         2090    i.local_db_update_in_evt  gatt_cache_manager.o
    0x000285b0   0x00000034   Code   RO         3403    i.lock_by_mask      pm_mutex.o
    0x000285e4   0x000001bc   Code   RO         8675    i.log_info_cmd_char_add  log_info.o
    0x000287a0   0x0000019c   Code   RO         8676    i.log_info_data_char_add  log_info.o
    0x0002893c   0x0000007c   Code   RO         8677    i.log_info_init     log_info.o
    0x000289b8   0x00000040   Code   RO         8678    i.log_info_on_ble_evt  log_info.o
    0x000289f8   0x000000d0   Code   RO         8679    i.log_info_send     log_info.o
    0x00028ac8   0x00000014   Code   RO         8681    i.log_info_timeout_handle  log_info.o
    0x00028adc   0x00000024   Code   RO         8682    i.log_info_timers_init  log_info.o
    0x00028b00   0x00000038   Code   RO         8683    i.log_info_timers_start  log_info.o
    0x00028b38   0x0000001c   Code   RO         8684    i.log_info_timers_stop  log_info.o
    0x00028b54   0x0000001e   Code   RO         8121    i.log_init          main.o
    0x00028b72   0x0000000e   Code   RO         8122    i.log_reset_reason  main.o
    0x00028b80   0x00000040   Code   RO         7853    i.logger_application_timers_change_timeout  logger.o
    0x00028bc0   0x0000003c   Code   RO         7854    i.logger_application_timers_start  logger.o
    0x00028bfc   0x0000001c   Code   RO         7855    i.logger_application_timers_stop  logger.o
    0x00028c18   0x00000040   Code   RO         7856    i.logger_entry_read  logger.o
    0x00028c58   0x00000020   Code   RO         7858    i.logger_erase_sector  logger.o
    0x00028c78   0x00000010   Code   RO         7859    i.logger_get_entry_count  logger.o
    0x00028c88   0x00000024   Code   RO         7860    i.logger_list_init  logger.o
    0x00028cac   0x000000d4   Code   RO         7861    i.logger_ram_write  logger.o
    0x00028d80   0x00000024   Code   RO         7862    i.logger_start_task  logger.o
    0x00028da4   0x000000f0   Code   RO         7863    i.logger_task_thread  logger.o
    0x00028e94   0x0000003c   Code   RO         7864    i.logger_task_timeout_handler  logger.o
    0x00028ed0   0x00000038   Code   RO         7865    i.logger_task_timers_init  logger.o
    0x00028f08   0x00000078   Code   RO         7866    i.logger_task_write_entry  logger.o
    0x00028f80   0x00000016   Code   RO         8123    i.logger_thread     main.o
    0x00028f96   0x00000002   PAD
    0x00028f98   0x00000158   Code   RO         8124    i.main              main.o
    0x000290f0   0x00000076   Code   RO         1502    i.manuf_specific_data_encode  ble_advdata.o
    0x00029166   0x000000c2   Code   RO         1503    i.name_encode       ble_advdata.o
    0x00029228   0x00000070   Code   RO         2342    i.new_connection    id_manager.o
    0x00029298   0x00000034   Code   RO         2988    i.next_id_get       peer_id.o
    0x000292cc   0x0000019c   Code   RO         8761    i.notification_char_add_app  notification.o
    0x00029468   0x0000019c   Code   RO         8762    i.notification_char_add_btn  notification.o
    0x00029604   0x00000198   Code   RO         8763    i.notification_char_add_led  notification.o
    0x0002979c   0x00000198   Code   RO         8764    i.notification_char_add_log  notification.o
    0x00029934   0x00000198   Code   RO         8765    i.notification_char_add_motor  notification.o
    0x00029acc   0x0000019c   Code   RO         8766    i.notification_char_add_piezo  notification.o
    0x00029c68   0x0000019c   Code   RO         8767    i.notification_char_add_sleep  notification.o
    0x00029e04   0x00000194   Code   RO         8768    i.notification_char_add_time  notification.o
    0x00029f98   0x0000019c   Code   RO         8769    i.notification_char_add_zap  notification.o
    0x0002a134   0x0000008c   Code   RO         8770    i.notification_on_ble_evt  notification.o
    0x0002a1c0   0x000001fc   Code   RO         8771    i.notification_send  notification.o
    0x0002a3bc   0x000000c0   Code   RO         8772    i.notification_service_init  notification.o
    0x0002a47c   0x00000028   Code   RO         8773    i.notify_timeout_handle  notification.o
    0x0002a4a4   0x00000024   Code   RO         8774    i.notify_timers_init  notification.o
    0x0002a4c8   0x00000038   Code   RO         8775    i.notify_timers_start  notification.o
    0x0002a500   0x0000001c   Code   RO         8776    i.notify_timers_stop  notification.o
    0x0002a51c   0x00000016   Code   RO         3992    i.nrf_bitmask_bit_is_set  nrf_drv_gpiote.o
    0x0002a532   0x00000034   Code   RO         2523    i.nrf_ble_gatt_init  nrf_ble_gatt.o
    0x0002a566   0x00000002   PAD
    0x0002a568   0x000000b8   Code   RO         2524    i.nrf_ble_gatt_on_ble_evt  nrf_ble_gatt.o
    0x0002a620   0x00000012   Code   RO         3750    i.nrf_clock_event_check  nrf_drv_clock.o
    0x0002a632   0x00000012   Code   RO         3751    i.nrf_clock_event_clear  nrf_drv_clock.o
    0x0002a644   0x0000000c   Code   RO         3753    i.nrf_clock_int_disable  nrf_drv_clock.o
    0x0002a650   0x0000000c   Code   RO         3754    i.nrf_clock_int_enable  nrf_drv_clock.o
    0x0002a65c   0x00000008   Code   RO         3756    i.nrf_clock_task_trigger  nrf_drv_clock.o
    0x0002a664   0x00000012   Code   RO         7314    i.nrf_delay_ms      pavlok_common.o
    0x0002a676   0x00000012   Code   RO         9443    i.nrf_delay_ms      accel_mag.o
    0x0002a688   0x00000098   Code   RO         4589    i.nrf_delay_us      nrf_drv_twi.o
    0x0002a720   0x00000098   Code   RO         7315    i.nrf_delay_us      pavlok_common.o
    0x0002a7b8   0x00000098   Code   RO         8871    i.nrf_delay_us      training.o
    0x0002a850   0x00000098   Code   RO         9444    i.nrf_delay_us      accel_mag.o
    0x0002a8e8   0x00000098   Code   RO         9612    i.nrf_delay_us      rtc.o
    0x0002a980   0x00000098   Code   RO         9717    i.nrf_delay_us      serial_flash_fsm.o
    0x0002aa18   0x00000068   Code   RO         3762    i.nrf_drv_clock_init  nrf_drv_clock.o
    0x0002aa80   0x0000006c   Code   RO         3767    i.nrf_drv_clock_lfclk_request  nrf_drv_clock.o
    0x0002aaec   0x00000034   Code   RO         3769    i.nrf_drv_clock_on_sd_enable  nrf_drv_clock.o
    0x0002ab20   0x0000000e   Code   RO         3770    i.nrf_drv_clock_on_soc_event  nrf_drv_clock.o
    0x0002ab2e   0x00000002   PAD
    0x0002ab30   0x0000001c   Code   RO         4277    i.nrf_drv_common_irq_disable  nrf_drv_uart.o
    0x0002ab4c   0x00000060   Code   RO         3951    i.nrf_drv_common_irq_enable  nrf_drv_common.o
    0x0002abac   0x0000000a   Code   RO         4278    i.nrf_drv_get_IRQn  nrf_drv_uart.o
    0x0002abb6   0x0000000a   Code   RO         4590    i.nrf_drv_get_IRQn  nrf_drv_twi.o
    0x0002abc0   0x0000000a   Code   RO         5135    i.nrf_drv_get_IRQn  nrf_drv_pwm.o
    0x0002abca   0x00000002   PAD
    0x0002abcc   0x000000ac   Code   RO         3997    i.nrf_drv_gpiote_in_event_enable  nrf_drv_gpiote.o
    0x0002ac78   0x000000dc   Code   RO         3998    i.nrf_drv_gpiote_in_init  nrf_drv_gpiote.o
    0x0002ad54   0x00000014   Code   RO         3999    i.nrf_drv_gpiote_in_is_set  nrf_drv_gpiote.o
    0x0002ad68   0x00000060   Code   RO         4001    i.nrf_drv_gpiote_init  nrf_drv_gpiote.o
    0x0002adc8   0x00000014   Code   RO         4002    i.nrf_drv_gpiote_is_init  nrf_drv_gpiote.o
    0x0002addc   0x00000014   Code   RO         4279    i.nrf_drv_is_in_RAM  nrf_drv_uart.o
    0x0002adf0   0x00000014   Code   RO         4591    i.nrf_drv_is_in_RAM  nrf_drv_twi.o
    0x0002ae04   0x00000014   Code   RO         4984    i.nrf_drv_is_in_RAM  nrf_drv_spi.o
    0x0002ae18   0x000000b4   Code   RO         5137    i.nrf_drv_pwm_init  nrf_drv_pwm.o
    0x0002aecc   0x00000030   Code   RO         5138    i.nrf_drv_pwm_is_stopped  nrf_drv_pwm.o
    0x0002aefc   0x00000084   Code   RO         5139    i.nrf_drv_pwm_simple_playback  nrf_drv_pwm.o
    0x0002af80   0x00000034   Code   RO         5140    i.nrf_drv_pwm_stop  nrf_drv_pwm.o
    0x0002afb4   0x00000044   Code   RO         5141    i.nrf_drv_pwm_uninit  nrf_drv_pwm.o
    0x0002aff8   0x000000e4   Code   RO         4828    i.nrf_drv_saadc_sample_convert  nrf_drv_saadc.o
    0x0002b0dc   0x00000158   Code   RO         4987    i.nrf_drv_spi_init  nrf_drv_spi.o
    0x0002b234   0x0000002c   Code   RO         4989    i.nrf_drv_spi_transfer  nrf_drv_spi.o
    0x0002b260   0x0000007c   Code   RO         4991    i.nrf_drv_spi_xfer  nrf_drv_spi.o
    0x0002b2dc   0x00000024   Code   RO         4594    i.nrf_drv_twi_enable  nrf_drv_twi.o
    0x0002b300   0x0000009c   Code   RO         4595    i.nrf_drv_twi_init  nrf_drv_twi.o
    0x0002b39c   0x0000002c   Code   RO         4597    i.nrf_drv_twi_rx    nrf_drv_twi.o
    0x0002b3c8   0x0000003c   Code   RO         4600    i.nrf_drv_twi_tx    nrf_drv_twi.o
    0x0002b404   0x00000030   Code   RO         4602    i.nrf_drv_twi_xfer  nrf_drv_twi.o
    0x0002b434   0x00000084   Code   RO         4281    i.nrf_drv_uart_init  nrf_drv_uart.o
    0x0002b4b8   0x00000064   Code   RO         4289    i.nrf_drv_uart_tx   nrf_drv_uart.o
    0x0002b51c   0x0000008c   Code   RO         4291    i.nrf_drv_uart_tx_for_uart  nrf_drv_uart.o
    0x0002b5a8   0x0000007c   Code   RO         4292    i.nrf_drv_uart_tx_for_uarte  nrf_drv_uart.o
    0x0002b624   0x0000001c   Code   RO         4293    i.nrf_drv_uart_tx_in_progress  nrf_drv_uart.o
    0x0002b640   0x0000008c   Code   RO         4294    i.nrf_drv_uart_uninit  nrf_drv_uart.o
    0x0002b6cc   0x00000048   Code   RO         6439    i.nrf_free          mem_manager.o
    0x0002b714   0x00000028   Code   RO           17    i.nrf_gpio_cfg      boards.o
    0x0002b73c   0x00000028   Code   RO         4016    i.nrf_gpio_cfg      nrf_drv_gpiote.o
    0x0002b764   0x00000028   Code   RO         4295    i.nrf_gpio_cfg      nrf_drv_uart.o
    0x0002b78c   0x00000028   Code   RO         4992    i.nrf_gpio_cfg      nrf_drv_spi.o
    0x0002b7b4   0x00000018   Code   RO         4296    i.nrf_gpio_cfg_default  nrf_drv_uart.o
    0x0002b7cc   0x0000001a   Code   RO         4297    i.nrf_gpio_cfg_input  nrf_drv_uart.o
    0x0002b7e6   0x00000018   Code   RO         4298    i.nrf_gpio_cfg_output  nrf_drv_uart.o
    0x0002b7fe   0x00000018   Code   RO         4993    i.nrf_gpio_cfg_output  nrf_drv_spi.o
    0x0002b816   0x00000030   Code   RO         9966    i.nrf_gpio_cfg_output  zap.o
    0x0002b846   0x00000032   Code   RO         4018    i.nrf_gpio_cfg_sense_set  nrf_drv_gpiote.o
    0x0002b878   0x00000032   Code   RO         7211    i.nrf_gpio_cfg_sense_set  bsp.o
    0x0002b8aa   0x00000016   Code   RO         4603    i.nrf_gpio_pin_clear  nrf_drv_twi.o
    0x0002b8c0   0x00000016   Code   RO         4994    i.nrf_gpio_pin_clear  nrf_drv_spi.o
    0x0002b8d6   0x00000016   Code   RO         9313    i.nrf_gpio_pin_clear  leds.o
    0x0002b8ec   0x00000016   Code   RO         9445    i.nrf_gpio_pin_clear  accel_mag.o
    0x0002b902   0x00000016   Code   RO         9967    i.nrf_gpio_pin_clear  zap.o
    0x0002b918   0x00000018   Code   RO         4020    i.nrf_gpio_pin_read  nrf_drv_gpiote.o
    0x0002b930   0x00000016   Code   RO         4299    i.nrf_gpio_pin_set  nrf_drv_uart.o
    0x0002b946   0x00000016   Code   RO         4604    i.nrf_gpio_pin_set  nrf_drv_twi.o
    0x0002b95c   0x00000016   Code   RO         4995    i.nrf_gpio_pin_set  nrf_drv_spi.o
    0x0002b972   0x00000016   Code   RO         9446    i.nrf_gpio_pin_set  accel_mag.o
    0x0002b988   0x00000016   Code   RO         9913    i.nrf_gpio_pin_set  spi.o
    0x0002b99e   0x00000016   Code   RO         9968    i.nrf_gpio_pin_set  zap.o
    0x0002b9b4   0x0000003a   Code   RO           18    i.nrf_gpio_pin_write  boards.o
    0x0002b9ee   0x00000002   PAD
    0x0002b9f0   0x00000028   Code   RO         4022    i.nrf_gpio_ports_read  nrf_drv_gpiote.o
    0x0002ba18   0x0000000c   Code   RO         4023    i.nrf_gpiote_event_addr_get  nrf_drv_gpiote.o
    0x0002ba24   0x0000001c   Code   RO         4024    i.nrf_gpiote_event_clear  nrf_drv_gpiote.o
    0x0002ba40   0x00000016   Code   RO         4025    i.nrf_gpiote_event_is_set  nrf_drv_gpiote.o
    0x0002ba56   0x00000002   PAD
    0x0002ba58   0x0000000c   Code   RO         4026    i.nrf_gpiote_int_enable  nrf_drv_gpiote.o
    0x0002ba64   0x00000008   Code   RO         6526    i.nrf_log_backend_hexdump_handler_get  nrf_log_backend_serial.o
    0x0002ba6c   0x00000084   Code   RO         6527    i.nrf_log_backend_init  nrf_log_backend_serial.o
    0x0002baf0   0x0000015e   Code   RO         6528    i.nrf_log_backend_serial_hexdump_handler  nrf_log_backend_serial.o
    0x0002bc4e   0x00000182   Code   RO         6529    i.nrf_log_backend_serial_std_handler  nrf_log_backend_serial.o
    0x0002bdd0   0x00000008   Code   RO         6530    i.nrf_log_backend_std_handler_get  nrf_log_backend_serial.o
    0x0002bdd8   0x0000000a   Code   RO         6630    i.nrf_log_blocking_backend_set  nrf_log_frontend.o
    0x0002bde2   0x00000002   PAD
    0x0002bde4   0x000001bc   Code   RO         6631    i.nrf_log_frontend_dequeue  nrf_log_frontend.o
    0x0002bfa0   0x00000024   Code   RO         6633    i.nrf_log_frontend_init  nrf_log_frontend.o
    0x0002bfc4   0x00000060   Code   RO         6634    i.nrf_log_frontend_std_0  nrf_log_frontend.o
    0x0002c024   0x00000074   Code   RO         6635    i.nrf_log_frontend_std_1  nrf_log_frontend.o
    0x0002c098   0x00000080   Code   RO         6636    i.nrf_log_frontend_std_2  nrf_log_frontend.o
    0x0002c118   0x00000094   Code   RO         6637    i.nrf_log_frontend_std_3  nrf_log_frontend.o
    0x0002c1ac   0x00000010   Code   RO         6642    i.nrf_log_handlers_set  nrf_log_frontend.o
    0x0002c1bc   0x0000002c   Code   RO         6643    i.nrf_log_init      nrf_log_frontend.o
    0x0002c1e8   0x0000001e   Code   RO         6440    i.nrf_malloc        mem_manager.o
    0x0002c206   0x00000002   PAD
    0x0002c208   0x00000024   Code   RO         6441    i.nrf_mem_init      mem_manager.o
    0x0002c22c   0x000000a4   Code   RO         6442    i.nrf_mem_reserve   mem_manager.o
    0x0002c2d0   0x0000000e   Code   RO         5142    i.nrf_pwm_event_check  nrf_drv_pwm.o
    0x0002c2de   0x0000000e   Code   RO         5143    i.nrf_pwm_event_clear  nrf_drv_pwm.o
    0x0002c2ec   0x00000006   Code   RO         5144    i.nrf_pwm_int_set   nrf_drv_pwm.o
    0x0002c2f2   0x00000006   Code   RO         5145    i.nrf_pwm_loop_set  nrf_drv_pwm.o
    0x0002c2f8   0x0000003c   Code   RO         5146    i.nrf_pwm_sequence_set  nrf_drv_pwm.o
    0x0002c334   0x00000006   Code   RO         5147    i.nrf_pwm_shorts_set  nrf_drv_pwm.o
    0x0002c33a   0x00000006   Code   RO         5148    i.nrf_pwm_task_trigger  nrf_drv_pwm.o
    0x0002c340   0x0000000e   Code   RO          634    i.nrf_rtc_event_clear  port_cmsis_systick.o
    0x0002c34e   0x00000006   Code   RO          635    i.nrf_rtc_int_disable  port_cmsis_systick.o
    0x0002c354   0x00000006   Code   RO          636    i.nrf_rtc_int_enable  port_cmsis_systick.o
    0x0002c35a   0x00000006   Code   RO          637    i.nrf_rtc_task_trigger  port_cmsis_systick.o
    0x0002c360   0x00000010   Code   RO         4831    i.nrf_saadc_buffer_init  nrf_drv_saadc.o
    0x0002c370   0x00000018   Code   RO         4832    i.nrf_saadc_channel_input_set  nrf_drv_saadc.o
    0x0002c388   0x00000014   Code   RO         4833    i.nrf_saadc_event_check  nrf_drv_saadc.o
    0x0002c39c   0x00000018   Code   RO         4834    i.nrf_saadc_event_clear  nrf_drv_saadc.o
    0x0002c3b4   0x0000000c   Code   RO         4835    i.nrf_saadc_int_disable  nrf_drv_saadc.o
    0x0002c3c0   0x0000000c   Code   RO         4836    i.nrf_saadc_int_enable  nrf_drv_saadc.o
    0x0002c3cc   0x0000000c   Code   RO         4838    i.nrf_saadc_task_trigger  nrf_drv_saadc.o
    0x0002c3d8   0x0000000e   Code   RO         4996    i.nrf_spim_event_check  nrf_drv_spi.o
    0x0002c3e6   0x0000000e   Code   RO         4997    i.nrf_spim_event_clear  nrf_drv_spi.o
    0x0002c3f4   0x00000006   Code   RO         4998    i.nrf_spim_int_disable  nrf_drv_spi.o
    0x0002c3fa   0x00000006   Code   RO         4999    i.nrf_spim_int_enable  nrf_drv_spi.o
    0x0002c400   0x00000006   Code   RO         5000    i.nrf_spim_task_trigger  nrf_drv_spi.o
    0x0002c406   0x0000000c   Code   RO         4605    i.nrf_twim_errorsrc_get_and_clear  nrf_drv_twi.o
    0x0002c412   0x0000000e   Code   RO         4606    i.nrf_twim_event_check  nrf_drv_twi.o
    0x0002c420   0x0000000e   Code   RO         4607    i.nrf_twim_event_clear  nrf_drv_twi.o
    0x0002c42e   0x00000006   Code   RO         4608    i.nrf_twim_int_disable  nrf_drv_twi.o
    0x0002c434   0x00000006   Code   RO         4609    i.nrf_twim_int_enable  nrf_drv_twi.o
    0x0002c43a   0x0000000c   Code   RO         4610    i.nrf_twim_rx_buffer_set  nrf_drv_twi.o
    0x0002c446   0x0000000a   Code   RO         4611    i.nrf_twim_rxd_amount_get  nrf_drv_twi.o
    0x0002c450   0x00000006   Code   RO         4612    i.nrf_twim_shorts_set  nrf_drv_twi.o
    0x0002c456   0x00000006   Code   RO         4613    i.nrf_twim_task_trigger  nrf_drv_twi.o
    0x0002c45c   0x0000000c   Code   RO         4614    i.nrf_twim_tx_buffer_set  nrf_drv_twi.o
    0x0002c468   0x0000000a   Code   RO         4615    i.nrf_twim_txd_amount_get  nrf_drv_twi.o
    0x0002c472   0x0000000c   Code   RO         4300    i.nrf_uart_errorsrc_get_and_clear  nrf_drv_uart.o
    0x0002c47e   0x0000000e   Code   RO         4301    i.nrf_uart_event_check  nrf_drv_uart.o
    0x0002c48c   0x0000000e   Code   RO         4302    i.nrf_uart_event_clear  nrf_drv_uart.o
    0x0002c49a   0x0000000a   Code   RO         4303    i.nrf_uart_hwfc_pins_set  nrf_drv_uart.o
    0x0002c4a4   0x00000006   Code   RO         4304    i.nrf_uart_int_disable  nrf_drv_uart.o
    0x0002c4aa   0x00000006   Code   RO         4305    i.nrf_uart_int_enable  nrf_drv_uart.o
    0x0002c4b0   0x00000012   Code   RO         4306    i.nrf_uart_int_enable_check  nrf_drv_uart.o
    0x0002c4c2   0x00000006   Code   RO         4307    i.nrf_uart_task_trigger  nrf_drv_uart.o
    0x0002c4c8   0x0000000a   Code   RO         4308    i.nrf_uart_txrx_pins_set  nrf_drv_uart.o
    0x0002c4d2   0x0000000c   Code   RO         4309    i.nrf_uarte_errorsrc_get_and_clear  nrf_drv_uart.o
    0x0002c4de   0x0000000e   Code   RO         4310    i.nrf_uarte_event_check  nrf_drv_uart.o
    0x0002c4ec   0x0000000e   Code   RO         4311    i.nrf_uarte_event_clear  nrf_drv_uart.o
    0x0002c4fa   0x0000000c   Code   RO         4312    i.nrf_uarte_hwfc_pins_set  nrf_drv_uart.o
    0x0002c506   0x00000006   Code   RO         4313    i.nrf_uarte_int_disable  nrf_drv_uart.o
    0x0002c50c   0x00000006   Code   RO         4314    i.nrf_uarte_int_enable  nrf_drv_uart.o
    0x0002c512   0x0000000a   Code   RO         4315    i.nrf_uarte_rx_amount_get  nrf_drv_uart.o
    0x0002c51c   0x00000006   Code   RO         4316    i.nrf_uarte_task_trigger  nrf_drv_uart.o
    0x0002c522   0x0000000e   Code   RO         4317    i.nrf_uarte_txrx_pins_set  nrf_drv_uart.o
    0x0002c530   0x00000058   Code   RO         8125    i.on_adv_evt        main.o
    0x0002c588   0x00000158   Code   RO         8126    i.on_ble_evt        main.o
    0x0002c6e0   0x0000002c   Code   RO         8127    i.on_conn_params_evt  main.o
    0x0002c70c   0x00000018   Code   RO         1757    i.on_conn_params_update  ble_conn_params.o
    0x0002c724   0x00000038   Code   RO         1758    i.on_connect        ble_conn_params.o
    0x0002c75c   0x00000014   Code   RO         1619    i.on_connected      ble_advertising.o
    0x0002c770   0x00000078   Code   RO         2525    i.on_connected_evt  nrf_ble_gatt.o
    0x0002c7e8   0x00000054   Code   RO         2526    i.on_data_length_update_evt  nrf_ble_gatt.o
    0x0002c83c   0x00000054   Code   RO         2527    i.on_data_length_update_request_evt  nrf_ble_gatt.o
    0x0002c890   0x00000040   Code   RO         1759    i.on_disconnect     ble_conn_params.o
    0x0002c8d0   0x0000003c   Code   RO         1620    i.on_disconnected   ble_advertising.o
    0x0002c90c   0x00000014   Code   RO         2528    i.on_disconnected_evt  nrf_ble_gatt.o
    0x0002c920   0x00000080   Code   RO         2529    i.on_exchange_mtu_request_evt  nrf_ble_gatt.o
    0x0002c9a0   0x00000064   Code   RO         2530    i.on_exchange_mtu_rsp_evt  nrf_ble_gatt.o
    0x0002ca04   0x0000002c   Code   RO         6037    i.on_operation_failure  fstorage.o
    0x0002ca30   0x00000078   Code   RO         6038    i.on_operation_success  fstorage.o
    0x0002caa8   0x00000038   Code   RO         1621    i.on_timeout        ble_advertising.o
    0x0002cae0   0x0000004c   Code   RO         1760    i.on_write          ble_conn_params.o
    0x0002cb2c   0x00000048   Code   RO         8397    i.on_write          ble_bas.o
    0x0002cb74   0x000002a0   Code   RO         8532    i.on_write          configuration.o
    0x0002ce14   0x0000008c   Code   RO         8620    i.on_write          appsvc.o
    0x0002cea0   0x0000004c   Code   RO         8685    i.on_write          log_info.o
    0x0002ceec   0x00000104   Code   RO         8872    i.on_write          training.o
    0x0002cff0   0x00000230   Code   RO         8979    i.on_write          solicited.o
    0x0002d220   0x000000a4   Code   RO         5645    i.op_enqueue        fds.o
    0x0002d2c4   0x000001b4   Code   RO         9097    i.ota_app_char_add  ota.o
    0x0002d478   0x000001b4   Code   RO         9098    i.ota_fw_char_add   ota.o
    0x0002d62c   0x00000084   Code   RO         9101    i.ota_service_init  ota.o
    0x0002d6b0   0x00000040   Code   RO         5646    i.page_from_record  fds.o
    0x0002d6f0   0x0000002c   Code   RO         5647    i.page_has_space    fds.o
    0x0002d71c   0x0000002c   Code   RO         5648    i.page_identify     fds.o
    0x0002d748   0x0000001e   Code   RO         5649    i.page_is_erased    fds.o
    0x0002d766   0x00000012   Code   RO         5650    i.page_offsets_update  fds.o
    0x0002d778   0x00000068   Code   RO         5651    i.page_scan         fds.o
    0x0002d7e0   0x00000020   Code   RO         5652    i.page_tag_write_data  fds.o
    0x0002d800   0x00000024   Code   RO         5653    i.page_tag_write_swap  fds.o
    0x0002d824   0x00000130   Code   RO         5654    i.pages_init        fds.o
    0x0002d954   0x00000084   Code   RO         3469    i.pairing_failure   security_dispatcher.o
    0x0002d9d8   0x00000048   Code   RO         3612    i.params_reply_pending_process  security_manager.o
    0x0002da20   0x0000004a   Code   RO         7316    i.pavlok_button_normalize  pavlok_common.o
    0x0002da6a   0x00000002   PAD
    0x0002da6c   0x0000000c   Code   RO         7317    i.pavlok_clear_dirty_bit  pavlok_common.o
    0x0002da78   0x00000008   Code   RO         7318    i.pavlok_common_get_encode_buffer  pavlok_common.o
    0x0002da80   0x00000030   Code   RO         7319    i.pavlok_common_start_task  pavlok_common.o
    0x0002dab0   0x0000005a   Code   RO         7320    i.pavlok_encode     pavlok_common.o
    0x0002db0a   0x00000002   PAD
    0x0002db0c   0x00000008   Code   RO         7321    i.pavlok_get_configuration  pavlok_common.o
    0x0002db14   0x00000018   Code   RO         7322    i.pavlok_get_dirty_bit  pavlok_common.o
    0x0002db2c   0x0000002c   Code   RO         7323    i.pavlok_get_p_service_info  pavlok_common.o
    0x0002db58   0x0000000c   Code   RO         7325    i.pavlok_get_training_started  pavlok_common.o
    0x0002db64   0x00000026   Code   RO         7326    i.pavlok_get_usb_pin_state  pavlok_common.o
    0x0002db8a   0x0000007a   Code   RO         7327    i.pavlok_led_bit_pattern  pavlok_common.o
    0x0002dc04   0x00000018   Code   RO         7328    i.pavlok_led_clear_all  pavlok_common.o
    0x0002dc1c   0x00000052   Code   RO         7330    i.pavlok_led_flash_all  pavlok_common.o
    0x0002dc6e   0x0000003c   Code   RO         7331    i.pavlok_led_lightning_down  pavlok_common.o
    0x0002dcaa   0x0000003c   Code   RO         7332    i.pavlok_led_lightning_up  pavlok_common.o
    0x0002dce6   0x00000046   Code   RO         7333    i.pavlok_led_reward_pattern  pavlok_common.o
    0x0002dd2c   0x00000068   Code   RO         7334    i.pavlok_led_warning_pattern  pavlok_common.o
    0x0002dd94   0x00000028   Code   RO         7335    i.pavlok_list_append  pavlok_common.o
    0x0002ddbc   0x0000001e   Code   RO         7336    i.pavlok_list_delete  pavlok_common.o
    0x0002ddda   0x00000028   Code   RO         7339    i.pavlok_list_next  pavlok_common.o
    0x0002de02   0x00000010   Code   RO         7340    i.pavlok_list_pop   pavlok_common.o
    0x0002de12   0x00000018   Code   RO         7341    i.pavlok_restart_service_task  pavlok_common.o
    0x0002de2a   0x00000002   PAD
    0x0002de2c   0x00000020   Code   RO         7342    i.pavlok_set_default_configuration  pavlok_common.o
    0x0002de4c   0x000000cc   Code   RO         7343    i.pavlok_set_dirty_bit  pavlok_common.o
    0x0002df18   0x000000d8   Code   RO         7344    i.pavlok_set_stimulus_on  pavlok_common.o
    0x0002dff0   0x0000000c   Code   RO         7345    i.pavlok_set_training_started  pavlok_common.o
    0x0002dffc   0x00000028   Code   RO         7347    i.pavlok_timers_init  pavlok_common.o
    0x0002e024   0x00000054   Code   RO         7348    i.pavlok_training_notifiy_user  pavlok_common.o
    0x0002e078   0x0000002c   Code   RO         7349    i.pavlok_training_start_stimulus  pavlok_common.o
    0x0002e0a4   0x00000054   Code   RO         7350    i.pavlok_training_stop_stimulus  pavlok_common.o
    0x0002e0f8   0x00000034   Code   RO         7351    i.pavlok_vusb_init  pavlok_common.o
    0x0002e12c   0x00000020   Code   RO         2809    i.pdb_evt_send      peer_database.o
    0x0002e14c   0x00000044   Code   RO         2810    i.pdb_init          peer_database.o
    0x0002e190   0x0000000c   Code   RO         2812    i.pdb_next_deleted_peer_id_get  peer_database.o
    0x0002e19c   0x0000000c   Code   RO         2813    i.pdb_next_peer_id_get  peer_database.o
    0x0002e1a8   0x000001bc   Code   RO         2814    i.pdb_pds_evt_handler  peer_database.o
    0x0002e364   0x00000008   Code   RO         2815    i.pdb_peer_allocate  peer_database.o
    0x0002e36c   0x00000016   Code   RO         2817    i.pdb_peer_data_ptr_get  peer_database.o
    0x0002e382   0x00000058   Code   RO         2818    i.pdb_peer_free     peer_database.o
    0x0002e3da   0x00000016   Code   RO         2819    i.pdb_raw_store     peer_database.o
    0x0002e3f0   0x00000134   Code   RO         2820    i.pdb_write_buf_get  peer_database.o
    0x0002e524   0x00000036   Code   RO         2821    i.pdb_write_buf_release  peer_database.o
    0x0002e55a   0x00000002   PAD
    0x0002e55c   0x00000104   Code   RO         2822    i.pdb_write_buf_store  peer_database.o
    0x0002e660   0x00000078   Code   RO         2823    i.pdb_write_buf_store_prepare  peer_database.o
    0x0002e6d8   0x00000020   Code   RO         2639    i.pds_evt_send      peer_data_storage.o
    0x0002e6f8   0x00000038   Code   RO         2640    i.pds_init          peer_data_storage.o
    0x0002e730   0x0000000c   Code   RO         2641    i.pds_next_deleted_peer_id_get  peer_data_storage.o
    0x0002e73c   0x0000000c   Code   RO         2642    i.pds_next_peer_id_get  peer_data_storage.o
    0x0002e748   0x0000005c   Code   RO         2645    i.pds_peer_data_iterate  peer_data_storage.o
    0x0002e7a4   0x00000010   Code   RO         2646    i.pds_peer_data_iterate_prepare  peer_data_storage.o
    0x0002e7b4   0x00000088   Code   RO         2647    i.pds_peer_data_read  peer_data_storage.o
    0x0002e83c   0x000000be   Code   RO         2648    i.pds_peer_data_store  peer_data_storage.o
    0x0002e8fa   0x0000000c   Code   RO         2649    i.pds_peer_id_allocate  peer_data_storage.o
    0x0002e906   0x0000001e   Code   RO         2650    i.pds_peer_id_free  peer_data_storage.o
    0x0002e924   0x0000000c   Code   RO         2651    i.pds_peer_id_is_allocated  peer_data_storage.o
    0x0002e930   0x0000003c   Code   RO         2652    i.pds_space_reserve  peer_data_storage.o
    0x0002e96c   0x00000014   Code   RO         2653    i.pds_space_reserve_cancel  peer_data_storage.o
    0x0002e980   0x0000001c   Code   RO         2824    i.peer_data_const_point_to_buffer  peer_database.o
    0x0002e99c   0x000000a4   Code   RO         2654    i.peer_data_delete  peer_data_storage.o
    0x0002ea40   0x00000040   Code   RO         2655    i.peer_data_find    peer_data_storage.o
    0x0002ea80   0x00000022   Code   RO         2656    i.peer_data_id_is_valid  peer_data_storage.o
    0x0002eaa2   0x0000000a   Code   RO         2657    i.peer_data_id_to_record_key  peer_data_storage.o
    0x0002eaac   0x0000001a   Code   RO         2825    i.peer_data_point_to_buffer  peer_database.o
    0x0002eac6   0x00000002   PAD
    0x0002eac8   0x00000014   Code   RO         2989    i.peer_id_allocate  peer_id.o
    0x0002eadc   0x0000002c   Code   RO         2990    i.peer_id_delete    peer_id.o
    0x0002eb08   0x0000001c   Code   RO         2991    i.peer_id_free      peer_id.o
    0x0002eb24   0x00000014   Code   RO         2992    i.peer_id_get_next_deleted  peer_id.o
    0x0002eb38   0x00000038   Code   RO         2993    i.peer_id_get_next_used  peer_id.o
    0x0002eb70   0x00000024   Code   RO         2994    i.peer_id_init      peer_id.o
    0x0002eb94   0x0000001c   Code   RO         2995    i.peer_id_is_allocated  peer_id.o
    0x0002ebb0   0x0000001c   Code   RO         2996    i.peer_id_is_deleted  peer_id.o
    0x0002ebcc   0x00000024   Code   RO         2343    i.peer_id_set       id_manager.o
    0x0002ebf0   0x0000000a   Code   RO         2658    i.peer_id_to_file_id  peer_data_storage.o
    0x0002ebfa   0x00000046   Code   RO         2659    i.peer_ids_load     peer_data_storage.o
    0x0002ec40   0x000000ec   Code   RO         8128    i.peer_manager_init  main.o
    0x0002ed2c   0x000002a8   Code   RO         7961    i.perform_action_timeout_handler  service_task.o
    0x0002efd4   0x00000038   Code   RO         7962    i.perform_action_timers_init  service_task.o
    0x0002f00c   0x00000068   Code   RO         7963    i.perform_action_timers_start  service_task.o
    0x0002f074   0x0000001c   Code   RO         7964    i.perform_action_timers_stop  service_task.o
    0x0002f090   0x0000001c   Code   RO         4029    i.pin_in_use_by_gpiote  nrf_drv_gpiote.o
    0x0002f0ac   0x00000018   Code   RO         4030    i.pin_in_use_by_port  nrf_drv_gpiote.o
    0x0002f0c4   0x00000020   Code   RO         4031    i.pin_in_use_by_te  nrf_drv_gpiote.o
    0x0002f0e4   0x0000000c   Code   RO         4032    i.pin_in_use_clear  nrf_drv_gpiote.o
    0x0002f0f0   0x000000d4   Code   RO         4318    i.pins_to_default   nrf_drv_uart.o
    0x0002f1c4   0x00000062   Code   RO         3361    i.pm_buffer_block_acquire  pm_buffer.o
    0x0002f226   0x0000004e   Code   RO         3362    i.pm_buffer_init    pm_buffer.o
    0x0002f274   0x00000030   Code   RO         3363    i.pm_buffer_ptr_get  pm_buffer.o
    0x0002f2a4   0x00000028   Code   RO         3364    i.pm_buffer_release  pm_buffer.o
    0x0002f2cc   0x00000010   Code   RO         3084    i.pm_conn_sec_config_reply  peer_manager.o
    0x0002f2dc   0x00000120   Code   RO         8129    i.pm_evt_handler    main.o
    0x0002f3fc   0x000000be   Code   RO         3088    i.pm_gcm_evt_handler  peer_manager.o
    0x0002f4ba   0x00000002   PAD
    0x0002f4bc   0x00000058   Code   RO         3091    i.pm_im_evt_handler  peer_manager.o
    0x0002f514   0x000000a4   Code   RO         3092    i.pm_init           peer_manager.o
    0x0002f5b8   0x0000001c   Code   RO         3094    i.pm_local_database_has_changed  peer_manager.o
    0x0002f5d4   0x00000014   Code   RO         3404    i.pm_mutex_init     pm_mutex.o
    0x0002f5e8   0x00000020   Code   RO         3405    i.pm_mutex_lock     pm_mutex.o
    0x0002f608   0x00000030   Code   RO         3406    i.pm_mutex_lock_first_available  pm_mutex.o
    0x0002f638   0x00000024   Code   RO         3407    i.pm_mutex_lock_status_get  pm_mutex.o
    0x0002f65c   0x00000038   Code   RO         3408    i.pm_mutex_unlock   pm_mutex.o
    0x0002f694   0x0000002c   Code   RO         3096    i.pm_on_ble_evt     peer_manager.o
    0x0002f6c0   0x000001c8   Code   RO         3097    i.pm_pdb_evt_handler  peer_manager.o
    0x0002f888   0x00000020   Code   RO         3108    i.pm_peer_delete    peer_manager.o
    0x0002f8a8   0x00000080   Code   RO         3113    i.pm_peers_delete   peer_manager.o
    0x0002f928   0x00000040   Code   RO         3116    i.pm_register       peer_manager.o
    0x0002f968   0x00000024   Code   RO         3118    i.pm_sec_params_set  peer_manager.o
    0x0002f98c   0x000001b0   Code   RO         3119    i.pm_sm_evt_handler  peer_manager.o
    0x0002fb3c   0x0000008c   Code   RO         8476    i.pnp_id_encode     ble_dis.o
    0x0002fbc8   0x00000054   Code   RO          956    i.prvAddCurrentTaskToDelayedList  tasks.o
    0x0002fc1c   0x00000042   Code   RO          957    i.prvAllocateTCBAndStack  tasks.o
    0x0002fc5e   0x00000002   PAD
    0x0002fc60   0x00000064   Code   RO         1307    i.prvCheckForValidListAndQueue  timers.o
    0x0002fcc4   0x00000064   Code   RO          958    i.prvCheckTasksWaitingTermination  tasks.o
    0x0002fd28   0x0000002a   Code   RO          765    i.prvCopyDataFromQueue  queue.o
    0x0002fd52   0x00000080   Code   RO          766    i.prvCopyDataToQueue  queue.o
    0x0002fdd2   0x00000012   Code   RO          959    i.prvDeleteTCB      tasks.o
    0x0002fde4   0x00000034   Code   RO          960    i.prvGetExpectedIdleTime  tasks.o
    0x0002fe18   0x00000028   Code   RO         1308    i.prvGetNextExpireTime  timers.o
    0x0002fe40   0x0000007c   Code   RO         1433    i.prvHeapInit       heap_4.o
    0x0002febc   0x0000006c   Code   RO          961    i.prvIdleTask       tasks.o
    0x0002ff28   0x00000062   Code   RO          962    i.prvInitialiseTCBVariables  tasks.o
    0x0002ff8a   0x00000002   PAD
    0x0002ff8c   0x00000068   Code   RO          963    i.prvInitialiseTaskLists  tasks.o
    0x0002fff4   0x00000068   Code   RO         1434    i.prvInsertBlockIntoFreeList  heap_4.o
    0x0003005c   0x00000058   Code   RO         1309    i.prvInsertTimerInActiveList  timers.o
    0x000300b4   0x0000001a   Code   RO          767    i.prvIsQueueEmpty   queue.o
    0x000300ce   0x0000001e   Code   RO          768    i.prvIsQueueFull    queue.o
    0x000300ec   0x0000004c   Code   RO         1310    i.prvProcessExpiredTimer  timers.o
    0x00030138   0x000000d0   Code   RO         1311    i.prvProcessReceivedCommands  timers.o
    0x00030208   0x00000078   Code   RO         1312    i.prvProcessTimerOrBlockTask  timers.o
    0x00030280   0x00000034   Code   RO          964    i.prvResetNextTaskUnblockTime  tasks.o
    0x000302b4   0x0000002c   Code   RO         1313    i.prvSampleTimeNow  timers.o
    0x000302e0   0x00000084   Code   RO         1314    i.prvSwitchTimerLists  timers.o
    0x00030364   0x0000000a   Code   RO          559    i.prvTaskExitError  port_cmsis.o
    0x0003036e   0x00000002   PAD
    0x00030370   0x00000040   Code   RO          966    i.prvTaskIsTaskSuspended  tasks.o
    0x000303b0   0x0000001a   Code   RO         1315    i.prvTimerTask      timers.o
    0x000303ca   0x0000007e   Code   RO          769    i.prvUnlockQueue    queue.o
    0x00030448   0x000000d0   Code   RO         1435    i.pvPortMalloc      heap_4.o
    0x00030518   0x00000020   Code   RO          967    i.pvTaskIncrementMutexHeldCount  tasks.o
    0x00030538   0x00000014   Code   RO         1316    i.pvTimerGetTimerID  timers.o
    0x0003054c   0x00000038   Code   RO         9355    i.pwm_motor_init    pwm.o
    0x00030584   0x00000048   Code   RO         9356    i.pwm_motor_update_duty  pwm.o
    0x000305cc   0x000000ec   Code   RO         9357    i.pwm_motor_update_duty_and_frequency  pwm.o
    0x000306b8   0x00000038   Code   RO         9358    i.pwm_piezo_init    pwm.o
    0x000306f0   0x000000ec   Code   RO         9359    i.pwm_pizeo_update_duty_and_frequency  pwm.o
    0x000307dc   0x0000002c   Code   RO         9360    i.pwm_zap_init      pwm.o
    0x00030808   0x00000058   Code   RO         9361    i.pwm_zap_update_duty  pwm.o
    0x00030860   0x00000034   Code   RO          560    i.pxPortInitialiseStack  port_cmsis.o
    0x00030894   0x00000048   Code   RO         5655    i.queue_advance     fds.o
    0x000308dc   0x00000034   Code   RO         6039    i.queue_advance     fstorage.o
    0x00030910   0x00000068   Code   RO         6040    i.queue_get_next_free  fstorage.o
    0x00030978   0x000000a4   Code   RO         5656    i.queue_process     fds.o
    0x00030a1c   0x0000006c   Code   RO         6041    i.queue_process     fstorage.o
    0x00030a88   0x00000018   Code   RO         5657    i.queue_start       fds.o
    0x00030aa0   0x0000002c   Code   RO         6042    i.queue_start       fstorage.o
    0x00030acc   0x00000026   Code   RO         9449    i.read_acceleration_after_threshold  accel_mag.o
    0x00030af2   0x00000012   Code   RO         9450    i.read_stream_data  accel_mag.o
    0x00030b04   0x00000048   Code   RO         1859    i.record_activate   ble_conn_state.o
    0x00030b4c   0x00000088   Code   RO         5658    i.record_find       fds.o
    0x00030bd4   0x0000003a   Code   RO         5659    i.record_find_and_delete  fds.o
    0x00030c0e   0x00000002   PAD
    0x00030c10   0x0000007c   Code   RO         5660    i.record_find_by_desc  fds.o
    0x00030c8c   0x00000060   Code   RO         5661    i.record_find_next  fds.o
    0x00030cec   0x00000038   Code   RO         5662    i.record_header_flag_dirty  fds.o
    0x00030d24   0x0000002c   Code   RO         5663    i.record_header_write_begin  fds.o
    0x00030d50   0x00000038   Code   RO         5664    i.record_header_write_finalize  fds.o
    0x00030d88   0x00000038   Code   RO         5665    i.record_header_write_id  fds.o
    0x00030dc0   0x00000014   Code   RO         5666    i.record_id_new     fds.o
    0x00030dd4   0x0000001c   Code   RO         1860    i.record_invalidate  ble_conn_state.o
    0x00030df0   0x00000006   Code   RO         2660    i.record_key_to_peer_data_id  peer_data_storage.o
    0x00030df6   0x00000018   Code   RO         2661    i.record_key_within_pm_range  peer_data_storage.o
    0x00030e0e   0x00000002   PAD
    0x00030e10   0x00000044   Code   RO         1861    i.record_purge_disconnected  ble_conn_state.o
    0x00030e54   0x00000018   Code   RO         1862    i.record_set_disconnected  ble_conn_state.o
    0x00030e6c   0x00000050   Code   RO         5667    i.record_write_chunk  fds.o
    0x00030ebc   0x00000014   Code   RO         2998    i.release           peer_id.o
    0x00030ed0   0x00000010   Code   RO         8398    i.return_battery_voltage  ble_bas.o
    0x00030ee0   0x000000ea   Code   RO         9614    i.rtc_delete_alarm  rtc.o
    0x00030fca   0x00000064   Code   RO         9616    i.rtc_get_time      rtc.o
    0x0003102e   0x0000005a   Code   RO         9617    i.rtc_init          rtc.o
    0x00031088   0x00000028   Code   RO         9618    i.rtc_input_int_init  rtc.o
    0x000310b0   0x00000014   Code   RO         9619    i.rtc_pin_handler_int  rtc.o
    0x000310c4   0x00000042   Code   RO         9620    i.rtc_read          rtc.o
    0x00031106   0x000000cc   Code   RO         9621    i.rtc_set_alarm     rtc.o
    0x000311d2   0x000000c0   Code   RO         9622    i.rtc_set_time      rtc.o
    0x00031292   0x0000001e   Code   RO         9623    i.rtc_software_reset  rtc.o
    0x000312b0   0x0000004a   Code   RO         9624    i.rtc_write         rtc.o
    0x000312fa   0x0000003e   Code   RO         4319    i.rx_byte           nrf_drv_uart.o
    0x00031338   0x0000001e   Code   RO         4320    i.rx_done_event     nrf_drv_uart.o
    0x00031356   0x00000002   PAD
    0x00031358   0x0000008c   Code   RO         7072    i.sd_nvic_EnableIRQ  softdevice_handler.o
    0x000313e4   0x00000068   Code   RO          638    i.sd_nvic_critical_region_enter  port_cmsis_systick.o
    0x0003144c   0x00000068   Code   RO         5498    i.sd_nvic_critical_region_enter  app_util_platform.o
    0x000314b4   0x0000000c   Code   RO         2091    i.sdk_mapped_flags_any_set  gatt_cache_manager.o
    0x000314c0   0x0000000c   Code   RO         3613    i.sdk_mapped_flags_any_set  security_manager.o
    0x000314cc   0x0000007c   Code   RO         6232    i.sdk_mapped_flags_bulk_update_by_key  sdk_mapped_flags.o
    0x00031548   0x00000024   Code   RO         6233    i.sdk_mapped_flags_first_key_index_get  sdk_mapped_flags.o
    0x0003156c   0x00000012   Code   RO         6234    i.sdk_mapped_flags_get_by_index  sdk_mapped_flags.o
    0x0003157e   0x0000002e   Code   RO         6235    i.sdk_mapped_flags_get_by_key  sdk_mapped_flags.o
    0x000315ac   0x00000042   Code   RO         6236    i.sdk_mapped_flags_key_list_get  sdk_mapped_flags.o
    0x000315ee   0x0000001a   Code   RO         6238    i.sdk_mapped_flags_update_by_key  sdk_mapped_flags.o
    0x00031608   0x000000d8   Code   RO         3470    i.sec_info_request_process  security_dispatcher.o
    0x000316e0   0x0000001a   Code   RO         3471    i.sec_params_request_process  security_dispatcher.o
    0x000316fa   0x000000e8   Code   RO         3614    i.sec_params_verify  security_manager.o
    0x000317e2   0x00000002   PAD
    0x000317e4   0x0000005c   Code   RO         3472    i.sec_proc_start    security_dispatcher.o
    0x00031840   0x00000034   Code   RO         3473    i.sec_request_process  security_dispatcher.o
    0x00031874   0x00000024   Code   RO         3474    i.sec_start_send    security_dispatcher.o
    0x00031898   0x0000001e   Code   RO         3615    i.send_config_req   security_manager.o
    0x000318b6   0x0000005c   Code   RO         6043    i.send_event        fstorage.o
    0x00031912   0x00000002   PAD
    0x00031914   0x0000003c   Code   RO         9719    i.serial_flash_fsm_application_timers_start  serial_flash_fsm.o
    0x00031950   0x00000024   Code   RO         9721    i.serial_flash_fsm_start_task  serial_flash_fsm.o
    0x00031974   0x00000034   Code   RO         9722    i.serial_flash_fsm_task_thread  serial_flash_fsm.o
    0x000319a8   0x00000028   Code   RO         9723    i.serial_flash_fsm_task_timeout_handler  serial_flash_fsm.o
    0x000319d0   0x00000038   Code   RO         9724    i.serial_flash_fsm_task_timers_init  serial_flash_fsm.o
    0x00031a08   0x00000090   Code   RO         9725    i.serial_flash_get_status  serial_flash_fsm.o
    0x00031a98   0x00000108   Code   RO         9726    i.serial_flash_read_data  serial_flash_fsm.o
    0x00031ba0   0x000000f0   Code   RO         9727    i.serial_flash_sector_erase  serial_flash_fsm.o
    0x00031c90   0x0000002e   Code   RO         9728    i.serial_flash_txrx  serial_flash_fsm.o
    0x00031cbe   0x00000044   Code   RO         9729    i.serial_flash_write_control  serial_flash_fsm.o
    0x00031d02   0x00000002   PAD
    0x00031d04   0x00000078   Code   RO         9730    i.serial_flash_write_data  serial_flash_fsm.o
    0x00031d7c   0x00000014   Code   RO         6532    i.serial_is_busy    nrf_log_backend_serial.o
    0x00031d90   0x00000034   Code   RO         6533    i.serial_tx         nrf_log_backend_serial.o
    0x00031dc4   0x0000002c   Code   RO         7965    i.service_action_state_get  service_task.o
    0x00031df0   0x0000003c   Code   RO         7967    i.service_application_timers_start  service_task.o
    0x00031e2c   0x0000006c   Code   RO         2092    i.service_changed_pending_flags_check  gatt_cache_manager.o
    0x00031e98   0x00000050   Code   RO         2233    i.service_changed_pending_set  gatts_cache_manager.o
    0x00031ee8   0x000000b8   Code   RO         2093    i.service_changed_send_in_evt  gatt_cache_manager.o
    0x00031fa0   0x00000096   Code   RO         1504    i.service_data_encode  ble_advdata.o
    0x00032036   0x00000002   PAD
    0x00032038   0x00000024   Code   RO         7969    i.service_start_task  service_task.o
    0x0003205c   0x00000030   Code   RO         7970    i.service_task_perform_led_action  service_task.o
    0x0003208c   0x00000054   Code   RO         7971    i.service_task_perform_motor_action  service_task.o
    0x000320e0   0x00000054   Code   RO         7972    i.service_task_perform_piezo_action  service_task.o
    0x00032134   0x00000038   Code   RO         7973    i.service_task_perform_zap_action  service_task.o
    0x0003216c   0x0000004a   Code   RO         7974    i.service_task_start_led_action  service_task.o
    0x000321b6   0x00000002   PAD
    0x000321b8   0x00000300   Code   RO         7975    i.service_task_thread  service_task.o
    0x000324b8   0x00000020   Code   RO         7976    i.service_task_timeout_handler  service_task.o
    0x000324d8   0x00000034   Code   RO         7977    i.service_task_timers_init  service_task.o
    0x0003250c   0x000000dc   Code   RO         8130    i.services_init     main.o
    0x000325e8   0x00000020   Code   RO         1622    i.set_adv_mode_directed  ble_advertising.o
    0x00032608   0x0000002c   Code   RO         1623    i.set_adv_mode_directed_slow  ble_advertising.o
    0x00032634   0x00000060   Code   RO         1624    i.set_adv_mode_fast  ble_advertising.o
    0x00032694   0x00000060   Code   RO         1625    i.set_adv_mode_slow  ble_advertising.o
    0x000326f4   0x00000004   Code   RO         9731    i.set_instruction   serial_flash_fsm.o
    0x000326f8   0x0000003c   Code   RO         9314    i.set_led           leds.o
    0x00032734   0x0000004c   Code   RO         8131    i.sleep_mode_enter  main.o
    0x00032780   0x00000018   Code   RO         3616    i.sm_ble_evt_handler  security_manager.o
    0x00032798   0x00000024   Code   RO         3617    i.sm_conn_sec_config_reply  security_manager.o
    0x000327bc   0x00000064   Code   RO         3618    i.sm_init           security_manager.o
    0x00032820   0x00000060   Code   RO         3621    i.sm_pdb_evt_handler  security_manager.o
    0x00032880   0x00000038   Code   RO         3623    i.sm_sec_params_set  security_manager.o
    0x000328b8   0x000000a4   Code   RO         3624    i.sm_smd_evt_handler  security_manager.o
    0x0003295c   0x00000058   Code   RO         3475    i.smd_ble_evt_handler  security_dispatcher.o
    0x000329b4   0x0000004c   Code   RO         3476    i.smd_init          security_dispatcher.o
    0x00032a00   0x00000038   Code   RO         3477    i.smd_link_secure   security_dispatcher.o
    0x00032a38   0x0000012c   Code   RO         3478    i.smd_params_reply  security_dispatcher.o
    0x00032b64   0x00000090   Code   RO         3625    i.smd_params_reply_perform  security_manager.o
    0x00032bf4   0x00000034   Code   RO         3479    i.smd_pdb_evt_handler  security_dispatcher.o
    0x00032c28   0x00000014   Code   RO         7073    i.softdevice_app_ram_start_get  softdevice_handler.o
    0x00032c3c   0x00000018   Code   RO         7074    i.softdevice_ble_evt_handler_set  softdevice_handler.o
    0x00032c54   0x00000100   Code   RO         7075    i.softdevice_enable  softdevice_handler.o
    0x00032d54   0x00000014   Code   RO         7076    i.softdevice_fault_handler  softdevice_handler.o
    0x00032d68   0x000000a0   Code   RO         7077    i.softdevice_handler_init  softdevice_handler.o
    0x00032e08   0x0000000c   Code   RO         7078    i.softdevice_handler_is_enabled  softdevice_handler.o
    0x00032e14   0x00000018   Code   RO         7083    i.softdevice_sys_evt_handler_set  softdevice_handler.o
    0x00032e2c   0x000001b0   Code   RO         8980    i.solicited_control_char_add  solicited.o
    0x00032fdc   0x00000188   Code   RO         8981    i.solicited_data_char_add  solicited.o
    0x00033164   0x00000040   Code   RO         8982    i.solicited_on_ble_evt  solicited.o
    0x000331a4   0x0000007c   Code   RO         8986    i.solicited_service_init  solicited.o
    0x00033220   0x00000038   Code   RO         8989    i.solicited_timers_start  solicited.o
    0x00033258   0x00000028   Code   RO         8990    i.solicited_timers_stop  solicited.o
    0x00033280   0x00000094   Code   RO         9914    i.spi2_devices_init  spi.o
    0x00033314   0x00000048   Code   RO         9916    i.spi2_sync_txrx    spi.o
    0x0003335c   0x0000001c   Code   RO         9732    i.spi_flash_sm_change_state  serial_flash_fsm.o
    0x00033378   0x00000058   Code   RO         9733    i.spi_flash_sm_check_latch  serial_flash_fsm.o
    0x000333d0   0x00000084   Code   RO         9734    i.spi_flash_sm_check_status  serial_flash_fsm.o
    0x00033454   0x000000b4   Code   RO         9735    i.spi_flash_sm_load_write  serial_flash_fsm.o
    0x00033508   0x000000a0   Code   RO         9736    i.spi_flash_sm_main  serial_flash_fsm.o
    0x000335a8   0x00000014   Code   RO         9737    i.spi_flash_sm_reset_state  serial_flash_fsm.o
    0x000335bc   0x00000020   Code   RO         9738    i.spi_flash_sm_retry  serial_flash_fsm.o
    0x000335dc   0x00000014   Code   RO         9740    i.spi_flash_sm_wait  serial_flash_fsm.o
    0x000335f0   0x00000054   Code   RO         9741    i.spi_flash_sm_write  serial_flash_fsm.o
    0x00033644   0x00000020   Code   RO         9742    i.spi_flash_sm_write_how_many  serial_flash_fsm.o
    0x00033664   0x00000110   Code   RO         9743    i.spi_flash_start_write_wrapper  serial_flash_fsm.o
    0x00033774   0x0000000c   Code   RO         9745    i.spi_flash_tx_status  serial_flash_fsm.o
    0x00033780   0x00000102   Code   RO         5001    i.spim_xfer         nrf_drv_spi.o
    0x00033882   0x0000000e   Code   RO         1505    i.srdata_check      ble_advdata.o
    0x00033890   0x0000006a   Code   RO         5149    i.start_playback    nrf_drv_pwm.o
    0x000338fa   0x00000012   Code   RO         8873    i.start_training_session  training.o
    0x0003390c   0x00000026   Code   RO          207    i.startup_event_extract  bsp_btn_ble.o
    0x00033932   0x00000008   Code   RO         8874    i.stop_training_session  training.o
    0x0003393a   0x00000032   Code   RO         6044    i.store_execute     fstorage.o
    0x0003396c   0x00000012   Code   RO         8132    i.sys_evt_dispatch  main.o
    0x0003397e   0x0000008c   Code   RO         8477    i.sys_id_encode     ble_dis.o
    0x00033a0a   0x00000002   PAD
    0x00033a0c   0x0000004c   Code   RO         8133    i.timers_init       main.o
    0x00033a58   0x00000040   Code   RO         6534    i.timestamp_process  nrf_log_backend_serial.o
    0x00033a98   0x0000001c   Code   RO         8875    i.train_timeout_handle  training.o
    0x00033ab4   0x00000050   Code   RO         8876    i.train_timers_init  training.o
    0x00033b04   0x00000080   Code   RO         8877    i.train_timers_start  training.o
    0x00033b84   0x00000068   Code   RO         8878    i.train_timers_stop  training.o
    0x00033bec   0x00000010   Code   RO         8879    i.train_total_test_timeout_handle  training.o
    0x00033bfc   0x000001bc   Code   RO         8880    i.training_control_char_add  training.o
    0x00033db8   0x00000198   Code   RO         8881    i.training_data_char_add  training.o
    0x00033f50   0x00000040   Code   RO         8882    i.training_on_ble_evt  training.o
    0x00033f90   0x00000094   Code   RO         8883    i.training_send     training.o
    0x00034024   0x00000088   Code   RO         8884    i.training_service_init  training.o
    0x000340ac   0x00000098   Code   RO         4616    i.twi_clear_bus     nrf_drv_twi.o
    0x00034144   0x00000024   Code   RO         4617    i.twi_process_error  nrf_drv_twi.o
    0x00034168   0x000002a4   Code   RO         4618    i.twim_xfer         nrf_drv_twi.o
    0x0003440c   0x00000026   Code   RO         4322    i.tx_byte           nrf_drv_uart.o
    0x00034432   0x00000022   Code   RO         4323    i.tx_done_event     nrf_drv_uart.o
    0x00034454   0x00000036   Code   RO         1506    i.tx_power_level_encode  ble_advdata.o
    0x0003448a   0x00000002   PAD
    0x0003448c   0x00000010   Code   RO         6535    i.uart_event_handler  nrf_log_backend_serial.o
    0x0003449c   0x00000142   Code   RO         4324    i.uart_irq_handler  nrf_drv_uart.o
    0x000345de   0x0000010c   Code   RO         4325    i.uarte_irq_handler  nrf_drv_uart.o
    0x000346ea   0x0000000c   Code   RO         2016    i.uint16_decode     ble_srv_common.o
    0x000346f6   0x0000000c   Code   RO         1507    i.uint16_encode     ble_advdata.o
    0x00034702   0x0000000c   Code   RO         8478    i.uint16_encode     ble_dis.o
    0x0003470e   0x00000014   Code   RO          770    i.ulPortRaiseBASEPRI  queue.o
    0x00034722   0x00000002   PAD
    0x00034724   0x000000e4   Code   RO          969    i.ulTaskNotifyTake  tasks.o
    0x00034808   0x00000048   Code   RO         8533    i.update_cccd_enabled  configuration.o
    0x00034850   0x0000003c   Code   RO         8621    i.update_cccd_enabled  appsvc.o
    0x0003488c   0x0000003c   Code   RO         8686    i.update_cccd_enabled  log_info.o
    0x000348c8   0x000000f0   Code   RO         8777    i.update_cccd_enabled  notification.o
    0x000349b8   0x00000048   Code   RO         8885    i.update_cccd_enabled  training.o
    0x00034a00   0x00000038   Code   RO         8994    i.update_cccd_enabled  solicited.o
    0x00034a38   0x00000058   Code   RO         2094    i.update_pending_flags_check  gatt_cache_manager.o
    0x00034a90   0x00000090   Code   RO         1761    i.update_timeout_handler  ble_conn_params.o
    0x00034b20   0x00000014   Code   RO         1863    i.user_flag_acquire  ble_conn_state.o
    0x00034b34   0x0000001c   Code   RO         1864    i.user_flag_is_acquired  ble_conn_state.o
    0x00034b50   0x0000004e   Code   RO         1508    i.uuid_list_encode  ble_advdata.o
    0x00034b9e   0x000000dc   Code   RO         1509    i.uuid_list_sized_encode  ble_advdata.o
    0x00034c7a   0x00000028   Code   RO          488    i.uxListRemove      list.o
    0x00034ca2   0x00000002   PAD
    0x00034ca4   0x00000010   Code   RO         8134    i.vApplicationIdleHook  main.o
    0x00034cb4   0x00000012   Code   RO         8135    i.vApplicationStackOverflowHook  main.o
    0x00034cc6   0x0000001a   Code   RO          489    i.vListInitialise   list.o
    0x00034ce0   0x00000006   Code   RO          490    i.vListInitialiseItem  list.o
    0x00034ce6   0x00000034   Code   RO          491    i.vListInsert       list.o
    0x00034d1a   0x00000018   Code   RO          492    i.vListInsertEnd    list.o
    0x00034d32   0x00000002   PAD
    0x00034d34   0x00000014   Code   RO          561    i.vPortEnableVFP    port_cmsis.o
    0x00034d48   0x00000018   Code   RO          563    i.vPortEnterCritical  port_cmsis.o
    0x00034d60   0x00000020   Code   RO          564    i.vPortExitCritical  port_cmsis.o
    0x00034d80   0x00000048   Code   RO         1436    i.vPortFree         heap_4.o
    0x00034dc8   0x0000007c   Code   RO          639    i.vPortSetupTimerInterrupt  port_cmsis_systick.o
    0x00034e44   0x00000188   Code   RO          640    i.vPortSuppressTicksAndSleep  port_cmsis_systick.o
    0x00034fcc   0x0000002c   Code   RO          774    i.vQueueAddToRegistry  queue.o
    0x00034ff8   0x0000003a   Code   RO          777    i.vQueueWaitForMessageRestricted  queue.o
    0x00035032   0x00000002   PAD
    0x00035034   0x0000000c   Code   RO          979    i.vTaskMissedYield  tasks.o
    0x00035040   0x00000064   Code   RO          981    i.vTaskPlaceOnEventList  tasks.o
    0x000350a4   0x00000050   Code   RO          982    i.vTaskPlaceOnEventListRestricted  tasks.o
    0x000350f4   0x000000b0   Code   RO          984    i.vTaskPriorityInherit  tasks.o
    0x000351a4   0x0000009c   Code   RO          986    i.vTaskResume       tasks.o
    0x00035240   0x00000018   Code   RO          987    i.vTaskSetTimeOutState  tasks.o
    0x00035258   0x0000005c   Code   RO          988    i.vTaskStartScheduler  tasks.o
    0x000352b4   0x00000010   Code   RO          989    i.vTaskStepTick     tasks.o
    0x000352c4   0x000000dc   Code   RO          990    i.vTaskSuspend      tasks.o
    0x000353a0   0x00000010   Code   RO          991    i.vTaskSuspendAll   tasks.o
    0x000353b0   0x00000080   Code   RO          992    i.vTaskSwitchContext  tasks.o
    0x00035430   0x0000000a   Code   RO         9969    i.vbatt_measure_disable  zap.o
    0x0003543a   0x0000000a   Code   RO         9970    i.vbatt_measure_enable  zap.o
    0x00035444   0x00000010   Code   RO         9971    i.vbatt_measure_init  zap.o
    0x00035454   0x000000f6   Code   RO         8534    i.verify_time_configuration  configuration.o
    0x0003554a   0x00000002   PAD
    0x0003554c   0x0000000c   Code   RO         1626    i.whitelist_has_entries  ble_advertising.o
    0x00035558   0x00000038   Code   RO         2826    i.write_buf_length_words_set  peer_database.o
    0x00035590   0x00000032   Code   RO         2827    i.write_buffer_record_find  peer_database.o
    0x000355c2   0x00000002   PAD
    0x000355c4   0x00000030   Code   RO         2828    i.write_buffer_record_find_next  peer_database.o
    0x000355f4   0x0000000e   Code   RO         2829    i.write_buffer_record_find_unused  peer_database.o
    0x00035602   0x00000024   Code   RO         2830    i.write_buffer_record_get  peer_database.o
    0x00035626   0x0000002e   Code   RO         2831    i.write_buffer_record_invalidate  peer_database.o
    0x00035654   0x00000028   Code   RO         2832    i.write_buffer_record_release  peer_database.o
    0x0003567c   0x00000104   Code   RO         5668    i.write_enqueue     fds.o
    0x00035780   0x000000c0   Code   RO         5669    i.write_execute     fds.o
    0x00035840   0x0000001c   Code   RO         5670    i.write_space_free  fds.o
    0x0003585c   0x0000006c   Code   RO         5671    i.write_space_reserve  fds.o
    0x000358c8   0x00000068   Code   RO          565    i.xPortStartScheduler  port_cmsis.o
    0x00035930   0x00000048   Code   RO          779    i.xQueueCreateMutex  queue.o
    0x00035978   0x0000004a   Code   RO          780    i.xQueueGenericCreate  queue.o
    0x000359c2   0x00000002   PAD
    0x000359c4   0x000001a0   Code   RO          781    i.xQueueGenericReceive  queue.o
    0x00035b64   0x00000098   Code   RO          782    i.xQueueGenericReset  queue.o
    0x00035bfc   0x00000168   Code   RO          783    i.xQueueGenericSend  queue.o
    0x00035d64   0x0000006a   Code   RO          784    i.xQueueGenericSendFromISR  queue.o
    0x00035dce   0x0000005a   Code   RO          785    i.xQueueGiveFromISR  queue.o
    0x00035e28   0x0000005c   Code   RO          993    i.xTaskCheckForTimeOut  tasks.o
    0x00035e84   0x00000128   Code   RO          994    i.xTaskGenericCreate  tasks.o
    0x00035fac   0x000000e0   Code   RO          995    i.xTaskGenericNotify  tasks.o
    0x0003608c   0x00000020   Code   RO          998    i.xTaskGetSchedulerState  tasks.o
    0x000360ac   0x0000000c   Code   RO          999    i.xTaskGetTickCount  tasks.o
    0x000360b8   0x0000000c   Code   RO         1000    i.xTaskGetTickCountFromISR  tasks.o
    0x000360c4   0x00000108   Code   RO         1001    i.xTaskIncrementTick  tasks.o
    0x000361cc   0x00000084   Code   RO         1004    i.xTaskPriorityDisinherit  tasks.o
    0x00036250   0x00000084   Code   RO         1005    i.xTaskRemoveFromEventList  tasks.o
    0x000362d4   0x00000108   Code   RO         1007    i.xTaskResumeAll    tasks.o
    0x000363dc   0x0000004c   Code   RO         1318    i.xTimerCreate      timers.o
    0x00036428   0x00000044   Code   RO         1319    i.xTimerCreateTimerTask  timers.o
    0x0003646c   0x0000006c   Code   RO         1320    i.xTimerGenericCommand  timers.o
    0x000364d8   0x00000020   Code   RO         1322    i.xTimerIsTimerActive  timers.o
    0x000364f8   0x0000001c   Code   RO         9973    i.zap_gpio_enable   zap.o
    0x00036514   0x00000010   Code   RO         9974    i.zap_gpio_init     zap.o
    0x00036524   0x00000006   Data   RO           19    .constdata          boards.o
    0x0003652a   0x00000002   PAD
    0x0003652c   0x00000004   Data   RO          566    .constdata          port_cmsis.o
    0x00036530   0x00000004   Data   RO         1763    .constdata          ble_conn_params.o
    0x00036534   0x00000018   Data   RO         2234    .constdata          gatts_cache_manager.o
    0x0003654c   0x00000008   Data   RO         2346    .constdata          id_manager.o
    0x00036554   0x00000016   Data   RO         2531    .constdata          nrf_ble_gatt.o
    0x0003656a   0x00000002   PAD
    0x0003656c   0x00000004   Data   RO         2662    .constdata          peer_data_storage.o
    0x00036570   0x00000014   Data   RO         2834    .constdata          peer_database.o
    0x00036584   0x00000044   Data   RO         3481    .constdata          security_dispatcher.o
    0x000365c8   0x00000004   Data   RO         3626    .constdata          security_manager.o
    0x000365cc   0x00000047   Data   RO         4034    .constdata          nrf_drv_gpiote.o
    0x00036613   0x00000001   PAD
    0x00036614   0x00000038   Data   RO         4620    .constdata          nrf_drv_twi.o
    0x0003664c   0x00000008   Data   RO         5306    .constdata          app_button.o
    0x00036654   0x00000014   Data   RO         5673    .constdata          fds.o
    0x00036668   0x00000070   Data   RO         6445    .constdata          mem_manager.o
    0x000366d8   0x00000028   Data   RO         6537    .constdata          nrf_log_backend_serial.o
    0x00036700   0x00000024   Data   RO         6646    .constdata          nrf_log_frontend.o
    0x00036724   0x00000010   Data   RO         7019    .constdata          segger_rtt_printf.o
    0x00036734   0x00000014   Data   RO         7213    .constdata          bsp.o
    0x00036748   0x00000010   Data   RO         7354    .constdata          pavlok_common.o
    0x00036758   0x0000000b   Data   RO         8137    .constdata          main.o
    0x00036763   0x00000001   PAD
    0x00036764   0x00000008   Data   RO         8480    .constdata          ble_dis.o
    0x0003676c   0x00000030   Data   RO         9254    .constdata          i2c.o
    0x0003679c   0x0000003c   Data   RO         9362    .constdata          pwm.o
    0x000367d8   0x00000008   Data   RO         9452    .constdata          accel_mag.o
    0x000367e0   0x00000046   Data   RO         9625    .constdata          rtc.o
    0x00036826   0x00000002   PAD
    0x00036828   0x00000018   Data   RO         9918    .constdata          spi.o
    0x00036840   0x00000081   Data   RO        10156    .constdata          mc_w.l(ctype_o.o)
    0x000368c1   0x00000003   PAD
    0x000368c4   0x00000004   Data   RO        10157    .constdata          mc_w.l(ctype_o.o)
    0x000368c8   0x00000186   Data   RO         2532    .conststring        nrf_ble_gatt.o
    0x00036a4e   0x00000002   PAD
    0x00036a50   0x0000000b   Data   RO         6647    .conststring        nrf_log_frontend.o
    0x00036a5b   0x00000001   PAD
    0x00036a5c   0x0000004b   Data   RO         8138    .conststring        main.o
    0x00036aa7   0x00000001   PAD
    0x00036aa8   0x00000055   Data   RO         8536    .conststring        configuration.o
    0x00036afd   0x00000003   PAD
    0x00036b00   0x0000002c   Data   RO         8623    .conststring        appsvc.o
    0x00036b2c   0x00000018   Data   RO         8688    .conststring        log_info.o
    0x00036b44   0x00000078   Data   RO         8779    .conststring        notification.o
    0x00036bbc   0x00000020   Data   RO         8887    .conststring        training.o
    0x00036bdc   0x00000005   Data   RO         8996    .conststring        solicited.o
    0x00036be1   0x00000003   PAD
    0x00036be4   0x00000014   Data   RO         9104    .conststring        ota.o
    0x00036bf8   0x00000020   Data   RO        10509    Region$$Table       anon$$obj.o


    Execution Region RW_IRAM1 (Base: 0x20002660, Size: 0x00009f28, Max: 0x0000d9a0, ABSOLUTE, COMPRESSED[0x000000ec])

    Base Addr    Size         Type   Attr      Idx    E Section Name        Object

    0x20002660   0x00000008   Data   RW          208    .data               bsp_btn_ble.o
    0x20002668   0x00000004   Data   RW          567    .data               port_cmsis.o
    0x2000266c   0x0000003c   Data   RW         1010    .data               tasks.o
    0x200026a8   0x00000018   Data   RW         1326    .data               timers.o
    0x200026c0   0x00000018   Data   RW         1441    .data               heap_4.o
    0x200026d8   0x0000001f   Data   RW         1628    .data               ble_advertising.o
    0x200026f7   0x00000001   PAD
    0x200026f8   0x00000015   Data   RW         1764    .data               ble_conn_params.o
    0x2000270d   0x00000003   PAD
    0x20002710   0x00000009   Data   RW         2095    .data               gatt_cache_manager.o
    0x20002719   0x00000003   PAD
    0x2000271c   0x0000000a   Data   RW         2235    .data               gatts_cache_manager.o
    0x20002726   0x00000003   Data   RW         2347    .data               id_manager.o
    0x20002729   0x00000003   PAD
    0x2000272c   0x0000000c   Data   RW         2663    .data               peer_data_storage.o
    0x20002738   0x00000009   Data   RW         2835    .data               peer_database.o
    0x20002741   0x00000003   PAD
    0x20002744   0x00000011   Data   RW         3125    .data               peer_manager.o
    0x20002755   0x00000004   Data   RW         3482    .data               security_dispatcher.o
    0x20002759   0x00000003   PAD
    0x2000275c   0x00000013   Data   RW         3627    .data               security_manager.o
    0x2000276f   0x00000001   PAD
    0x20002770   0x00000014   Data   RW         5307    .data               app_button.o
    0x20002784   0x0000001a   Data   RW         5674    .data               fds.o
    0x2000279e   0x00000002   Data   RW         6046    .data               fstorage.o
    0x200027a0   0x00000001   Data   RW         6446    .data               mem_manager.o
    0x200027a1   0x00000003   PAD
    0x200027a4   0x0000000b   Data   RW         6538    .data               nrf_log_backend_serial.o
    0x200027af   0x00000001   PAD
    0x200027b0   0x00000004   Data   RW         6648    .data               nrf_log_frontend.o
    0x200027b4   0x00000018   Data   RW         7084    .data               softdevice_handler.o
    0x200027cc   0x00000017   Data   RW         7214    .data               bsp.o
    0x200027e3   0x00000001   Data   RW         7355    .data               pavlok_common.o
    0x200027e4   0x0000001c   Data   RW         7658    .data               application_task.o
    0x20002800   0x0000000c   Data   RW         7868    .data               logger.o
    0x2000280c   0x0000001c   Data   RW         7979    .data               service_task.o
    0x20002828   0x0000002d   Data   RW         8139    .data               main.o
    0x20002855   0x00000003   PAD
    0x20002858   0x00000008   Data   RW         8339    .data               habit.o
    0x20002860   0x0000000c   Data   RW         8400    .data               ble_bas.o
    0x2000286c   0x0000004a   Data   RW         8481    .data               ble_dis.o
    0x200028b6   0x00000002   PAD
    0x200028b8   0x0000002c   Data   RW         8537    .data               configuration.o
    0x200028e4   0x00000014   Data   RW         8624    .data               appsvc.o
    0x200028f8   0x00000020   Data   RW         8689    .data               log_info.o
    0x20002918   0x00000038   Data   RW         8780    .data               notification.o
    0x20002950   0x0000001f   Data   RW         8888    .data               training.o
    0x2000296f   0x00000001   PAD
    0x20002970   0x00000020   Data   RW         8997    .data               solicited.o
    0x20002990   0x00000018   Data   RW         9105    .data               ota.o
    0x200029a8   0x00000003   Data   RW         9255    .data               i2c.o
    0x200029ab   0x00000008   Data   RW         9315    .data               leds.o
    0x200029b3   0x00000001   PAD
    0x200029b4   0x00000044   Data   RW         9363    .data               pwm.o
    0x200029f8   0x00000034   Data   RW         9747    .data               serial_flash_fsm.o
    0x20002a2c   0x00000001   Data   RW         9975    .data               zap.o
    0x20002a2d   0x00000003   PAD
    0x20002a30   0x00000004   Data   RW        10076    .data               system_nrf52.o
    0x20002a34   0x00000010   Data   RW         5675    fs_data             fds.o
    0x20002a44   0x00000010   Zero   RW          792    .bss                queue.o
    0x20002a54   0x000000a0   Zero   RW         1009    .bss                tasks.o
    0x20002af4   0x00000028   Zero   RW         1325    .bss                timers.o
    0x20002b1c   0x00003000   Zero   RW         1440    .bss                heap_4.o
    0x20005b1c   0x000000b3   Zero   RW         1627    .bss                ble_advertising.o
    0x20005bcf   0x00000001   PAD
    0x20005bd0   0x0000003c   Zero   RW         1762    .bss                ble_conn_params.o
    0x20005c0c   0x000000b8   Zero   RW         1865    .bss                ble_conn_state.o
    0x20005cc4   0x00000100   Zero   RW         2345    .bss                id_manager.o
    0x20005dc4   0x00000330   Zero   RW         2833    .bss                peer_database.o
    0x200060f4   0x00000040   Zero   RW         2999    .bss                peer_id.o
    0x20006134   0x0000000c   Zero   RW         3123    .bss                peer_manager.o
    0x20006140   0x00000040   Zero   RW         3480    .bss                security_dispatcher.o
    0x20006180   0x00000014   Zero   RW         3772    .bss                nrf_drv_clock.o
    0x20006194   0x00000058   Zero   RW         4033    .bss                nrf_drv_gpiote.o
    0x200061ec   0x00000020   Zero   RW         4326    .bss                nrf_drv_uart.o
    0x2000620c   0x00000050   Zero   RW         4619    .bss                nrf_drv_twi.o
    0x2000625c   0x00000030   Zero   RW         4839    .bss                nrf_drv_saadc.o
    0x2000628c   0x00000024   Zero   RW         5002    .bss                nrf_drv_spi.o
    0x200062b0   0x00000018   Zero   RW         5150    .bss                nrf_drv_pwm.o
    0x200062c8   0x00000020   Zero   RW         5305    .bss                app_button.o
    0x200062e8   0x0000000c   Zero   RW         5499    .bss                app_util_platform.o
    0x200062f4   0x0000011c   Zero   RW         5672    .bss                fds.o
    0x20006410   0x00000068   Zero   RW         6045    .bss                fstorage.o
    0x20006478   0x00001c94   Zero   RW         6444    .bss                mem_manager.o
    0x2000810c   0x00000100   Zero   RW         6536    .bss                nrf_log_backend_serial.o
    0x2000820c   0x00000418   Zero   RW         6645    .bss                nrf_log_frontend.o
    0x20008624   0x000000c8   Zero   RW         6884    .bss                segger_rtt.o
    0x200086ec   0x00000060   Zero   RW         7212    .bss                bsp.o
    0x2000874c   0x00000098   Zero   RW         7353    .bss                pavlok_common.o
    0x200087e4   0x000000fa   Zero   RW         7657    .bss                application_task.o
    0x200088de   0x00000002   PAD
    0x200088e0   0x00000058   Zero   RW         7867    .bss                logger.o
    0x20008938   0x00000038   Zero   RW         7978    .bss                service_task.o
    0x20008970   0x0000006c   Zero   RW         8136    .bss                main.o
    0x200089dc   0x00000030   Zero   RW         8399    .bss                ble_bas.o
    0x20008a0c   0x00000040   Zero   RW         8479    .bss                ble_dis.o
    0x20008a4c   0x00000050   Zero   RW         8535    .bss                configuration.o
    0x20008a9c   0x0000001a   Zero   RW         8622    .bss                appsvc.o
    0x20008ab6   0x0000001a   Zero   RW         8687    .bss                log_info.o
    0x20008ad0   0x00000058   Zero   RW         8778    .bss                notification.o
    0x20008b28   0x00000024   Zero   RW         8886    .bss                training.o
    0x20008b4c   0x00000018   Zero   RW         8995    .bss                solicited.o
    0x20008b64   0x00000018   Zero   RW         9103    .bss                ota.o
    0x20008b7c   0x00001208   Zero   RW         9746    .bss                serial_flash_fsm.o
    0x20009d84   0x00000004   PAD
    0x20009d88   0x00001000   Zero   RW         7356    NoInit              pavlok_common.o
    0x2000ad88   0x00001000   Zero   RW         7659    NoInit              application_task.o
    0x2000bd88   0x00000800   Zero   RW        10055    STACK               arm_startup_nrf52.o


==============================================================================

Image component sizes


      Code (inc. data)   RO Data    RW Data    ZI Data      Debug   Object Name

      1814         26          8          0          0      34557   accel_mag.o
       114          0          0          0          0       1617   adc.o
       480         80          8         20         32      10386   app_button.o
        28          0          0          0          0      28896   app_error.o
       512         20          0          0          0      10171   app_timer_freertos.o
         0          0          0          0          0       5912   app_uart.o
       200         24          0          0         12      10478   app_util_platform.o
      2846        264          0         28       4346      47946   application_task.o
      1260         50         44         20         26       6146   appsvc.o
        36          8       1024          0       2048        920   arm_startup_nrf52.o
      1818          0          0          0          0      46128   ble_advdata.o
      1536        248          0         31        179      21149   ble_advertising.o
      1100        110          0         12         48      11596   ble_bas.o
       706        120          4         21         60      10692   ble_conn_params.o
       668         72          0          0        184      15250   ble_conn_state.o
      1160        142          8         74         64       5963   ble_dis.o
        48          0          0          0          0      23778   ble_srv_common.o
       418         34          6          0          0      49440   boards.o
      1342        108         20         23         96      17191   bsp.o
       420         18          0          8          0      49685   bsp_btn_ble.o
      3858        152         85         44         80      13048   configuration.o
        62          0          0          0          0       1480   crc16.o
         0          0          0          0          0      35464   croutine.o
         0          0          0          0          0      16556   event_groups.o
      4834        436         20         42        284      79634   fds.o
      1280         82          0          2        104      15411   fstorage.o
      1388         96          0          9          0      25640   gatt_cache_manager.o
       686         46         24         10          0      12035   gatts_cache_manager.o
       228         58          0          8          0       3227   habit.o
        52         14          0          0          0        628   hardfault_handler_keil.o
       144         44          0          0          0       3114   hardfault_implementation.o
       508         62          0         24      12288       4739   heap_4.o
       344         34         48          3          0       8453   i2c.o
      1360         72          8          3        256      21479   id_manager.o
       210         22          0          8          0       4057   leds.o
       148          0          0          0          0       4062   list.o
      1528         96         24         32         26       9817   log_info.o
      1024        112          0         12         88      12547   logger.o
      3528        378         86         45        108      35093   main.o
       542         64        112          1       7316      12845   mem_manager.o
      4928        152        120         56         88      16342   notification.o
       860         42        412          0          0      34382   nrf_ble_gatt.o
       544         46          0          0         20      18602   nrf_drv_clock.o
        96         12          0          0          0      29443   nrf_drv_common.o
      1630        104         71          0         88      33858   nrf_drv_gpiote.o
      1126         48          0          0         24      30496   nrf_drv_pwm.o
       808         46          0          0         48      16502   nrf_drv_saadc.o
      1038         18          0          0         36      28575   nrf_drv_spi.o
      1982         56         56          0         80      37547   nrf_drv_twi.o
      2418         74          0          0         32      77031   nrf_drv_uart.o
      1106         64         40         11        256      11755   nrf_log_backend_serial.o
      1214         70         47          4       1048      13606   nrf_log_frontend.o
      1004         36         20         24         24       4791   ota.o
      1968         80         16          1       4248      99860   pavlok_common.o
      1412         50          4         12          0      23468   peer_data_storage.o
      1826         70         20          9        816      25755   peer_database.o
       420         44          0          0         64       9975   peer_id.o
      1762        154          0         17         12      16740   peer_manager.o
       264          0          0          0          0       4503   pm_buffer.o
       244          0          0          0          0       5661   pm_mutex.o
       160         14          0          0          0        708   port.o
       250         42          4          4          0      37150   port_cmsis.o
       800         70          0          0          0      52686   port_cmsis_systick.o
       788        124         60         68          0       6695   pwm.o
      1752         18          0          0         16      19213   queue.o
      1202         18         70          0          0      16712   rtc.o
       316          0          0          0          0       6572   sdk_mapped_flags.o
      2194        100         68          4         64      24544   security_dispatcher.o
      1562        168          4         19          0      18680   security_manager.o
       552         46          0          0        200       9351   segger_rtt.o
      1088          6         16          0          0       7077   segger_rtt_printf.o
      2342        348          0         52       4616      24149   serial_flash_fsm.o
      2410        228          0         28         56      25856   service_task.o
       990        268          0         24          0      44012   softdevice_handler.o
      1988         74          5         32         24      10844   solicited.o
       242         14         24          0          0       3557   spi.o
      1172        118          0          4          0       7095   system_nrf52.o
      3526        504          0         60        160      30737   tasks.o
      1138        110          0         24         40      13148   timers.o
      2078        144         32         31         36      13860   training.o
       444         64          0          1          0      10866   zap.o

    ----------------------------------------------------------------------
     92008       6736       2668        996      39748    1649634   Object Totals
         0          0         32          0          0          0   (incl. Generated)
       134          0         18         31          7          0   (incl. Padding)

    ----------------------------------------------------------------------

      Code (inc. data)   RO Data    RW Data    ZI Data      Debug   Library Member Name

        86          0          0          0          0          0   __dczerorl2.o
         8          4        133          0          0         68   ctype_o.o
         0          0          0          0          0          0   entry.o
         0          0          0          0          0          0   entry10a.o
         0          0          0          0          0          0   entry11a.o
         8          4          0          0          0          0   entry2.o
         4          0          0          0          0          0   entry5.o
         0          0          0          0          0          0   entry7b.o
         0          0          0          0          0          0   entry8b.o
         8          4          0          0          0          0   entry9a.o
        30          0          0          0          0          0   handlers.o
        36          8          0          0          0         68   init.o
         0          0          0          0          0          0   iusefp.o
        30          0          0          0          0         68   llshl.o
        32          0          0          0          0         68   llushr.o
        26          0          0          0          0         80   memcmp.o
        36          0          0          0          0         68   memcpya.o
        36          0          0          0          0        108   memseta.o
      1242         54          0          0          0        572   printf8.o
        18          0          0          0          0         68   strcpy.o
        14          0          0          0          0         68   strlen.o
        30          0          0          0          0         80   strncmp.o
        98          0          0          0          0         92   uldiv.o
       222          0          0          0          0        100   ddiv.o
       186          0          0          0          0        176   depilogue.o
        50          0          0          0          0         76   dfixui.o
        34          0          0          0          0         76   dflti.o
        26          0          0          0          0         76   dfltui.o
       228          0          0          0          0         96   dmul.o

    ----------------------------------------------------------------------
      2492         74        136          0          0       2008   Library Totals
         4          0          3          0          0          0   (incl. Padding)

    ----------------------------------------------------------------------

      Code (inc. data)   RO Data    RW Data    ZI Data      Debug   Library Name

      1742         74        133          0          0       1408   mc_w.l
       746          0          0          0          0        600   mf_w.l

    ----------------------------------------------------------------------
      2492         74        136          0          0       2008   Library Totals

    ----------------------------------------------------------------------

==============================================================================


      Code (inc. data)   RO Data    RW Data    ZI Data      Debug   

     94500       6810       2804        996      39748    1550586   Grand Totals
     94500       6810       2804        236      39748    1550586   ELF Image Totals (compressed)
     94500       6810       2804        236          0          0   ROM Totals

==============================================================================

    Total RO  Size (Code + RO Data)                97304 (  95.02kB)
    Total RW  Size (RW Data + ZI Data)             40744 (  39.79kB)
    Total ROM Size (Code + RO Data + RW Data)      97540 (  95.25kB)

==============================================================================

