<html>
<body>
<pre>
<h1>µVision Build Log</h1>
<h2>Tool Versions:</h2>
IDE-Version: µVision V5.18.0.0
Copyright (C) 2016 ARM Ltd and ARM Germany GmbH. All rights reserved.
License Information: Sam Microsoft, Microsoft, LIC=9N0Z9-4LR99-77WRP-MW9CP-C6LJM-S8Q9A
 
Tool Versions:
Toolchain:       MDK-ARM Professional  Version: 5.18
Toolchain Path:  C:\Keil_v5\ARM\ARMCC\Bin
C Compiler:      Armcc.exe V5.06 update 1 (build 61)
Assembler:       Armasm.exe V5.06 update 1 (build 61)
Linker/Locator:  ArmLink.exe V5.06 update 1 (build 61)
Library Manager: ArmAr.exe V5.06 update 1 (build 61)
Hex Converter:   FromElf.exe V5.06 update 1 (build 61)
CPU DLL:         
Dialog DLL:      
Target DLL:      Segger\JL2CM3.dll V2.99.18.0
Dialog DLL:      TCM.DLL V1.14.8.0
 
<h2>Project:</h2>
C:\Users\samretina\Documents\repos\pavlok_rev_3_hw_test\pavlok_2\pca10040\s132\arm5_no_packs\PAVLOK_S.uvprojx
Project File Date:  08/20/2017

<h2>Output:</h2>
*** Using Compiler 'V5.06 update 1 (build 61)', folder: 'C:\Keil_v5\ARM\ARMCC\Bin'
Rebuild target 'PAVLOK_2'
compiling boards.c...
compiling event_groups.c...
compiling croutine.c...
compiling list.c...
compiling port.c...
compiling port_cmsis.c...
compiling port_cmsis_systick.c...
compiling queue.c...
compiling tasks.c...
compiling heap_4.c...
compiling ble_advdata.c...
compiling timers.c...
compiling ble_advertising.c...
compiling ble_conn_state.c...
compiling ble_conn_params.c...
compiling ble_srv_common.c...
compiling gatt_cache_manager.c...
compiling gatts_cache_manager.c...
compiling id_manager.c...
compiling nrf_ble_gatt.c...
compiling peer_data_storage.c...
compiling peer_database.c...
compiling peer_manager.c...
compiling pm_buffer.c...
compiling peer_id.c...
compiling security_manager.c...
compiling pm_mutex.c...
compiling security_dispatcher.c...
compiling nrf_drv_gpiote.c...
compiling nrf_drv_clock.c...
compiling nrf_drv_common.c...
compiling nrf_drv_twi.c...
compiling nrf_drv_ppi.c...
compiling nrf_drv_uart.c...
compiling nrf_drv_timer.c...
compiling nrf_drv_saadc.c...
compiling nrf_drv_spi.c...
compiling nrf_saadc.c...
compiling nrf_drv_pwm.c...
compiling app_button.c...
compiling app_error.c...
compiling app_error_weak.c...
compiling crc16.c...
compiling app_util_platform.c...
compiling app_timer_freertos.c...
compiling fstorage.c...
compiling hardfault_implementation.c...
compiling fds.c...
compiling sdk_mapped_flags.c...
compiling nrf_strerror.c...
compiling nrf_assert.c...
compiling hardfault_handler_keil.c...
compiling app_fifo.c...
compiling app_uart.c...
compiling nrf_log_backend_serial.c...
compiling mem_manager.c...
compiling RTT_Syscalls_KEIL.c...
compiling nrf_log_frontend.c...
compiling SEGGER_RTT.c...
compiling softdevice_handler.c...
compiling SEGGER_RTT_printf.c...
compiling adc.c...
compiling bsp.c...
compiling debug.c...
compiling main.c...
..\..\..\Pavlok_Application\main.c(1060): warning:  #177-D: variable "xReturn" was declared but never referenced
      BaseType_t xReturn = pdFAIL;
..\..\..\Pavlok_Application\main.c(1061): warning:  #177-D: variable "err_code" was declared but never referenced
      ret_code_t err_code = 0;
..\..\..\Pavlok_Application\main.c(1054): warning:  #177-D: variable "reset_test" was declared but never referenced
  static bool reset_test = false;
..\..\..\Pavlok_Application\main.c: 3 warnings, 0 errors
compiling i2c.c...
compiling leds.c...
compiling pwm.c...
..\..\..\Pavlok_Drivers\pwm.c(63): warning:  #550-D: variable "g_PWMPiezoCountertop" was set but never used
  static uint16_t g_PWMPiezoCountertop = PWM_PIEZO_COUNTERTOP;
..\..\..\Pavlok_Drivers\pwm.c(64): warning:  #550-D: variable "g_PWMMotorCountertop" was set but never used
  static uint16_t g_PWMMotorCountertop = PWM_MOTOR_COUNTERTOP;
..\..\..\Pavlok_Drivers\pwm.c: 2 warnings, 0 errors
compiling accel_mag.c...
compiling rtc.c...
..\..\..\Pavlok_Drivers\rtc.c(319): warning:  #188-D: enumerated type mixed with another type
  		return 1;
..\..\..\Pavlok_Drivers\rtc.c(329): warning:  #188-D: enumerated type mixed with another type
      return 0;
..\..\..\Pavlok_Drivers\rtc.c(305): warning:  #177-D: variable "ret" was declared but never referenced
  	RTC_INIT_RET_T ret = RTC_INIT_INIT_SUCCESS;
..\..\..\Pavlok_Drivers\rtc.c(114): warning:  #177-D: function "rtc_input_int_init" was declared but never referenced
  static void rtc_input_int_init(void) 
..\..\..\Pavlok_Drivers\rtc.c: 4 warnings, 0 errors
compiling spi.c...
compiling zap.c...
assembling arm_startup_nrf52.s...
compiling system_nrf52.c...
compiling gyro.c...
compiling serial_flash.c...
linking...
Program Size: Code=19820 RO-data=1424 RW-data=232 ZI-data=4952  
FromELF: creating hex file...
".\_build\Pavlok_HW_Test.axf" - 0 Error(s), 9 Warning(s).

<h2>Software Packages used:</h2>

Package Vendor: ARM
                http://www.keil.com/pack/ARM.CMSIS.4.5.0.pack
                ARM::CMSIS:CORE:4.3.0
                CMSIS (Cortex Microcontroller Software Interface Standard)
   * Component: CORE Version: 4.3.0

Package Vendor: NordicSemiconductor
                http://developer.nordicsemi.com/nRF5_SDK/pieces/nRF_DeviceFamilyPack/NordicSemiconductor.nRF_DeviceFamilyPack.8.12.0.pack
                NordicSemiconductor::Device:Startup:8.12.0
                Nordic Semiconductor nRF ARM devices Device Family Pack.
   * Component: Startup Version: 8.12.0

<h2>Collection of Component include folders:</h2>
  C:\Users\samretina\Documents\repos\pavlok_rev_3_hw_test\pavlok_2\pca10040\s132\arm5_no_packs\RTE
  C:\Keil_v5\ARM\PACK\ARM\CMSIS\4.5.0\CMSIS\Include
  C:\Keil_v5\ARM\PACK\NordicSemiconductor\nRF_DeviceFamilyPack\8.12.0\Device\Include

<h2>Collection of Component Files used:</h2>

   * Component: ARM::CMSIS:CORE:4.3.0

   * Component: NordicSemiconductor::Device:Startup:8.12.0
      Source file:   Device\Source\arm\arm_startup_nrf52.s
      Source file:   Device\Source\system_nrf52.c
      Include file:  Device\Include\system_nrf52.h
Build Time Elapsed:  00:00:30
</pre>
</body>
</html>
