<html>
<body>
<pre>
<h1>µVision Build Log</h1>
<h2>Tool Versions:</h2>
IDE-Version: µVision V5.23.0.0
Copyright (C) 2017 ARM Ltd and ARM Germany GmbH. All rights reserved.
License Information: pavlok walkAbout7, Behaivoral-Technology-Group, LIC=LSNII-T8ZWW-ZWQ2V-PZWHV-1LV2A-5FCDV
 
Tool Versions:
Toolchain:       MDK-ARM Plus  Version: 5.23
Toolchain Path:  C:\Keil_v5\ARM\ARMCC\Bin
C Compiler:      Armcc.exe V5.06 update 4 (build 422)
Assembler:       Armasm.exe V5.06 update 4 (build 422)
Linker/Locator:  ArmLink.exe V5.06 update 4 (build 422)
Library Manager: ArmAr.exe V5.06 update 4 (build 422)
Hex Converter:   FromElf.exe V5.06 update 4 (build 422)
CPU DLL:         
Dialog DLL:      
Target DLL:      Segger\JL2CM3.dll V2.99.23.0
Dialog DLL:      TCM.DLL V1.27.0.0
 
<h2>Project:</h2>
C:\Users\walkAbout7\Desktop\Development\BetaRelease\new_UUID_pavlok_2\pavlok_2\pca10040\s132\arm5_no_packs\PAVLOK_S.uvprojx
Project File Date:  07/19/2017

<h2>Output:</h2>
*** Using Compiler 'V5.06 update 4 (build 422)', folder: 'C:\Keil_v5\ARM\ARMCC\Bin'
Build target 'PAVLOK_S'
compiling serial_flash_fsm.c...
..\..\..\Pavlok_Drivers\serial_flash_fsm.c(266): warning:  #550-D: variable "rtn_code"  was set but never used
      SERIAL_FLASH_TXRX_RET_T   rtn_code        = SERIAL_FLASH_SUCCESS;
..\..\..\Pavlok_Drivers\serial_flash_fsm.c(700): warning:  #177-D: variable "rtn_code"  was declared but never referenced
    SPI_FLASH_TX_STATUS_T   rtn_code = SPI_FLASH_TX_STATUS_ERROR;
..\..\..\Pavlok_Drivers\serial_flash_fsm.c(553): warning:  #177-D: function "spi_flash_sm_update_state"  was declared but never referenced
  static void spi_flash_sm_update_state(void) 
..\..\..\Pavlok_Drivers\serial_flash_fsm.c(208): warning:  #177-D: function "serial_flash_fsm_application_timers_stop"  was declared but never referenced
  static void serial_flash_fsm_application_timers_stop(void)
..\..\..\Pavlok_Drivers\serial_flash_fsm.c: 4 warnings, 0 errors
linking...
Program Size: Code=94960 RO-data=2804 RW-data=996 ZI-data=39788  
FromELF: creating hex file...
".\_build\pavlok_S_Debug.axf" - 0 Error(s), 4 Warning(s).

<h2>Software Packages used:</h2>

Package Vendor: ARM
                http://www.keil.com/pack/ARM.CMSIS.4.5.0.pack
                ARM::CMSIS:CORE:4.3.0
                CMSIS (Cortex Microcontroller Software Interface Standard)
   * Component: CORE Version: 4.3.0

Package Vendor: NordicSemiconductor
                http://developer.nordicsemi.com/nRF5_SDK/pieces/nRF_DeviceFamilyPack/NordicSemiconductor.nRF_DeviceFamilyPack.8.12.0.pack
                NordicSemiconductor::Device:Startup:8.12.0
                Nordic Semiconductor nRF ARM devices Device Family Pack.
   * Component: Startup Version: 8.12.0

<h2>Collection of Component include folders:</h2>
  .\RTE\_PAVLOK_S
  C:\Keil_v5\ARM\PACK\ARM\CMSIS\4.5.0\CMSIS\Include
  C:\Keil_v5\ARM\PACK\NordicSemiconductor\nRF_DeviceFamilyPack\8.12.0\Device\Include

<h2>Collection of Component Files used:</h2>

   * Component: ARM::CMSIS:CORE:4.3.0

   * Component: NordicSemiconductor::Device:Startup:8.12.0
      Source file:   Device\Source\arm\arm_startup_nrf52.s
      Source file:   Device\Source\system_nrf52.c
      Include file:  Device\Include\system_nrf52.h
Build Time Elapsed:  00:00:03
</pre>
</body>
</html>
