<!doctype html public "-//w3c//dtd html 4.0 transitional//en">
<html><head>
<title>Static Call Graph - [.\_build\pavlok_s.axf]</title></head>
<body><HR>
<H1>Static Call Graph for image .\_build\pavlok_s.axf</H1><HR>
<BR><P>#&#060CALLGRAPH&#062# ARM Linker, 5060422: Last Updated: Wed Jul 19 02:35:35 2017
<BR><P>
<H3>Maximum Stack Usage =       4432 bytes + Unknown(Cycles, Untraceable Function Pointers)</H3><H3>
Call chain for Maximum Stack Depth:</H3>
ble_evt_dispatch &rArr; solicited_on_ble_evt &rArr; on_write &rArr; find_name_in_sectors &rArr; serial_flash_read_data &rArr; serial_flash_get_status &rArr; serial_flash_txrx &rArr; spi2_sync_txrx &rArr; nrf_drv_spi_transfer &rArr; nrf_drv_spi_xfer &rArr; spim_xfer &rArr; nrf_spim_event_clear
<P>
<H3>
Mutually Recursive functions
</H3> <LI><a href="#[9]">NMI_Handler</a>&nbsp;&nbsp;&nbsp;&rArr;&nbsp;&nbsp;&nbsp;<a href="#[9]">NMI_Handler</a><BR>
 <LI><a href="#[b]">MemoryManagement_Handler</a>&nbsp;&nbsp;&nbsp;&rArr;&nbsp;&nbsp;&nbsp;<a href="#[b]">MemoryManagement_Handler</a><BR>
 <LI><a href="#[c]">BusFault_Handler</a>&nbsp;&nbsp;&nbsp;&rArr;&nbsp;&nbsp;&nbsp;<a href="#[c]">BusFault_Handler</a><BR>
 <LI><a href="#[d]">UsageFault_Handler</a>&nbsp;&nbsp;&nbsp;&rArr;&nbsp;&nbsp;&nbsp;<a href="#[d]">UsageFault_Handler</a><BR>
 <LI><a href="#[f]">DebugMon_Handler</a>&nbsp;&nbsp;&nbsp;&rArr;&nbsp;&nbsp;&nbsp;<a href="#[f]">DebugMon_Handler</a><BR>
 <LI><a href="#[11]">SysTick_Handler</a>&nbsp;&nbsp;&nbsp;&rArr;&nbsp;&nbsp;&nbsp;<a href="#[11]">SysTick_Handler</a><BR>
 <LI><a href="#[21]">CCM_AAR_IRQHandler</a>&nbsp;&nbsp;&nbsp;&rArr;&nbsp;&nbsp;&nbsp;<a href="#[21]">CCM_AAR_IRQHandler</a><BR>
 <LI><a href="#[217]">queue_process</a>&nbsp;&nbsp;&nbsp;&rArr;&nbsp;&nbsp;&nbsp;<a href="#[217]">queue_process</a><BR>
</UL>
<P>
<H3>
Function Pointers
</H3><UL>
 <LI><a href="#[c]">BusFault_Handler</a> from arm_startup_nrf52.o(.text) referenced from arm_startup_nrf52.o(RESET)
 <LI><a href="#[21]">CCM_AAR_IRQHandler</a> from arm_startup_nrf52.o(.text) referenced from arm_startup_nrf52.o(RESET)
 <LI><a href="#[25]">COMP_LPCOMP_IRQHandler</a> from arm_startup_nrf52.o(.text) referenced from arm_startup_nrf52.o(RESET)
 <LI><a href="#[f]">DebugMon_Handler</a> from arm_startup_nrf52.o(.text) referenced from arm_startup_nrf52.o(RESET)
 <LI><a href="#[20]">ECB_IRQHandler</a> from arm_startup_nrf52.o(.text) referenced from arm_startup_nrf52.o(RESET)
 <LI><a href="#[36]">FPU_IRQHandler</a> from arm_startup_nrf52.o(.text) referenced from arm_startup_nrf52.o(RESET)
 <LI><a href="#[18]">GPIOTE_IRQHandler</a> from nrf_drv_gpiote.o(i.GPIOTE_IRQHandler) referenced from arm_startup_nrf52.o(RESET)
 <LI><a href="#[a]">HardFault_Handler</a> from hardfault_handler_keil.o(.emb_text) referenced from arm_startup_nrf52.o(RESET)
 <LI><a href="#[38]">HardFault_c_handler</a> from hardfault_implementation.o(i.HardFault_c_handler) referenced from hardfault_handler_keil.o(.emb_text)
 <LI><a href="#[35]">I2S_IRQHandler</a> from arm_startup_nrf52.o(.text) referenced from arm_startup_nrf52.o(RESET)
 <LI><a href="#[30]">MWU_IRQHandler</a> from arm_startup_nrf52.o(.text) referenced from arm_startup_nrf52.o(RESET)
 <LI><a href="#[b]">MemoryManagement_Handler</a> from arm_startup_nrf52.o(.text) referenced from arm_startup_nrf52.o(RESET)
 <LI><a href="#[17]">NFCT_IRQHandler</a> from arm_startup_nrf52.o(.text) referenced from arm_startup_nrf52.o(RESET)
 <LI><a href="#[9]">NMI_Handler</a> from arm_startup_nrf52.o(.text) referenced from arm_startup_nrf52.o(RESET)
 <LI><a href="#[2f]">PDM_IRQHandler</a> from arm_startup_nrf52.o(.text) referenced from arm_startup_nrf52.o(RESET)
 <LI><a href="#[12]">POWER_CLOCK_IRQHandler</a> from nrf_drv_clock.o(i.POWER_CLOCK_IRQHandler) referenced from arm_startup_nrf52.o(RESET)
 <LI><a href="#[2e]">PWM0_IRQHandler</a> from nrf_drv_pwm.o(i.PWM0_IRQHandler) referenced from arm_startup_nrf52.o(RESET)
 <LI><a href="#[31]">PWM1_IRQHandler</a> from nrf_drv_pwm.o(i.PWM1_IRQHandler) referenced from arm_startup_nrf52.o(RESET)
 <LI><a href="#[32]">PWM2_IRQHandler</a> from nrf_drv_pwm.o(i.PWM2_IRQHandler) referenced from arm_startup_nrf52.o(RESET)
 <LI><a href="#[10]">PendSV_Handler</a> from port.o(.emb_text) referenced from arm_startup_nrf52.o(RESET)
 <LI><a href="#[24]">QDEC_IRQHandler</a> from arm_startup_nrf52.o(.text) referenced from arm_startup_nrf52.o(RESET)
 <LI><a href="#[13]">RADIO_IRQHandler</a> from arm_startup_nrf52.o(.text) referenced from arm_startup_nrf52.o(RESET)
 <LI><a href="#[1f]">RNG_IRQHandler</a> from arm_startup_nrf52.o(.text) referenced from arm_startup_nrf52.o(RESET)
 <LI><a href="#[1d]">RTC0_IRQHandler</a> from arm_startup_nrf52.o(.text) referenced from arm_startup_nrf52.o(RESET)
 <LI><a href="#[23]">RTC1_IRQHandler</a> from port_cmsis_systick.o(i.RTC1_IRQHandler) referenced from arm_startup_nrf52.o(RESET)
 <LI><a href="#[34]">RTC2_IRQHandler</a> from arm_startup_nrf52.o(.text) referenced from arm_startup_nrf52.o(RESET)
 <LI><a href="#[8]">Reset_Handler</a> from arm_startup_nrf52.o(.text) referenced from arm_startup_nrf52.o(RESET)
 <LI><a href="#[19]">SAADC_IRQHandler</a> from nrf_drv_saadc.o(i.SAADC_IRQHandler) referenced from arm_startup_nrf52.o(RESET)
 <LI><a href="#[15]">SPIM0_SPIS0_TWIM0_TWIS0_SPI0_TWI0_IRQHandler</a> from nrf_drv_twi.o(i.SPIM0_SPIS0_TWIM0_TWIS0_SPI0_TWI0_IRQHandler) referenced from arm_startup_nrf52.o(RESET)
 <LI><a href="#[16]">SPIM1_SPIS1_TWIM1_TWIS1_SPI1_TWI1_IRQHandler</a> from nrf_drv_twi.o(i.SPIM1_SPIS1_TWIM1_TWIS1_SPI1_TWI1_IRQHandler) referenced from arm_startup_nrf52.o(RESET)
 <LI><a href="#[33]">SPIM2_SPIS2_SPI2_IRQHandler</a> from nrf_drv_spi.o(i.SPIM2_SPIS2_SPI2_IRQHandler) referenced from arm_startup_nrf52.o(RESET)
 <LI><a href="#[e]">SVC_Handler</a> from port.o(.emb_text) referenced from arm_startup_nrf52.o(RESET)
 <LI><a href="#[26]">SWI0_EGU0_IRQHandler</a> from arm_startup_nrf52.o(.text) referenced from arm_startup_nrf52.o(RESET)
 <LI><a href="#[27]">SWI1_EGU1_IRQHandler</a> from arm_startup_nrf52.o(.text) referenced from arm_startup_nrf52.o(RESET)
 <LI><a href="#[28]">SWI2_EGU2_IRQHandler</a> from softdevice_handler.o(i.SWI2_EGU2_IRQHandler) referenced from arm_startup_nrf52.o(RESET)
 <LI><a href="#[29]">SWI3_EGU3_IRQHandler</a> from arm_startup_nrf52.o(.text) referenced from arm_startup_nrf52.o(RESET)
 <LI><a href="#[2a]">SWI4_EGU4_IRQHandler</a> from arm_startup_nrf52.o(.text) referenced from arm_startup_nrf52.o(RESET)
 <LI><a href="#[2b]">SWI5_EGU5_IRQHandler</a> from arm_startup_nrf52.o(.text) referenced from arm_startup_nrf52.o(RESET)
 <LI><a href="#[11]">SysTick_Handler</a> from arm_startup_nrf52.o(.text) referenced from arm_startup_nrf52.o(RESET)
 <LI><a href="#[39]">SystemInit</a> from system_nrf52.o(i.SystemInit) referenced from arm_startup_nrf52.o(.text)
 <LI><a href="#[1e]">TEMP_IRQHandler</a> from arm_startup_nrf52.o(.text) referenced from arm_startup_nrf52.o(RESET)
 <LI><a href="#[1a]">TIMER0_IRQHandler</a> from arm_startup_nrf52.o(.text) referenced from arm_startup_nrf52.o(RESET)
 <LI><a href="#[1b]">TIMER1_IRQHandler</a> from arm_startup_nrf52.o(.text) referenced from arm_startup_nrf52.o(RESET)
 <LI><a href="#[1c]">TIMER2_IRQHandler</a> from arm_startup_nrf52.o(.text) referenced from arm_startup_nrf52.o(RESET)
 <LI><a href="#[2c]">TIMER3_IRQHandler</a> from arm_startup_nrf52.o(.text) referenced from arm_startup_nrf52.o(RESET)
 <LI><a href="#[2d]">TIMER4_IRQHandler</a> from arm_startup_nrf52.o(.text) referenced from arm_startup_nrf52.o(RESET)
 <LI><a href="#[14]">UARTE0_UART0_IRQHandler</a> from nrf_drv_uart.o(i.UARTE0_UART0_IRQHandler) referenced from arm_startup_nrf52.o(RESET)
 <LI><a href="#[d]">UsageFault_Handler</a> from arm_startup_nrf52.o(.text) referenced from arm_startup_nrf52.o(RESET)
 <LI><a href="#[22]">WDT_IRQHandler</a> from arm_startup_nrf52.o(.text) referenced from arm_startup_nrf52.o(RESET)
 <LI><a href="#[3a]">__main</a> from entry.o(.ARM.Collect$$$$00000000) referenced from arm_startup_nrf52.o(.text)
 <LI><a href="#[3b]">_snputc</a> from printf8.o(i._snputc) referenced from printf8.o(i.__0snprintf$8)
 <LI><a href="#[3c]">_sputc</a> from printf8.o(i._sputc) referenced from printf8.o(i.__0sprintf$8)
 <LI><a href="#[3d]">accel_mag_pin_handler_int1</a> from accel_mag.o(i.accel_mag_pin_handler_int1) referenced from accel_mag.o(i.accel_mag_input_int1_init)
 <LI><a href="#[3e]">accel_mag_pin_handler_int2</a> from accel_mag.o(i.accel_mag_pin_handler_int2) referenced from accel_mag.o(i.accel_mag_input_int2_init)
 <LI><a href="#[4d]">alert_timer_handler</a> from bsp.o(i.alert_timer_handler) referenced from bsp.o(i.bsp_init)
 <LI><a href="#[42]">app_timer_callback</a> from app_timer_freertos.o(i.app_timer_callback) referenced from app_timer_freertos.o(i.app_timer_create)
 <LI><a href="#[43]">application_loader_timeout_handler</a> from application_task.o(i.application_loader_timeout_handler) referenced from application_task.o(i.application_loader_timers_init)
 <LI><a href="#[44]">application_task_thread</a> from application_task.o(i.application_task_thread) referenced from application_task.o(i.application_start_task)
 <LI><a href="#[45]">application_task_timeout_handler</a> from application_task.o(i.application_task_timeout_handler) referenced from application_task.o(i.application_task_timers_init)
 <LI><a href="#[46]">ble_bas_battery_level_send</a> from ble_bas.o(i.ble_bas_battery_level_send) referenced from ble_bas.o(i.battery_timer_init)
 <LI><a href="#[49]">ble_evt_dispatch</a> from main.o(i.ble_evt_dispatch) referenced from main.o(i.ble_stack_init)
 <LI><a href="#[48]">ble_new_event_handler</a> from main.o(i.ble_new_event_handler) referenced from main.o(i.ble_stack_init)
 <LI><a href="#[56]">ble_stack_thread</a> from main.o(i.ble_stack_thread) referenced from main.o(i.main)
 <LI><a href="#[76]">bsp_button_event_handler</a> from bsp.o(i.bsp_button_event_handler) referenced from bsp.o(.constdata)
 <LI><a href="#[4e]">bsp_event_handler</a> from main.o(i.bsp_event_handler) referenced from main.o(i.buttons_leds_init)
 <LI><a href="#[4b]">button_timer_handler</a> from bsp.o(i.button_timer_handler) referenced from bsp.o(i.bsp_init)
 <LI><a href="#[66]">button_timer_handler</a> from main.o(i.button_timer_handler) referenced from main.o(i.timers_init)
 <LI><a href="#[50]">conn_params_error_handler</a> from main.o(i.conn_params_error_handler) referenced from main.o(i.conn_params_init)
 <LI><a href="#[41]">detection_delay_timeout_handler</a> from app_button.o(i.detection_delay_timeout_handler) referenced from app_button.o(i.app_button_init)
 <LI><a href="#[5c]">fds_evt_handler</a> from peer_data_storage.o(i.fds_evt_handler) referenced from peer_data_storage.o(i.pds_init)
 <LI><a href="#[7]">fs_event_handler</a> from fds.o(i.fs_event_handler) referenced 2 times from fds.o(fs_data)
 <LI><a href="#[2]">gcm_gscm_evt_handler</a> from gatt_cache_manager.o(i.gcm_gscm_evt_handler) referenced 2 times from gatts_cache_manager.o(.data)
 <LI><a href="#[6c]">gcm_im_evt_handler</a> from gatt_cache_manager.o(i.gcm_im_evt_handler) referenced from id_manager.o(.constdata)
 <LI><a href="#[74]">gcm_smd_evt_handler</a> from gatt_cache_manager.o(i.gcm_smd_evt_handler) referenced from security_dispatcher.o(.constdata)
 <LI><a href="#[40]">gpiote_event_handler</a> from app_button.o(i.gpiote_event_handler) referenced from app_button.o(i.app_button_init)
 <LI><a href="#[72]">gscm_pdb_evt_handler</a> from gatts_cache_manager.o(i.gscm_pdb_evt_handler) referenced from peer_database.o(.constdata)
 <LI><a href="#[51]">habit_task_thread</a> from habit.o(i.habit_task_thread) referenced from habit.o(i.habit_start_task)
 <LI><a href="#[52]">habit_task_timeout_handler</a> from habit.o(i.habit_task_timeout_handler) referenced from habit.o(i.habit_task_timers_init)
 <LI><a href="#[6f]">im_pdb_evt_handler</a> from id_manager.o(i.im_pdb_evt_handler) referenced from peer_database.o(.constdata)
 <LI><a href="#[4c]">leds_timer_handler</a> from bsp.o(i.leds_timer_handler) referenced from bsp.o(i.bsp_init)
 <LI><a href="#[53]">log_info_timeout_handle</a> from log_info.o(i.log_info_timeout_handle) referenced from log_info.o(i.log_info_timers_init)
 <LI><a href="#[54]">logger_task_thread</a> from logger.o(i.logger_task_thread) referenced from logger.o(i.logger_start_task)
 <LI><a href="#[55]">logger_task_timeout_handler</a> from logger.o(i.logger_task_timeout_handler) referenced from logger.o(i.logger_task_timers_init)
 <LI><a href="#[57]">logger_thread</a> from main.o(i.logger_thread) referenced from main.o(i.main)
 <LI><a href="#[37]">main</a> from main.o(i.main) referenced from entry9a.o(.ARM.Collect$$$$0000000B)
 <LI><a href="#[58]">notify_timeout_handle</a> from notification.o(i.notify_timeout_handle) referenced from notification.o(i.notify_timers_init)
 <LI><a href="#[59]">nrf_log_backend_serial_hexdump_handler</a> from nrf_log_backend_serial.o(i.nrf_log_backend_serial_hexdump_handler) referenced from nrf_log_backend_serial.o(i.nrf_log_backend_hexdump_handler_get)
 <LI><a href="#[5b]">nrf_log_backend_serial_std_handler</a> from nrf_log_backend_serial.o(i.nrf_log_backend_serial_std_handler) referenced from nrf_log_backend_serial.o(i.nrf_log_backend_std_handler_get)
 <LI><a href="#[3f]">on_adv_evt</a> from main.o(i.on_adv_evt) referenced from main.o(i.advertising_init)
 <LI><a href="#[4f]">on_conn_params_evt</a> from main.o(i.on_conn_params_evt) referenced from main.o(i.conn_params_init)
 <LI><a href="#[6d]">pdb_pds_evt_handler</a> from peer_database.o(i.pdb_pds_evt_handler) referenced from peer_data_storage.o(.constdata)
 <LI><a href="#[5e]">perform_action_timeout_handler</a> from service_task.o(i.perform_action_timeout_handler) referenced from service_task.o(i.perform_action_timers_init)
 <LI><a href="#[5d]">pm_evt_handler</a> from main.o(i.pm_evt_handler) referenced from main.o(i.peer_manager_init)
 <LI><a href="#[1]">pm_gcm_evt_handler</a> from peer_manager.o(i.pm_gcm_evt_handler) referenced 2 times from gatt_cache_manager.o(.data)
 <LI><a href="#[6b]">pm_im_evt_handler</a> from peer_manager.o(i.pm_im_evt_handler) referenced from id_manager.o(.constdata)
 <LI><a href="#[6e]">pm_pdb_evt_handler</a> from peer_manager.o(i.pm_pdb_evt_handler) referenced from peer_database.o(.constdata)
 <LI><a href="#[75]">pm_sm_evt_handler</a> from peer_manager.o(i.pm_sm_evt_handler) referenced from security_manager.o(.constdata)
 <LI><a href="#[69]">prvIdleTask</a> from tasks.o(i.prvIdleTask) referenced from tasks.o(i.vTaskStartScheduler)
 <LI><a href="#[5f]">prvTaskExitError</a> from port_cmsis.o(i.prvTaskExitError) referenced from port_cmsis.o(i.pxPortInitialiseStack)
 <LI><a href="#[6a]">prvTimerTask</a> from timers.o(i.prvTimerTask) referenced from timers.o(i.xTimerCreateTimerTask)
 <LI><a href="#[60]">rtc_pin_handler_int</a> from rtc.o(i.rtc_pin_handler_int) referenced from rtc.o(i.rtc_input_int_init)
 <LI><a href="#[61]">serial_flash_fsm_task_thread</a> from serial_flash_fsm.o(i.serial_flash_fsm_task_thread) referenced from serial_flash_fsm.o(i.serial_flash_fsm_start_task)
 <LI><a href="#[62]">serial_flash_fsm_task_timeout_handler</a> from serial_flash_fsm.o(i.serial_flash_fsm_task_timeout_handler) referenced from serial_flash_fsm.o(i.serial_flash_fsm_task_timers_init)
 <LI><a href="#[63]">service_task_thread</a> from service_task.o(i.service_task_thread) referenced from service_task.o(i.service_start_task)
 <LI><a href="#[64]">service_task_timeout_handler</a> from service_task.o(i.service_task_timeout_handler) referenced from service_task.o(i.service_task_timers_init)
 <LI><a href="#[70]">sm_pdb_evt_handler</a> from security_manager.o(i.sm_pdb_evt_handler) referenced from peer_database.o(.constdata)
 <LI><a href="#[73]">sm_smd_evt_handler</a> from security_manager.o(i.sm_smd_evt_handler) referenced from security_dispatcher.o(.constdata)
 <LI><a href="#[71]">smd_pdb_evt_handler</a> from security_dispatcher.o(i.smd_pdb_evt_handler) referenced from peer_database.o(.constdata)
 <LI><a href="#[65]">softdevice_fault_handler</a> from softdevice_handler.o(i.softdevice_fault_handler) referenced from softdevice_handler.o(i.softdevice_handler_init)
 <LI><a href="#[5]">spi_flash_sm_check_latch</a> from serial_flash_fsm.o(i.spi_flash_sm_check_latch) referenced 2 times from serial_flash_fsm.o(.data)
 <LI><a href="#[4]">spi_flash_sm_check_status</a> from serial_flash_fsm.o(i.spi_flash_sm_check_status) referenced 2 times from serial_flash_fsm.o(.data)
 <LI><a href="#[3]">spi_flash_sm_load_write</a> from serial_flash_fsm.o(i.spi_flash_sm_load_write) referenced 2 times from serial_flash_fsm.o(.data)
 <LI><a href="#[6]">spi_flash_sm_write</a> from serial_flash_fsm.o(i.spi_flash_sm_write) referenced 2 times from serial_flash_fsm.o(.data)
 <LI><a href="#[4a]">sys_evt_dispatch</a> from main.o(i.sys_evt_dispatch) referenced from main.o(i.ble_stack_init)
 <LI><a href="#[67]">train_timeout_handle</a> from training.o(i.train_timeout_handle) referenced from training.o(i.train_timers_init)
 <LI><a href="#[68]">train_total_test_timeout_handle</a> from training.o(i.train_total_test_timeout_handle) referenced from training.o(i.train_timers_init)
 <LI><a href="#[5a]">uart_event_handler</a> from nrf_log_backend_serial.o(i.uart_event_handler) referenced from nrf_log_backend_serial.o(i.nrf_log_backend_init)
 <LI><a href="#[47]">update_timeout_handler</a> from ble_conn_params.o(i.update_timeout_handler) referenced from ble_conn_params.o(i.ble_conn_params_init)
</UL>
<P>
<H3>
Global Symbols
</H3>
<P><STRONG><a name="[3a]"></a>__main</STRONG> (Thumb, 0 bytes, Stack size unknown bytes, entry.o(.ARM.Collect$$$$00000000))
<BR>[Address Reference Count : 1]<UL><LI> arm_startup_nrf52.o(.text)
</UL>
<P><STRONG><a name="[435]"></a>_main_stk</STRONG> (Thumb, 0 bytes, Stack size unknown bytes, entry2.o(.ARM.Collect$$$$00000001))

<P><STRONG><a name="[77]"></a>_main_scatterload</STRONG> (Thumb, 0 bytes, Stack size unknown bytes, entry5.o(.ARM.Collect$$$$00000004))
<BR><BR>[Calls]<UL><LI><a href="#[78]">&gt;&gt;</a>&nbsp;&nbsp;&nbsp;__scatterload
</UL>

<P><STRONG><a name="[87]"></a>__main_after_scatterload</STRONG> (Thumb, 0 bytes, Stack size unknown bytes, entry5.o(.ARM.Collect$$$$00000004))
<BR><BR>[Called By]<UL><LI><a href="#[78]">&gt;&gt;</a>&nbsp;&nbsp;&nbsp;__scatterload
</UL>

<P><STRONG><a name="[436]"></a>_main_clock</STRONG> (Thumb, 0 bytes, Stack size unknown bytes, entry7b.o(.ARM.Collect$$$$00000008))

<P><STRONG><a name="[437]"></a>_main_cpp_init</STRONG> (Thumb, 0 bytes, Stack size unknown bytes, entry8b.o(.ARM.Collect$$$$0000000A))

<P><STRONG><a name="[438]"></a>_main_init</STRONG> (Thumb, 0 bytes, Stack size unknown bytes, entry9a.o(.ARM.Collect$$$$0000000B))

<P><STRONG><a name="[439]"></a>__rt_final_cpp</STRONG> (Thumb, 0 bytes, Stack size unknown bytes, entry10a.o(.ARM.Collect$$$$0000000D))

<P><STRONG><a name="[43a]"></a>__rt_final_exit</STRONG> (Thumb, 0 bytes, Stack size unknown bytes, entry11a.o(.ARM.Collect$$$$0000000F))

<P><STRONG><a name="[e]"></a>SVC_Handler</STRONG> (Thumb, 28 bytes, Stack size 0 bytes, port.o(.emb_text))
<BR>[Address Reference Count : 1]<UL><LI> arm_startup_nrf52.o(RESET)
</UL>
<P><STRONG><a name="[42e]"></a>vPortStartFirstTask</STRONG> (Thumb, 32 bytes, Stack size 0 bytes, port.o(.emb_text))
<BR><BR>[Called By]<UL><LI><a href="#[424]">&gt;&gt;</a>&nbsp;&nbsp;&nbsp;xPortStartScheduler
</UL>

<P><STRONG><a name="[10]"></a>PendSV_Handler</STRONG> (Thumb, 88 bytes, Stack size 0 bytes, port.o(.emb_text))
<BR><BR>[Stack]<UL><LI>Max Depth = 48<LI>Call Chain = PendSV_Handler &rArr; vTaskSwitchContext &rArr; vApplicationStackOverflowHook &rArr; app_error_handler_bare
</UL>
<BR>[Calls]<UL><LI><a href="#[79]">&gt;&gt;</a>&nbsp;&nbsp;&nbsp;vTaskSwitchContext
</UL>
<BR>[Address Reference Count : 1]<UL><LI> arm_startup_nrf52.o(RESET)
</UL>
<P><STRONG><a name="[a]"></a>HardFault_Handler</STRONG> (Thumb, 40 bytes, Stack size 0 bytes, hardfault_handler_keil.o(.emb_text))
<BR>[Address Reference Count : 1]<UL><LI> arm_startup_nrf52.o(RESET)
</UL>
<P><STRONG><a name="[8]"></a>Reset_Handler</STRONG> (Thumb, 8 bytes, Stack size 0 bytes, arm_startup_nrf52.o(.text))
<BR>[Address Reference Count : 1]<UL><LI> arm_startup_nrf52.o(RESET)
</UL>
<P><STRONG><a name="[9]"></a>NMI_Handler</STRONG> (Thumb, 2 bytes, Stack size 0 bytes, arm_startup_nrf52.o(.text))
<BR><BR>[Calls]<UL><LI><a href="#[9]">&gt;&gt;</a>&nbsp;&nbsp;&nbsp;NMI_Handler
</UL>
<BR>[Called By]<UL><LI><a href="#[9]">&gt;&gt;</a>&nbsp;&nbsp;&nbsp;NMI_Handler
</UL>
<BR>[Address Reference Count : 1]<UL><LI> arm_startup_nrf52.o(RESET)
</UL>
<P><STRONG><a name="[b]"></a>MemoryManagement_Handler</STRONG> (Thumb, 2 bytes, Stack size 0 bytes, arm_startup_nrf52.o(.text))
<BR><BR>[Calls]<UL><LI><a href="#[b]">&gt;&gt;</a>&nbsp;&nbsp;&nbsp;MemoryManagement_Handler
</UL>
<BR>[Called By]<UL><LI><a href="#[b]">&gt;&gt;</a>&nbsp;&nbsp;&nbsp;MemoryManagement_Handler
</UL>
<BR>[Address Reference Count : 1]<UL><LI> arm_startup_nrf52.o(RESET)
</UL>
<P><STRONG><a name="[c]"></a>BusFault_Handler</STRONG> (Thumb, 2 bytes, Stack size 0 bytes, arm_startup_nrf52.o(.text))
<BR><BR>[Calls]<UL><LI><a href="#[c]">&gt;&gt;</a>&nbsp;&nbsp;&nbsp;BusFault_Handler
</UL>
<BR>[Called By]<UL><LI><a href="#[c]">&gt;&gt;</a>&nbsp;&nbsp;&nbsp;BusFault_Handler
</UL>
<BR>[Address Reference Count : 1]<UL><LI> arm_startup_nrf52.o(RESET)
</UL>
<P><STRONG><a name="[d]"></a>UsageFault_Handler</STRONG> (Thumb, 2 bytes, Stack size 0 bytes, arm_startup_nrf52.o(.text))
<BR><BR>[Calls]<UL><LI><a href="#[d]">&gt;&gt;</a>&nbsp;&nbsp;&nbsp;UsageFault_Handler
</UL>
<BR>[Called By]<UL><LI><a href="#[d]">&gt;&gt;</a>&nbsp;&nbsp;&nbsp;UsageFault_Handler
</UL>
<BR>[Address Reference Count : 1]<UL><LI> arm_startup_nrf52.o(RESET)
</UL>
<P><STRONG><a name="[f]"></a>DebugMon_Handler</STRONG> (Thumb, 2 bytes, Stack size 0 bytes, arm_startup_nrf52.o(.text))
<BR><BR>[Calls]<UL><LI><a href="#[f]">&gt;&gt;</a>&nbsp;&nbsp;&nbsp;DebugMon_Handler
</UL>
<BR>[Called By]<UL><LI><a href="#[f]">&gt;&gt;</a>&nbsp;&nbsp;&nbsp;DebugMon_Handler
</UL>
<BR>[Address Reference Count : 1]<UL><LI> arm_startup_nrf52.o(RESET)
</UL>
<P><STRONG><a name="[11]"></a>SysTick_Handler</STRONG> (Thumb, 2 bytes, Stack size 0 bytes, arm_startup_nrf52.o(.text))
<BR><BR>[Calls]<UL><LI><a href="#[11]">&gt;&gt;</a>&nbsp;&nbsp;&nbsp;SysTick_Handler
</UL>
<BR>[Called By]<UL><LI><a href="#[11]">&gt;&gt;</a>&nbsp;&nbsp;&nbsp;SysTick_Handler
</UL>
<BR>[Address Reference Count : 1]<UL><LI> arm_startup_nrf52.o(RESET)
</UL>
<P><STRONG><a name="[21]"></a>CCM_AAR_IRQHandler</STRONG> (Thumb, 0 bytes, Stack size 0 bytes, arm_startup_nrf52.o(.text))
<BR><BR>[Calls]<UL><LI><a href="#[21]">&gt;&gt;</a>&nbsp;&nbsp;&nbsp;CCM_AAR_IRQHandler
</UL>
<BR>[Called By]<UL><LI><a href="#[21]">&gt;&gt;</a>&nbsp;&nbsp;&nbsp;CCM_AAR_IRQHandler
</UL>
<BR>[Address Reference Count : 1]<UL><LI> arm_startup_nrf52.o(RESET)
</UL>
<P><STRONG><a name="[25]"></a>COMP_LPCOMP_IRQHandler</STRONG> (Thumb, 0 bytes, Stack size 0 bytes, arm_startup_nrf52.o(.text))
<BR>[Address Reference Count : 1]<UL><LI> arm_startup_nrf52.o(RESET)
</UL>
<P><STRONG><a name="[20]"></a>ECB_IRQHandler</STRONG> (Thumb, 0 bytes, Stack size 0 bytes, arm_startup_nrf52.o(.text))
<BR>[Address Reference Count : 1]<UL><LI> arm_startup_nrf52.o(RESET)
</UL>
<P><STRONG><a name="[36]"></a>FPU_IRQHandler</STRONG> (Thumb, 0 bytes, Stack size 0 bytes, arm_startup_nrf52.o(.text))
<BR>[Address Reference Count : 1]<UL><LI> arm_startup_nrf52.o(RESET)
</UL>
<P><STRONG><a name="[35]"></a>I2S_IRQHandler</STRONG> (Thumb, 0 bytes, Stack size 0 bytes, arm_startup_nrf52.o(.text))
<BR>[Address Reference Count : 1]<UL><LI> arm_startup_nrf52.o(RESET)
</UL>
<P><STRONG><a name="[30]"></a>MWU_IRQHandler</STRONG> (Thumb, 0 bytes, Stack size 0 bytes, arm_startup_nrf52.o(.text))
<BR>[Address Reference Count : 1]<UL><LI> arm_startup_nrf52.o(RESET)
</UL>
<P><STRONG><a name="[17]"></a>NFCT_IRQHandler</STRONG> (Thumb, 0 bytes, Stack size 0 bytes, arm_startup_nrf52.o(.text))
<BR>[Address Reference Count : 1]<UL><LI> arm_startup_nrf52.o(RESET)
</UL>
<P><STRONG><a name="[2f]"></a>PDM_IRQHandler</STRONG> (Thumb, 0 bytes, Stack size 0 bytes, arm_startup_nrf52.o(.text))
<BR>[Address Reference Count : 1]<UL><LI> arm_startup_nrf52.o(RESET)
</UL>
<P><STRONG><a name="[24]"></a>QDEC_IRQHandler</STRONG> (Thumb, 0 bytes, Stack size 0 bytes, arm_startup_nrf52.o(.text))
<BR>[Address Reference Count : 1]<UL><LI> arm_startup_nrf52.o(RESET)
</UL>
<P><STRONG><a name="[13]"></a>RADIO_IRQHandler</STRONG> (Thumb, 0 bytes, Stack size 0 bytes, arm_startup_nrf52.o(.text))
<BR>[Address Reference Count : 1]<UL><LI> arm_startup_nrf52.o(RESET)
</UL>
<P><STRONG><a name="[1f]"></a>RNG_IRQHandler</STRONG> (Thumb, 0 bytes, Stack size 0 bytes, arm_startup_nrf52.o(.text))
<BR>[Address Reference Count : 1]<UL><LI> arm_startup_nrf52.o(RESET)
</UL>
<P><STRONG><a name="[1d]"></a>RTC0_IRQHandler</STRONG> (Thumb, 0 bytes, Stack size 0 bytes, arm_startup_nrf52.o(.text))
<BR>[Address Reference Count : 1]<UL><LI> arm_startup_nrf52.o(RESET)
</UL>
<P><STRONG><a name="[34]"></a>RTC2_IRQHandler</STRONG> (Thumb, 0 bytes, Stack size 0 bytes, arm_startup_nrf52.o(.text))
<BR>[Address Reference Count : 1]<UL><LI> arm_startup_nrf52.o(RESET)
</UL>
<P><STRONG><a name="[26]"></a>SWI0_EGU0_IRQHandler</STRONG> (Thumb, 0 bytes, Stack size 0 bytes, arm_startup_nrf52.o(.text))
<BR>[Address Reference Count : 1]<UL><LI> arm_startup_nrf52.o(RESET)
</UL>
<P><STRONG><a name="[27]"></a>SWI1_EGU1_IRQHandler</STRONG> (Thumb, 0 bytes, Stack size 0 bytes, arm_startup_nrf52.o(.text))
<BR>[Address Reference Count : 1]<UL><LI> arm_startup_nrf52.o(RESET)
</UL>
<P><STRONG><a name="[29]"></a>SWI3_EGU3_IRQHandler</STRONG> (Thumb, 0 bytes, Stack size 0 bytes, arm_startup_nrf52.o(.text))
<BR>[Address Reference Count : 1]<UL><LI> arm_startup_nrf52.o(RESET)
</UL>
<P><STRONG><a name="[2a]"></a>SWI4_EGU4_IRQHandler</STRONG> (Thumb, 0 bytes, Stack size 0 bytes, arm_startup_nrf52.o(.text))
<BR>[Address Reference Count : 1]<UL><LI> arm_startup_nrf52.o(RESET)
</UL>
<P><STRONG><a name="[2b]"></a>SWI5_EGU5_IRQHandler</STRONG> (Thumb, 0 bytes, Stack size 0 bytes, arm_startup_nrf52.o(.text))
<BR>[Address Reference Count : 1]<UL><LI> arm_startup_nrf52.o(RESET)
</UL>
<P><STRONG><a name="[1e]"></a>TEMP_IRQHandler</STRONG> (Thumb, 0 bytes, Stack size 0 bytes, arm_startup_nrf52.o(.text))
<BR>[Address Reference Count : 1]<UL><LI> arm_startup_nrf52.o(RESET)
</UL>
<P><STRONG><a name="[1a]"></a>TIMER0_IRQHandler</STRONG> (Thumb, 0 bytes, Stack size 0 bytes, arm_startup_nrf52.o(.text))
<BR>[Address Reference Count : 1]<UL><LI> arm_startup_nrf52.o(RESET)
</UL>
<P><STRONG><a name="[1b]"></a>TIMER1_IRQHandler</STRONG> (Thumb, 0 bytes, Stack size 0 bytes, arm_startup_nrf52.o(.text))
<BR>[Address Reference Count : 1]<UL><LI> arm_startup_nrf52.o(RESET)
</UL>
<P><STRONG><a name="[1c]"></a>TIMER2_IRQHandler</STRONG> (Thumb, 0 bytes, Stack size 0 bytes, arm_startup_nrf52.o(.text))
<BR>[Address Reference Count : 1]<UL><LI> arm_startup_nrf52.o(RESET)
</UL>
<P><STRONG><a name="[2c]"></a>TIMER3_IRQHandler</STRONG> (Thumb, 0 bytes, Stack size 0 bytes, arm_startup_nrf52.o(.text))
<BR>[Address Reference Count : 1]<UL><LI> arm_startup_nrf52.o(RESET)
</UL>
<P><STRONG><a name="[2d]"></a>TIMER4_IRQHandler</STRONG> (Thumb, 0 bytes, Stack size 0 bytes, arm_startup_nrf52.o(.text))
<BR>[Address Reference Count : 1]<UL><LI> arm_startup_nrf52.o(RESET)
</UL>
<P><STRONG><a name="[22]"></a>WDT_IRQHandler</STRONG> (Thumb, 0 bytes, Stack size 0 bytes, arm_startup_nrf52.o(.text))
<BR>[Address Reference Count : 1]<UL><LI> arm_startup_nrf52.o(RESET)
</UL>
<P><STRONG><a name="[31b]"></a>__rt_ctype_table</STRONG> (Thumb, 4 bytes, Stack size 0 bytes, ctype_o.o(.text))
<BR><BR>[Called By]<UL><LI><a href="#[59]">&gt;&gt;</a>&nbsp;&nbsp;&nbsp;nrf_log_backend_serial_hexdump_handler
</UL>

<P><STRONG><a name="[c1]"></a>__aeabi_memcpy</STRONG> (Thumb, 36 bytes, Stack size 0 bytes, memcpya.o(.text))
<BR><BR>[Called By]<UL><LI><a href="#[ee]">&gt;&gt;</a>&nbsp;&nbsp;&nbsp;service_data_encode
<LI><a href="#[ed]">&gt;&gt;</a>&nbsp;&nbsp;&nbsp;manuf_specific_data_encode
<LI><a href="#[39e]">&gt;&gt;</a>&nbsp;&nbsp;&nbsp;prvCopyDataToQueue
<LI><a href="#[39d]">&gt;&gt;</a>&nbsp;&nbsp;&nbsp;prvCopyDataFromQueue
<LI><a href="#[35a]">&gt;&gt;</a>&nbsp;&nbsp;&nbsp;pds_peer_data_read
<LI><a href="#[a7]">&gt;&gt;</a>&nbsp;&nbsp;&nbsp;_WriteNoCheck
<LI><a href="#[a8]">&gt;&gt;</a>&nbsp;&nbsp;&nbsp;_WriteBlocking
<LI><a href="#[31c]">&gt;&gt;</a>&nbsp;&nbsp;&nbsp;serial_tx
<LI><a href="#[5b]">&gt;&gt;</a>&nbsp;&nbsp;&nbsp;nrf_log_backend_serial_std_handler
<LI><a href="#[59]">&gt;&gt;</a>&nbsp;&nbsp;&nbsp;nrf_log_backend_serial_hexdump_handler
<LI><a href="#[10c]">&gt;&gt;</a>&nbsp;&nbsp;&nbsp;application_find_next
<LI><a href="#[109]">&gt;&gt;</a>&nbsp;&nbsp;&nbsp;application_compare_app_names
<LI><a href="#[1b7]">&gt;&gt;</a>&nbsp;&nbsp;&nbsp;pavlok_set_dirty_bit
<LI><a href="#[189]">&gt;&gt;</a>&nbsp;&nbsp;&nbsp;on_ble_evt
<LI><a href="#[2aa]">&gt;&gt;</a>&nbsp;&nbsp;&nbsp;logger_task_write_entry
<LI><a href="#[10e]">&gt;&gt;</a>&nbsp;&nbsp;&nbsp;serial_flash_read_data
<LI><a href="#[139]">&gt;&gt;</a>&nbsp;&nbsp;&nbsp;application_write_to_ram
<LI><a href="#[123]">&gt;&gt;</a>&nbsp;&nbsp;&nbsp;application_set_ready
<LI><a href="#[335]">&gt;&gt;</a>&nbsp;&nbsp;&nbsp;on_write
<LI><a href="#[2cc]">&gt;&gt;</a>&nbsp;&nbsp;&nbsp;notification_send
<LI><a href="#[3e0]">&gt;&gt;</a>&nbsp;&nbsp;&nbsp;serial_flash_write_data
<LI><a href="#[3c7]">&gt;&gt;</a>&nbsp;&nbsp;&nbsp;rtc_write
<LI><a href="#[d3]">&gt;&gt;</a>&nbsp;&nbsp;&nbsp;accel_magnet_write
</UL>

<P><STRONG><a name="[10a]"></a>__aeabi_memcpy4</STRONG> (Thumb, 0 bytes, Stack size 0 bytes, memcpya.o(.text))
<BR><BR>[Called By]<UL><LI><a href="#[235]">&gt;&gt;</a>&nbsp;&nbsp;&nbsp;update_pending_flags_check
<LI><a href="#[236]">&gt;&gt;</a>&nbsp;&nbsp;&nbsp;service_changed_pending_flags_check
<LI><a href="#[142]">&gt;&gt;</a>&nbsp;&nbsp;&nbsp;apply_pending_flags_check
<LI><a href="#[176]">&gt;&gt;</a>&nbsp;&nbsp;&nbsp;sdk_mapped_flags_key_list_get
<LI><a href="#[17b]">&gt;&gt;</a>&nbsp;&nbsp;&nbsp;record_purge_disconnected
<LI><a href="#[170]">&gt;&gt;</a>&nbsp;&nbsp;&nbsp;ble_conn_params_init
<LI><a href="#[f5]">&gt;&gt;</a>&nbsp;&nbsp;&nbsp;ble_advertising_init
<LI><a href="#[2d6]">&gt;&gt;</a>&nbsp;&nbsp;&nbsp;on_data_length_update_evt
<LI><a href="#[25c]">&gt;&gt;</a>&nbsp;&nbsp;&nbsp;im_ble_evt_handler
<LI><a href="#[1f3]">&gt;&gt;</a>&nbsp;&nbsp;&nbsp;op_enqueue
<LI><a href="#[317]">&gt;&gt;</a>&nbsp;&nbsp;&nbsp;nrf_log_backend_init
<LI><a href="#[109]">&gt;&gt;</a>&nbsp;&nbsp;&nbsp;application_compare_app_names
<LI><a href="#[3]">&gt;&gt;</a>&nbsp;&nbsp;&nbsp;spi_flash_sm_load_write
</UL>

<P><STRONG><a name="[43b]"></a>__aeabi_memcpy8</STRONG> (Thumb, 0 bytes, Stack size 0 bytes, memcpya.o(.text), UNUSED)

<P><STRONG><a name="[7b]"></a>__aeabi_memset</STRONG> (Thumb, 14 bytes, Stack size 0 bytes, memseta.o(.text))
<BR><BR>[Called By]<UL><LI><a href="#[390]">&gt;&gt;</a>&nbsp;&nbsp;&nbsp;prvAllocateTCBAndStack
<LI><a href="#[2bd]">&gt;&gt;</a>&nbsp;&nbsp;&nbsp;rtc_set_time
<LI><a href="#[10e]">&gt;&gt;</a>&nbsp;&nbsp;&nbsp;serial_flash_read_data
<LI><a href="#[11d]">&gt;&gt;</a>&nbsp;&nbsp;&nbsp;rtc_set_alarm
<LI><a href="#[11c]">&gt;&gt;</a>&nbsp;&nbsp;&nbsp;rtc_get_time
<LI><a href="#[12b]">&gt;&gt;</a>&nbsp;&nbsp;&nbsp;rtc_delete_alarm
<LI><a href="#[3c8]">&gt;&gt;</a>&nbsp;&nbsp;&nbsp;rtc_read
<LI><a href="#[240]">&gt;&gt;</a>&nbsp;&nbsp;&nbsp;get_acceleration
<LI><a href="#[d0]">&gt;&gt;</a>&nbsp;&nbsp;&nbsp;accel_magnet_read
<LI><a href="#[7c]">&gt;&gt;</a>&nbsp;&nbsp;&nbsp;_memset$wrapper
<LI><a href="#[7a]">&gt;&gt;</a>&nbsp;&nbsp;&nbsp;__aeabi_memclr
</UL>

<P><STRONG><a name="[43c]"></a>__aeabi_memset4</STRONG> (Thumb, 0 bytes, Stack size 0 bytes, memseta.o(.text), UNUSED)

<P><STRONG><a name="[43d]"></a>__aeabi_memset8</STRONG> (Thumb, 0 bytes, Stack size 0 bytes, memseta.o(.text), UNUSED)

<P><STRONG><a name="[7a]"></a>__aeabi_memclr</STRONG> (Thumb, 4 bytes, Stack size 0 bytes, memseta.o(.text))
<BR><BR>[Calls]<UL><LI><a href="#[7b]">&gt;&gt;</a>&nbsp;&nbsp;&nbsp;__aeabi_memset
</UL>
<BR>[Called By]<UL><LI><a href="#[378]">&gt;&gt;</a>&nbsp;&nbsp;&nbsp;pm_mutex_init
<LI><a href="#[270]">&gt;&gt;</a>&nbsp;&nbsp;&nbsp;internal_state_reset
<LI><a href="#[3f0]">&gt;&gt;</a>&nbsp;&nbsp;&nbsp;smd_params_reply
<LI><a href="#[3eb]">&gt;&gt;</a>&nbsp;&nbsp;&nbsp;training_service_init
<LI><a href="#[3ea]">&gt;&gt;</a>&nbsp;&nbsp;&nbsp;solicited_service_init
<LI><a href="#[33c]">&gt;&gt;</a>&nbsp;&nbsp;&nbsp;ota_service_init
<LI><a href="#[2ce]">&gt;&gt;</a>&nbsp;&nbsp;&nbsp;notification_service_init
<LI><a href="#[298]">&gt;&gt;</a>&nbsp;&nbsp;&nbsp;log_info_init
<LI><a href="#[1c7]">&gt;&gt;</a>&nbsp;&nbsp;&nbsp;cfg_service_init
<LI><a href="#[14c]">&gt;&gt;</a>&nbsp;&nbsp;&nbsp;appsvc_service_init
<LI><a href="#[63]">&gt;&gt;</a>&nbsp;&nbsp;&nbsp;service_task_thread
<LI><a href="#[5e]">&gt;&gt;</a>&nbsp;&nbsp;&nbsp;perform_action_timeout_handler
<LI><a href="#[29d]">&gt;&gt;</a>&nbsp;&nbsp;&nbsp;logger_entry_read
<LI><a href="#[2aa]">&gt;&gt;</a>&nbsp;&nbsp;&nbsp;logger_task_write_entry
<LI><a href="#[54]">&gt;&gt;</a>&nbsp;&nbsp;&nbsp;logger_task_thread
</UL>

<P><STRONG><a name="[df]"></a>__aeabi_memclr4</STRONG> (Thumb, 0 bytes, Stack size 0 bytes, memseta.o(.text))
<BR><BR>[Called By]<UL><LI><a href="#[1]">&gt;&gt;</a>&nbsp;&nbsp;&nbsp;pm_gcm_evt_handler
<LI><a href="#[f5]">&gt;&gt;</a>&nbsp;&nbsp;&nbsp;ble_advertising_init
<LI><a href="#[6e]">&gt;&gt;</a>&nbsp;&nbsp;&nbsp;pm_pdb_evt_handler
<LI><a href="#[1f6]">&gt;&gt;</a>&nbsp;&nbsp;&nbsp;fds_init
<LI><a href="#[6b]">&gt;&gt;</a>&nbsp;&nbsp;&nbsp;pm_im_evt_handler
<LI><a href="#[f9]">&gt;&gt;</a>&nbsp;&nbsp;&nbsp;ah
<LI><a href="#[3f0]">&gt;&gt;</a>&nbsp;&nbsp;&nbsp;smd_params_reply
<LI><a href="#[75]">&gt;&gt;</a>&nbsp;&nbsp;&nbsp;pm_sm_evt_handler
<LI><a href="#[1e2]">&gt;&gt;</a>&nbsp;&nbsp;&nbsp;pm_peers_delete
<LI><a href="#[215]">&gt;&gt;</a>&nbsp;&nbsp;&nbsp;queue_get_next_free
<LI><a href="#[3b7]">&gt;&gt;</a>&nbsp;&nbsp;&nbsp;queue_advance
<LI><a href="#[10d]">&gt;&gt;</a>&nbsp;&nbsp;&nbsp;application_task_list_rebuild_from_flash
<LI><a href="#[11a]">&gt;&gt;</a>&nbsp;&nbsp;&nbsp;application_parse_user_action
<LI><a href="#[10c]">&gt;&gt;</a>&nbsp;&nbsp;&nbsp;application_find_next
<LI><a href="#[109]">&gt;&gt;</a>&nbsp;&nbsp;&nbsp;application_compare_app_names
<LI><a href="#[2bc]">&gt;&gt;</a>&nbsp;&nbsp;&nbsp;pavlok_set_default_configuration
<LI><a href="#[1c9]">&gt;&gt;</a>&nbsp;&nbsp;&nbsp;cfg_zap_char_add
<LI><a href="#[1c8]">&gt;&gt;</a>&nbsp;&nbsp;&nbsp;cfg_vb_motor_char_add
<LI><a href="#[1ca]">&gt;&gt;</a>&nbsp;&nbsp;&nbsp;cfg_time_char_add
<LI><a href="#[1c5]">&gt;&gt;</a>&nbsp;&nbsp;&nbsp;cfg_piezo_char_add
<LI><a href="#[1c3]">&gt;&gt;</a>&nbsp;&nbsp;&nbsp;cfg_led_char_add
<LI><a href="#[1c2]">&gt;&gt;</a>&nbsp;&nbsp;&nbsp;cfg_hand_detect_char_add
<LI><a href="#[1c1]">&gt;&gt;</a>&nbsp;&nbsp;&nbsp;cfg_device_reset_char_add
<LI><a href="#[184]">&gt;&gt;</a>&nbsp;&nbsp;&nbsp;char_add
<LI><a href="#[157]">&gt;&gt;</a>&nbsp;&nbsp;&nbsp;battery_level_char_add
<LI><a href="#[182]">&gt;&gt;</a>&nbsp;&nbsp;&nbsp;ble_dis_init
<LI><a href="#[19f]">&gt;&gt;</a>&nbsp;&nbsp;&nbsp;conn_params_init
<LI><a href="#[f4]">&gt;&gt;</a>&nbsp;&nbsp;&nbsp;advertising_init
<LI><a href="#[2ab]">&gt;&gt;</a>&nbsp;&nbsp;&nbsp;serial_flash_sector_erase
<LI><a href="#[2a6]">&gt;&gt;</a>&nbsp;&nbsp;&nbsp;logger_list_init
<LI><a href="#[135]">&gt;&gt;</a>&nbsp;&nbsp;&nbsp;spi_flash_start_write_wrapper
<LI><a href="#[de]">&gt;&gt;</a>&nbsp;&nbsp;&nbsp;adc_sample_channel
<LI><a href="#[33b]">&gt;&gt;</a>&nbsp;&nbsp;&nbsp;ota_fw_char_add
<LI><a href="#[33a]">&gt;&gt;</a>&nbsp;&nbsp;&nbsp;ota_app_char_add
<LI><a href="#[3f3]">&gt;&gt;</a>&nbsp;&nbsp;&nbsp;solicited_data_char_add
<LI><a href="#[3f2]">&gt;&gt;</a>&nbsp;&nbsp;&nbsp;solicited_control_char_add
<LI><a href="#[335]">&gt;&gt;</a>&nbsp;&nbsp;&nbsp;on_write
<LI><a href="#[20c]">&gt;&gt;</a>&nbsp;&nbsp;&nbsp;find_name_in_sectors
<LI><a href="#[404]">&gt;&gt;</a>&nbsp;&nbsp;&nbsp;training_data_char_add
<LI><a href="#[403]">&gt;&gt;</a>&nbsp;&nbsp;&nbsp;training_control_char_add
<LI><a href="#[2cc]">&gt;&gt;</a>&nbsp;&nbsp;&nbsp;notification_send
<LI><a href="#[2c9]">&gt;&gt;</a>&nbsp;&nbsp;&nbsp;notification_char_add_zap
<LI><a href="#[2c8]">&gt;&gt;</a>&nbsp;&nbsp;&nbsp;notification_char_add_time
<LI><a href="#[2c7]">&gt;&gt;</a>&nbsp;&nbsp;&nbsp;notification_char_add_sleep
<LI><a href="#[2c6]">&gt;&gt;</a>&nbsp;&nbsp;&nbsp;notification_char_add_piezo
<LI><a href="#[2c5]">&gt;&gt;</a>&nbsp;&nbsp;&nbsp;notification_char_add_motor
<LI><a href="#[2c4]">&gt;&gt;</a>&nbsp;&nbsp;&nbsp;notification_char_add_log
<LI><a href="#[2c3]">&gt;&gt;</a>&nbsp;&nbsp;&nbsp;notification_char_add_led
<LI><a href="#[2c2]">&gt;&gt;</a>&nbsp;&nbsp;&nbsp;notification_char_add_btn
<LI><a href="#[2c1]">&gt;&gt;</a>&nbsp;&nbsp;&nbsp;notification_char_add_app
<LI><a href="#[29c]">&gt;&gt;</a>&nbsp;&nbsp;&nbsp;log_info_send
<LI><a href="#[297]">&gt;&gt;</a>&nbsp;&nbsp;&nbsp;log_info_data_char_add
<LI><a href="#[296]">&gt;&gt;</a>&nbsp;&nbsp;&nbsp;log_info_cmd_char_add
<LI><a href="#[149]">&gt;&gt;</a>&nbsp;&nbsp;&nbsp;appsvc_download_char_add
<LI><a href="#[148]">&gt;&gt;</a>&nbsp;&nbsp;&nbsp;appsvc_control_char_add
<LI><a href="#[3e0]">&gt;&gt;</a>&nbsp;&nbsp;&nbsp;serial_flash_write_data
</UL>

<P><STRONG><a name="[43e]"></a>__aeabi_memclr8</STRONG> (Thumb, 0 bytes, Stack size 0 bytes, memseta.o(.text), UNUSED)

<P><STRONG><a name="[7c]"></a>_memset$wrapper</STRONG> (Thumb, 18 bytes, Stack size 8 bytes, memseta.o(.text), UNUSED)
<BR><BR>[Calls]<UL><LI><a href="#[7b]">&gt;&gt;</a>&nbsp;&nbsp;&nbsp;__aeabi_memset
</UL>

<P><STRONG><a name="[aa]"></a>strlen</STRONG> (Thumb, 14 bytes, Stack size 0 bytes, strlen.o(.text))
<BR><BR>[Called By]<UL><LI><a href="#[183]">&gt;&gt;</a>&nbsp;&nbsp;&nbsp;ble_srv_ascii_to_utf8
<LI><a href="#[a9]">&gt;&gt;</a>&nbsp;&nbsp;&nbsp;SEGGER_RTT_WriteString
<LI><a href="#[5b]">&gt;&gt;</a>&nbsp;&nbsp;&nbsp;nrf_log_backend_serial_std_handler
<LI><a href="#[59]">&gt;&gt;</a>&nbsp;&nbsp;&nbsp;nrf_log_backend_serial_hexdump_handler
<LI><a href="#[1c9]">&gt;&gt;</a>&nbsp;&nbsp;&nbsp;cfg_zap_char_add
<LI><a href="#[1c8]">&gt;&gt;</a>&nbsp;&nbsp;&nbsp;cfg_vb_motor_char_add
<LI><a href="#[1ca]">&gt;&gt;</a>&nbsp;&nbsp;&nbsp;cfg_time_char_add
<LI><a href="#[1c5]">&gt;&gt;</a>&nbsp;&nbsp;&nbsp;cfg_piezo_char_add
<LI><a href="#[1c3]">&gt;&gt;</a>&nbsp;&nbsp;&nbsp;cfg_led_char_add
<LI><a href="#[1c2]">&gt;&gt;</a>&nbsp;&nbsp;&nbsp;cfg_hand_detect_char_add
<LI><a href="#[1c1]">&gt;&gt;</a>&nbsp;&nbsp;&nbsp;cfg_device_reset_char_add
<LI><a href="#[19c]">&gt;&gt;</a>&nbsp;&nbsp;&nbsp;gap_params_init
<LI><a href="#[33b]">&gt;&gt;</a>&nbsp;&nbsp;&nbsp;ota_fw_char_add
<LI><a href="#[33a]">&gt;&gt;</a>&nbsp;&nbsp;&nbsp;ota_app_char_add
<LI><a href="#[3f3]">&gt;&gt;</a>&nbsp;&nbsp;&nbsp;solicited_data_char_add
<LI><a href="#[3f2]">&gt;&gt;</a>&nbsp;&nbsp;&nbsp;solicited_control_char_add
<LI><a href="#[404]">&gt;&gt;</a>&nbsp;&nbsp;&nbsp;training_data_char_add
<LI><a href="#[403]">&gt;&gt;</a>&nbsp;&nbsp;&nbsp;training_control_char_add
<LI><a href="#[2cc]">&gt;&gt;</a>&nbsp;&nbsp;&nbsp;notification_send
<LI><a href="#[2c9]">&gt;&gt;</a>&nbsp;&nbsp;&nbsp;notification_char_add_zap
<LI><a href="#[2c8]">&gt;&gt;</a>&nbsp;&nbsp;&nbsp;notification_char_add_time
<LI><a href="#[2c7]">&gt;&gt;</a>&nbsp;&nbsp;&nbsp;notification_char_add_sleep
<LI><a href="#[2c6]">&gt;&gt;</a>&nbsp;&nbsp;&nbsp;notification_char_add_piezo
<LI><a href="#[2c5]">&gt;&gt;</a>&nbsp;&nbsp;&nbsp;notification_char_add_motor
<LI><a href="#[2c4]">&gt;&gt;</a>&nbsp;&nbsp;&nbsp;notification_char_add_log
<LI><a href="#[2c3]">&gt;&gt;</a>&nbsp;&nbsp;&nbsp;notification_char_add_led
<LI><a href="#[2c2]">&gt;&gt;</a>&nbsp;&nbsp;&nbsp;notification_char_add_btn
<LI><a href="#[2c1]">&gt;&gt;</a>&nbsp;&nbsp;&nbsp;notification_char_add_app
<LI><a href="#[297]">&gt;&gt;</a>&nbsp;&nbsp;&nbsp;log_info_data_char_add
<LI><a href="#[296]">&gt;&gt;</a>&nbsp;&nbsp;&nbsp;log_info_cmd_char_add
<LI><a href="#[149]">&gt;&gt;</a>&nbsp;&nbsp;&nbsp;appsvc_download_char_add
<LI><a href="#[148]">&gt;&gt;</a>&nbsp;&nbsp;&nbsp;appsvc_control_char_add
</UL>

<P><STRONG><a name="[e3]"></a>memcmp</STRONG> (Thumb, 26 bytes, Stack size 12 bytes, memcmp.o(.text))
<BR><BR>[Stack]<UL><LI>Max Depth = 12<LI>Call Chain = memcmp
</UL>
<BR>[Called By]<UL><LI><a href="#[266]">&gt;&gt;</a>&nbsp;&nbsp;&nbsp;im_master_ids_compare
<LI><a href="#[264]">&gt;&gt;</a>&nbsp;&nbsp;&nbsp;im_is_duplicate_bonding_data
<LI><a href="#[25a]">&gt;&gt;</a>&nbsp;&nbsp;&nbsp;im_address_resolve
<LI><a href="#[e2]">&gt;&gt;</a>&nbsp;&nbsp;&nbsp;addr_compare
<LI><a href="#[20c]">&gt;&gt;</a>&nbsp;&nbsp;&nbsp;find_name_in_sectors
</UL>

<P><STRONG><a name="[c0]"></a>strcpy</STRONG> (Thumb, 18 bytes, Stack size 0 bytes, strcpy.o(.text))
<BR><BR>[Called By]<UL><LI><a href="#[a2]">&gt;&gt;</a>&nbsp;&nbsp;&nbsp;_DoInit
</UL>

<P><STRONG><a name="[10b]"></a>strncmp</STRONG> (Thumb, 30 bytes, Stack size 12 bytes, strncmp.o(.text))
<BR><BR>[Stack]<UL><LI>Max Depth = 12<LI>Call Chain = strncmp
</UL>
<BR>[Called By]<UL><LI><a href="#[109]">&gt;&gt;</a>&nbsp;&nbsp;&nbsp;application_compare_app_names
</UL>

<P><STRONG><a name="[7d]"></a>__aeabi_dmul</STRONG> (Thumb, 228 bytes, Stack size 48 bytes, dmul.o(.text))
<BR><BR>[Stack]<UL><LI>Max Depth = 88<LI>Call Chain = __aeabi_dmul &rArr; _double_epilogue &rArr; _double_round
</UL>
<BR>[Calls]<UL><LI><a href="#[7e]">&gt;&gt;</a>&nbsp;&nbsp;&nbsp;_double_epilogue
</UL>
<BR>[Called By]<UL><LI><a href="#[159]">&gt;&gt;</a>&nbsp;&nbsp;&nbsp;getBatteryVoltage
<LI><a href="#[37c]">&gt;&gt;</a>&nbsp;&nbsp;&nbsp;pwm_pizeo_update_duty_and_frequency
<LI><a href="#[37d]">&gt;&gt;</a>&nbsp;&nbsp;&nbsp;pwm_motor_update_duty_and_frequency
<LI><a href="#[23f]">&gt;&gt;</a>&nbsp;&nbsp;&nbsp;getZapVoltage
</UL>

<P><STRONG><a name="[7f]"></a>__aeabi_ddiv</STRONG> (Thumb, 222 bytes, Stack size 32 bytes, ddiv.o(.text))
<BR><BR>[Stack]<UL><LI>Max Depth = 40<LI>Call Chain = __aeabi_ddiv &rArr; _double_round
</UL>
<BR>[Calls]<UL><LI><a href="#[80]">&gt;&gt;</a>&nbsp;&nbsp;&nbsp;_double_round
</UL>
<BR>[Called By]<UL><LI><a href="#[159]">&gt;&gt;</a>&nbsp;&nbsp;&nbsp;getBatteryVoltage
<LI><a href="#[37c]">&gt;&gt;</a>&nbsp;&nbsp;&nbsp;pwm_pizeo_update_duty_and_frequency
<LI><a href="#[37d]">&gt;&gt;</a>&nbsp;&nbsp;&nbsp;pwm_motor_update_duty_and_frequency
<LI><a href="#[23f]">&gt;&gt;</a>&nbsp;&nbsp;&nbsp;getZapVoltage
</UL>

<P><STRONG><a name="[81]"></a>__aeabi_i2d</STRONG> (Thumb, 34 bytes, Stack size 16 bytes, dflti.o(.text))
<BR><BR>[Stack]<UL><LI>Max Depth = 56<LI>Call Chain = __aeabi_i2d &rArr; _double_epilogue &rArr; _double_round
</UL>
<BR>[Calls]<UL><LI><a href="#[7e]">&gt;&gt;</a>&nbsp;&nbsp;&nbsp;_double_epilogue
</UL>
<BR>[Called By]<UL><LI><a href="#[159]">&gt;&gt;</a>&nbsp;&nbsp;&nbsp;getBatteryVoltage
<LI><a href="#[23f]">&gt;&gt;</a>&nbsp;&nbsp;&nbsp;getZapVoltage
</UL>

<P><STRONG><a name="[82]"></a>__aeabi_ui2d</STRONG> (Thumb, 26 bytes, Stack size 16 bytes, dfltui.o(.text))
<BR><BR>[Stack]<UL><LI>Max Depth = 56<LI>Call Chain = __aeabi_ui2d &rArr; _double_epilogue &rArr; _double_round
</UL>
<BR>[Calls]<UL><LI><a href="#[7e]">&gt;&gt;</a>&nbsp;&nbsp;&nbsp;_double_epilogue
</UL>
<BR>[Called By]<UL><LI><a href="#[37c]">&gt;&gt;</a>&nbsp;&nbsp;&nbsp;pwm_pizeo_update_duty_and_frequency
<LI><a href="#[37d]">&gt;&gt;</a>&nbsp;&nbsp;&nbsp;pwm_motor_update_duty_and_frequency
<LI><a href="#[23f]">&gt;&gt;</a>&nbsp;&nbsp;&nbsp;getZapVoltage
</UL>

<P><STRONG><a name="[83]"></a>__aeabi_d2uiz</STRONG> (Thumb, 50 bytes, Stack size 8 bytes, dfixui.o(.text))
<BR><BR>[Stack]<UL><LI>Max Depth = 8<LI>Call Chain = __aeabi_d2uiz
</UL>
<BR>[Calls]<UL><LI><a href="#[84]">&gt;&gt;</a>&nbsp;&nbsp;&nbsp;__aeabi_llsr
</UL>
<BR>[Called By]<UL><LI><a href="#[159]">&gt;&gt;</a>&nbsp;&nbsp;&nbsp;getBatteryVoltage
<LI><a href="#[37c]">&gt;&gt;</a>&nbsp;&nbsp;&nbsp;pwm_pizeo_update_duty_and_frequency
<LI><a href="#[37d]">&gt;&gt;</a>&nbsp;&nbsp;&nbsp;pwm_motor_update_duty_and_frequency
<LI><a href="#[23f]">&gt;&gt;</a>&nbsp;&nbsp;&nbsp;getZapVoltage
</UL>

<P><STRONG><a name="[85]"></a>__aeabi_uldivmod</STRONG> (Thumb, 98 bytes, Stack size 40 bytes, uldiv.o(.text), UNUSED)
<BR><BR>[Calls]<UL><LI><a href="#[84]">&gt;&gt;</a>&nbsp;&nbsp;&nbsp;__aeabi_llsr
<LI><a href="#[86]">&gt;&gt;</a>&nbsp;&nbsp;&nbsp;__aeabi_llsl
</UL>
<BR>[Called By]<UL><LI><a href="#[c3]">&gt;&gt;</a>&nbsp;&nbsp;&nbsp;_printf_core
</UL>

<P><STRONG><a name="[84]"></a>__aeabi_llsr</STRONG> (Thumb, 32 bytes, Stack size 0 bytes, llushr.o(.text))
<BR><BR>[Called By]<UL><LI><a href="#[83]">&gt;&gt;</a>&nbsp;&nbsp;&nbsp;__aeabi_d2uiz
<LI><a href="#[85]">&gt;&gt;</a>&nbsp;&nbsp;&nbsp;__aeabi_uldivmod
<LI><a href="#[7e]">&gt;&gt;</a>&nbsp;&nbsp;&nbsp;_double_epilogue
</UL>

<P><STRONG><a name="[43f]"></a>_ll_ushift_r</STRONG> (Thumb, 0 bytes, Stack size 0 bytes, llushr.o(.text), UNUSED)

<P><STRONG><a name="[440]"></a>__I$use$fp</STRONG> (Thumb, 0 bytes, Stack size 8 bytes, iusefp.o(.text), UNUSED)

<P><STRONG><a name="[80]"></a>_double_round</STRONG> (Thumb, 30 bytes, Stack size 8 bytes, depilogue.o(.text))
<BR><BR>[Stack]<UL><LI>Max Depth = 8<LI>Call Chain = _double_round
</UL>
<BR>[Called By]<UL><LI><a href="#[7f]">&gt;&gt;</a>&nbsp;&nbsp;&nbsp;__aeabi_ddiv
<LI><a href="#[7e]">&gt;&gt;</a>&nbsp;&nbsp;&nbsp;_double_epilogue
</UL>

<P><STRONG><a name="[7e]"></a>_double_epilogue</STRONG> (Thumb, 156 bytes, Stack size 32 bytes, depilogue.o(.text))
<BR><BR>[Stack]<UL><LI>Max Depth = 40<LI>Call Chain = _double_epilogue &rArr; _double_round
</UL>
<BR>[Calls]<UL><LI><a href="#[84]">&gt;&gt;</a>&nbsp;&nbsp;&nbsp;__aeabi_llsr
<LI><a href="#[80]">&gt;&gt;</a>&nbsp;&nbsp;&nbsp;_double_round
<LI><a href="#[86]">&gt;&gt;</a>&nbsp;&nbsp;&nbsp;__aeabi_llsl
</UL>
<BR>[Called By]<UL><LI><a href="#[81]">&gt;&gt;</a>&nbsp;&nbsp;&nbsp;__aeabi_i2d
<LI><a href="#[82]">&gt;&gt;</a>&nbsp;&nbsp;&nbsp;__aeabi_ui2d
<LI><a href="#[7d]">&gt;&gt;</a>&nbsp;&nbsp;&nbsp;__aeabi_dmul
</UL>

<P><STRONG><a name="[78]"></a>__scatterload</STRONG> (Thumb, 28 bytes, Stack size 0 bytes, init.o(.text))
<BR><BR>[Calls]<UL><LI><a href="#[87]">&gt;&gt;</a>&nbsp;&nbsp;&nbsp;__main_after_scatterload
</UL>
<BR>[Called By]<UL><LI><a href="#[77]">&gt;&gt;</a>&nbsp;&nbsp;&nbsp;_main_scatterload
</UL>

<P><STRONG><a name="[441]"></a>__scatterload_rt2</STRONG> (Thumb, 0 bytes, Stack size 0 bytes, init.o(.text), UNUSED)

<P><STRONG><a name="[86]"></a>__aeabi_llsl</STRONG> (Thumb, 30 bytes, Stack size 0 bytes, llshl.o(.text))
<BR><BR>[Called By]<UL><LI><a href="#[85]">&gt;&gt;</a>&nbsp;&nbsp;&nbsp;__aeabi_uldivmod
<LI><a href="#[7e]">&gt;&gt;</a>&nbsp;&nbsp;&nbsp;_double_epilogue
</UL>

<P><STRONG><a name="[442]"></a>_ll_shift_l</STRONG> (Thumb, 0 bytes, Stack size 0 bytes, llshl.o(.text), UNUSED)

<P><STRONG><a name="[443]"></a>__decompress</STRONG> (Thumb, 0 bytes, Stack size unknown bytes, __dczerorl2.o(.text), UNUSED)

<P><STRONG><a name="[444]"></a>__decompress1</STRONG> (Thumb, 86 bytes, Stack size unknown bytes, __dczerorl2.o(.text), UNUSED)

<P><STRONG><a name="[18]"></a>GPIOTE_IRQHandler</STRONG> (Thumb, 554 bytes, Stack size 72 bytes, nrf_drv_gpiote.o(i.GPIOTE_IRQHandler))
<BR><BR>[Stack]<UL><LI>Max Depth = 88<LI>Call Chain = GPIOTE_IRQHandler &rArr; nrf_gpiote_event_clear
</UL>
<BR>[Calls]<UL><LI><a href="#[88]">&gt;&gt;</a>&nbsp;&nbsp;&nbsp;nrf_gpiote_event_is_set
<LI><a href="#[89]">&gt;&gt;</a>&nbsp;&nbsp;&nbsp;nrf_gpiote_event_clear
<LI><a href="#[8a]">&gt;&gt;</a>&nbsp;&nbsp;&nbsp;nrf_gpio_ports_read
<LI><a href="#[8e]">&gt;&gt;</a>&nbsp;&nbsp;&nbsp;nrf_gpio_cfg_sense_set
<LI><a href="#[8c]">&gt;&gt;</a>&nbsp;&nbsp;&nbsp;nrf_bitmask_bit_is_set
<LI><a href="#[8d]">&gt;&gt;</a>&nbsp;&nbsp;&nbsp;channel_port_get
<LI><a href="#[8b]">&gt;&gt;</a>&nbsp;&nbsp;&nbsp;channel_handler_get
</UL>
<BR>[Address Reference Count : 1]<UL><LI> arm_startup_nrf52.o(RESET)
</UL>
<P><STRONG><a name="[38]"></a>HardFault_c_handler</STRONG> (Thumb, 40 bytes, Stack size 0 bytes, hardfault_implementation.o(i.HardFault_c_handler))
<BR><BR>[Stack]<UL><LI>Max Depth = 140<LI>Call Chain = HardFault_c_handler &rArr; nrf_log_blocking_backend_set &rArr; nrf_log_backend_init &rArr; nrf_drv_uart_uninit &rArr; pins_to_default &rArr; nrf_gpio_cfg_default &rArr; nrf_gpio_cfg
</UL>
<BR>[Calls]<UL><LI><a href="#[8f]">&gt;&gt;</a>&nbsp;&nbsp;&nbsp;nrf_log_frontend_std_1
<LI><a href="#[91]">&gt;&gt;</a>&nbsp;&nbsp;&nbsp;nrf_log_frontend_dequeue
<LI><a href="#[90]">&gt;&gt;</a>&nbsp;&nbsp;&nbsp;nrf_log_blocking_backend_set
<LI><a href="#[92]">&gt;&gt;</a>&nbsp;&nbsp;&nbsp;HardFault_process
</UL>
<BR>[Address Reference Count : 1]<UL><LI> hardfault_handler_keil.o(.emb_text)
</UL>
<P><STRONG><a name="[92]"></a>HardFault_process</STRONG> (Thumb, 60 bytes, Stack size 0 bytes, hardfault_implementation.o(i.HardFault_process))
<BR><BR>[Called By]<UL><LI><a href="#[38]">&gt;&gt;</a>&nbsp;&nbsp;&nbsp;HardFault_c_handler
</UL>

<P><STRONG><a name="[12]"></a>POWER_CLOCK_IRQHandler</STRONG> (Thumb, 74 bytes, Stack size 8 bytes, nrf_drv_clock.o(i.POWER_CLOCK_IRQHandler))
<BR><BR>[Stack]<UL><LI>Max Depth = 24<LI>Call Chain = POWER_CLOCK_IRQHandler &rArr; clock_clk_started_notify
</UL>
<BR>[Calls]<UL><LI><a href="#[95]">&gt;&gt;</a>&nbsp;&nbsp;&nbsp;nrf_clock_int_disable
<LI><a href="#[94]">&gt;&gt;</a>&nbsp;&nbsp;&nbsp;nrf_clock_event_clear
<LI><a href="#[93]">&gt;&gt;</a>&nbsp;&nbsp;&nbsp;nrf_clock_event_check
<LI><a href="#[96]">&gt;&gt;</a>&nbsp;&nbsp;&nbsp;clock_clk_started_notify
</UL>
<BR>[Address Reference Count : 1]<UL><LI> arm_startup_nrf52.o(RESET)
</UL>
<P><STRONG><a name="[2e]"></a>PWM0_IRQHandler</STRONG> (Thumb, 12 bytes, Stack size 8 bytes, nrf_drv_pwm.o(i.PWM0_IRQHandler))
<BR><BR>[Stack]<UL><LI>Max Depth = 32<LI>Call Chain = PWM0_IRQHandler &rArr; irq_handler &rArr; nrf_pwm_event_clear
</UL>
<BR>[Calls]<UL><LI><a href="#[97]">&gt;&gt;</a>&nbsp;&nbsp;&nbsp;irq_handler
</UL>
<BR>[Address Reference Count : 1]<UL><LI> arm_startup_nrf52.o(RESET)
</UL>
<P><STRONG><a name="[31]"></a>PWM1_IRQHandler</STRONG> (Thumb, 12 bytes, Stack size 8 bytes, nrf_drv_pwm.o(i.PWM1_IRQHandler))
<BR><BR>[Stack]<UL><LI>Max Depth = 32<LI>Call Chain = PWM1_IRQHandler &rArr; irq_handler &rArr; nrf_pwm_event_clear
</UL>
<BR>[Calls]<UL><LI><a href="#[97]">&gt;&gt;</a>&nbsp;&nbsp;&nbsp;irq_handler
</UL>
<BR>[Address Reference Count : 1]<UL><LI> arm_startup_nrf52.o(RESET)
</UL>
<P><STRONG><a name="[32]"></a>PWM2_IRQHandler</STRONG> (Thumb, 12 bytes, Stack size 8 bytes, nrf_drv_pwm.o(i.PWM2_IRQHandler))
<BR><BR>[Stack]<UL><LI>Max Depth = 32<LI>Call Chain = PWM2_IRQHandler &rArr; irq_handler &rArr; nrf_pwm_event_clear
</UL>
<BR>[Calls]<UL><LI><a href="#[97]">&gt;&gt;</a>&nbsp;&nbsp;&nbsp;irq_handler
</UL>
<BR>[Address Reference Count : 1]<UL><LI> arm_startup_nrf52.o(RESET)
</UL>
<P><STRONG><a name="[23]"></a>RTC1_IRQHandler</STRONG> (Thumb, 116 bytes, Stack size 24 bytes, port_cmsis_systick.o(i.RTC1_IRQHandler))
<BR><BR>[Stack]<UL><LI>Max Depth = 48<LI>Call Chain = RTC1_IRQHandler &rArr; xTaskIncrementTick
</UL>
<BR>[Calls]<UL><LI><a href="#[98]">&gt;&gt;</a>&nbsp;&nbsp;&nbsp;nrf_rtc_event_clear
<LI><a href="#[99]">&gt;&gt;</a>&nbsp;&nbsp;&nbsp;__set_BASEPRI
<LI><a href="#[9c]">&gt;&gt;</a>&nbsp;&nbsp;&nbsp;xTaskIncrementTick
<LI><a href="#[9a]">&gt;&gt;</a>&nbsp;&nbsp;&nbsp;xTaskGetTickCount
<LI><a href="#[9b]">&gt;&gt;</a>&nbsp;&nbsp;&nbsp;xTaskGetSchedulerState
</UL>
<BR>[Address Reference Count : 1]<UL><LI> arm_startup_nrf52.o(RESET)
</UL>
<P><STRONG><a name="[19]"></a>SAADC_IRQHandler</STRONG> (Thumb, 456 bytes, Stack size 32 bytes, nrf_drv_saadc.o(i.SAADC_IRQHandler))
<BR><BR>[Stack]<UL><LI>Max Depth = 40<LI>Call Chain = SAADC_IRQHandler &rArr; nrf_saadc_event_clear
</UL>
<BR>[Calls]<UL><LI><a href="#[9f]">&gt;&gt;</a>&nbsp;&nbsp;&nbsp;nrf_saadc_task_trigger
<LI><a href="#[9e]">&gt;&gt;</a>&nbsp;&nbsp;&nbsp;nrf_saadc_event_clear
<LI><a href="#[9d]">&gt;&gt;</a>&nbsp;&nbsp;&nbsp;nrf_saadc_event_check
<LI><a href="#[a0]">&gt;&gt;</a>&nbsp;&nbsp;&nbsp;nrf_saadc_buffer_init
</UL>
<BR>[Address Reference Count : 1]<UL><LI> arm_startup_nrf52.o(RESET)
</UL>
<P><STRONG><a name="[a1]"></a>SEGGER_RTT_Write</STRONG> (Thumb, 64 bytes, Stack size 32 bytes, segger_rtt.o(i.SEGGER_RTT_Write))
<BR><BR>[Stack]<UL><LI>Max Depth = 96<LI>Call Chain = SEGGER_RTT_Write &rArr; SEGGER_RTT_WriteNoLock &rArr; _WriteNoCheck
</UL>
<BR>[Calls]<UL><LI><a href="#[a5]">&gt;&gt;</a>&nbsp;&nbsp;&nbsp;app_util_critical_region_exit
<LI><a href="#[a3]">&gt;&gt;</a>&nbsp;&nbsp;&nbsp;app_util_critical_region_enter
<LI><a href="#[a4]">&gt;&gt;</a>&nbsp;&nbsp;&nbsp;SEGGER_RTT_WriteNoLock
<LI><a href="#[a2]">&gt;&gt;</a>&nbsp;&nbsp;&nbsp;_DoInit
</UL>
<BR>[Called By]<UL><LI><a href="#[ad]">&gt;&gt;</a>&nbsp;&nbsp;&nbsp;_StoreChar
<LI><a href="#[a9]">&gt;&gt;</a>&nbsp;&nbsp;&nbsp;SEGGER_RTT_WriteString
<LI><a href="#[ac]">&gt;&gt;</a>&nbsp;&nbsp;&nbsp;SEGGER_RTT_vprintf
</UL>

<P><STRONG><a name="[a4]"></a>SEGGER_RTT_WriteNoLock</STRONG> (Thumb, 126 bytes, Stack size 32 bytes, segger_rtt.o(i.SEGGER_RTT_WriteNoLock))
<BR><BR>[Stack]<UL><LI>Max Depth = 64<LI>Call Chain = SEGGER_RTT_WriteNoLock &rArr; _WriteNoCheck
</UL>
<BR>[Calls]<UL><LI><a href="#[a7]">&gt;&gt;</a>&nbsp;&nbsp;&nbsp;_WriteNoCheck
<LI><a href="#[a8]">&gt;&gt;</a>&nbsp;&nbsp;&nbsp;_WriteBlocking
<LI><a href="#[a6]">&gt;&gt;</a>&nbsp;&nbsp;&nbsp;_GetAvailWriteSpace
</UL>
<BR>[Called By]<UL><LI><a href="#[a1]">&gt;&gt;</a>&nbsp;&nbsp;&nbsp;SEGGER_RTT_Write
</UL>

<P><STRONG><a name="[a9]"></a>SEGGER_RTT_WriteString</STRONG> (Thumb, 26 bytes, Stack size 16 bytes, segger_rtt.o(i.SEGGER_RTT_WriteString))
<BR><BR>[Stack]<UL><LI>Max Depth = 112<LI>Call Chain = SEGGER_RTT_WriteString &rArr; SEGGER_RTT_Write &rArr; SEGGER_RTT_WriteNoLock &rArr; _WriteNoCheck
</UL>
<BR>[Calls]<UL><LI><a href="#[a1]">&gt;&gt;</a>&nbsp;&nbsp;&nbsp;SEGGER_RTT_Write
<LI><a href="#[aa]">&gt;&gt;</a>&nbsp;&nbsp;&nbsp;strlen
</UL>
<BR>[Called By]<UL><LI><a href="#[51]">&gt;&gt;</a>&nbsp;&nbsp;&nbsp;habit_task_thread
<LI><a href="#[381]">&gt;&gt;</a>&nbsp;&nbsp;&nbsp;perform_action_timers_start
<LI><a href="#[3]">&gt;&gt;</a>&nbsp;&nbsp;&nbsp;spi_flash_sm_load_write
<LI><a href="#[4]">&gt;&gt;</a>&nbsp;&nbsp;&nbsp;spi_flash_sm_check_status
<LI><a href="#[5]">&gt;&gt;</a>&nbsp;&nbsp;&nbsp;spi_flash_sm_check_latch
</UL>

<P><STRONG><a name="[ab]"></a>SEGGER_RTT_printf</STRONG> (Thumb, 26 bytes, Stack size 32 bytes, segger_rtt_printf.o(i.SEGGER_RTT_printf))
<BR><BR>[Stack]<UL><LI>Max Depth = 376<LI>Call Chain = SEGGER_RTT_printf &rArr; SEGGER_RTT_vprintf &rArr; _PrintInt &rArr; _PrintUnsigned &rArr; _StoreChar &rArr; SEGGER_RTT_Write &rArr; SEGGER_RTT_WriteNoLock &rArr; _WriteNoCheck
</UL>
<BR>[Calls]<UL><LI><a href="#[ac]">&gt;&gt;</a>&nbsp;&nbsp;&nbsp;SEGGER_RTT_vprintf
</UL>
<BR>[Called By]<UL><LI><a href="#[135]">&gt;&gt;</a>&nbsp;&nbsp;&nbsp;spi_flash_start_write_wrapper
<LI><a href="#[11b]">&gt;&gt;</a>&nbsp;&nbsp;&nbsp;application_set_next_app
<LI><a href="#[3]">&gt;&gt;</a>&nbsp;&nbsp;&nbsp;spi_flash_sm_load_write
</UL>

<P><STRONG><a name="[ac]"></a>SEGGER_RTT_vprintf</STRONG> (Thumb, 522 bytes, Stack size 136 bytes, segger_rtt_printf.o(i.SEGGER_RTT_vprintf))
<BR><BR>[Stack]<UL><LI>Max Depth = 344<LI>Call Chain = SEGGER_RTT_vprintf &rArr; _PrintInt &rArr; _PrintUnsigned &rArr; _StoreChar &rArr; SEGGER_RTT_Write &rArr; SEGGER_RTT_WriteNoLock &rArr; _WriteNoCheck
</UL>
<BR>[Calls]<UL><LI><a href="#[ad]">&gt;&gt;</a>&nbsp;&nbsp;&nbsp;_StoreChar
<LI><a href="#[af]">&gt;&gt;</a>&nbsp;&nbsp;&nbsp;_PrintUnsigned
<LI><a href="#[ae]">&gt;&gt;</a>&nbsp;&nbsp;&nbsp;_PrintInt
<LI><a href="#[a1]">&gt;&gt;</a>&nbsp;&nbsp;&nbsp;SEGGER_RTT_Write
</UL>
<BR>[Called By]<UL><LI><a href="#[ab]">&gt;&gt;</a>&nbsp;&nbsp;&nbsp;SEGGER_RTT_printf
</UL>

<P><STRONG><a name="[15]"></a>SPIM0_SPIS0_TWIM0_TWIS0_SPI0_TWI0_IRQHandler</STRONG> (Thumb, 12 bytes, Stack size 8 bytes, nrf_drv_twi.o(i.SPIM0_SPIS0_TWIM0_TWIS0_SPI0_TWI0_IRQHandler))
<BR><BR>[Stack]<UL><LI>Max Depth = 48<LI>Call Chain = SPIM0_SPIS0_TWIM0_TWIS0_SPI0_TWI0_IRQHandler &rArr; irq_handler_twim &rArr; nrf_twim_event_clear
</UL>
<BR>[Calls]<UL><LI><a href="#[b0]">&gt;&gt;</a>&nbsp;&nbsp;&nbsp;irq_handler_twim
</UL>
<BR>[Address Reference Count : 1]<UL><LI> arm_startup_nrf52.o(RESET)
</UL>
<P><STRONG><a name="[16]"></a>SPIM1_SPIS1_TWIM1_TWIS1_SPI1_TWI1_IRQHandler</STRONG> (Thumb, 14 bytes, Stack size 8 bytes, nrf_drv_twi.o(i.SPIM1_SPIS1_TWIM1_TWIS1_SPI1_TWI1_IRQHandler))
<BR><BR>[Stack]<UL><LI>Max Depth = 48<LI>Call Chain = SPIM1_SPIS1_TWIM1_TWIS1_SPI1_TWI1_IRQHandler &rArr; irq_handler_twim &rArr; nrf_twim_event_clear
</UL>
<BR>[Calls]<UL><LI><a href="#[b0]">&gt;&gt;</a>&nbsp;&nbsp;&nbsp;irq_handler_twim
</UL>
<BR>[Address Reference Count : 1]<UL><LI> arm_startup_nrf52.o(RESET)
</UL>
<P><STRONG><a name="[33]"></a>SPIM2_SPIS2_SPI2_IRQHandler</STRONG> (Thumb, 14 bytes, Stack size 8 bytes, nrf_drv_spi.o(i.SPIM2_SPIS2_SPI2_IRQHandler))
<BR><BR>[Stack]<UL><LI>Max Depth = 32<LI>Call Chain = SPIM2_SPIS2_SPI2_IRQHandler &rArr; irq_handler_spim &rArr; nrf_spim_event_clear
</UL>
<BR>[Calls]<UL><LI><a href="#[b1]">&gt;&gt;</a>&nbsp;&nbsp;&nbsp;irq_handler_spim
</UL>
<BR>[Address Reference Count : 1]<UL><LI> arm_startup_nrf52.o(RESET)
</UL>
<P><STRONG><a name="[28]"></a>SWI2_EGU2_IRQHandler</STRONG> (Thumb, 42 bytes, Stack size 16 bytes, softdevice_handler.o(i.SWI2_EGU2_IRQHandler))
<BR><BR>[Stack]<UL><LI>Max Depth = 64<LI>Call Chain = SWI2_EGU2_IRQHandler &rArr; intern_softdevice_events_execute &rArr; app_error_handler_bare
</UL>
<BR>[Calls]<UL><LI><a href="#[b2]">&gt;&gt;</a>&nbsp;&nbsp;&nbsp;app_error_handler_bare
<LI><a href="#[b3]">&gt;&gt;</a>&nbsp;&nbsp;&nbsp;intern_softdevice_events_execute
</UL>
<BR>[Address Reference Count : 1]<UL><LI> arm_startup_nrf52.o(RESET)
</UL>
<P><STRONG><a name="[bd]"></a>SystemCoreClockUpdate</STRONG> (Thumb, 8 bytes, Stack size 0 bytes, system_nrf52.o(i.SystemCoreClockUpdate))
<BR><BR>[Called By]<UL><LI><a href="#[39]">&gt;&gt;</a>&nbsp;&nbsp;&nbsp;SystemInit
</UL>

<P><STRONG><a name="[39]"></a>SystemInit</STRONG> (Thumb, 546 bytes, Stack size 8 bytes, system_nrf52.o(i.SystemInit))
<BR><BR>[Stack]<UL><LI>Max Depth = 8<LI>Call Chain = SystemInit
</UL>
<BR>[Calls]<UL><LI><a href="#[bd]">&gt;&gt;</a>&nbsp;&nbsp;&nbsp;SystemCoreClockUpdate
<LI><a href="#[ba]">&gt;&gt;</a>&nbsp;&nbsp;&nbsp;errata_66
<LI><a href="#[b9]">&gt;&gt;</a>&nbsp;&nbsp;&nbsp;errata_57
<LI><a href="#[b8]">&gt;&gt;</a>&nbsp;&nbsp;&nbsp;errata_37
<LI><a href="#[b7]">&gt;&gt;</a>&nbsp;&nbsp;&nbsp;errata_36
<LI><a href="#[b6]">&gt;&gt;</a>&nbsp;&nbsp;&nbsp;errata_32
<LI><a href="#[b5]">&gt;&gt;</a>&nbsp;&nbsp;&nbsp;errata_31
<LI><a href="#[b4]">&gt;&gt;</a>&nbsp;&nbsp;&nbsp;errata_16
<LI><a href="#[bb]">&gt;&gt;</a>&nbsp;&nbsp;&nbsp;errata_108
<LI><a href="#[bc]">&gt;&gt;</a>&nbsp;&nbsp;&nbsp;NVIC_SystemReset
</UL>
<BR>[Address Reference Count : 1]<UL><LI> arm_startup_nrf52.o(.text)
</UL>
<P><STRONG><a name="[14]"></a>UARTE0_UART0_IRQHandler</STRONG> (Thumb, 28 bytes, Stack size 8 bytes, nrf_drv_uart.o(i.UARTE0_UART0_IRQHandler))
<BR><BR>[Stack]<UL><LI>Max Depth = 80<LI>Call Chain = UARTE0_UART0_IRQHandler &rArr; uarte_irq_handler &rArr; tx_done_event
</UL>
<BR>[Calls]<UL><LI><a href="#[be]">&gt;&gt;</a>&nbsp;&nbsp;&nbsp;uarte_irq_handler
<LI><a href="#[bf]">&gt;&gt;</a>&nbsp;&nbsp;&nbsp;uart_irq_handler
</UL>
<BR>[Address Reference Count : 1]<UL><LI> arm_startup_nrf52.o(RESET)
</UL>
<P><STRONG><a name="[c2]"></a>__0snprintf$8</STRONG> (Thumb, 44 bytes, Stack size 32 bytes, printf8.o(i.__0snprintf$8), UNUSED)
<BR><BR>[Calls]<UL><LI><a href="#[c3]">&gt;&gt;</a>&nbsp;&nbsp;&nbsp;_printf_core
</UL>

<P><STRONG><a name="[445]"></a>__1snprintf$8</STRONG> (Thumb, 0 bytes, Stack size 32 bytes, printf8.o(i.__0snprintf$8), UNUSED)

<P><STRONG><a name="[31d]"></a>__2snprintf</STRONG> (Thumb, 0 bytes, Stack size 32 bytes, printf8.o(i.__0snprintf$8))
<BR><BR>[Stack]<UL><LI>Max Depth = 32<LI>Call Chain = __2snprintf
</UL>
<BR>[Called By]<UL><LI><a href="#[319]">&gt;&gt;</a>&nbsp;&nbsp;&nbsp;timestamp_process
<LI><a href="#[5b]">&gt;&gt;</a>&nbsp;&nbsp;&nbsp;nrf_log_backend_serial_std_handler
</UL>

<P><STRONG><a name="[c4]"></a>__0sprintf$8</STRONG> (Thumb, 34 bytes, Stack size 24 bytes, printf8.o(i.__0sprintf$8), UNUSED)
<BR><BR>[Calls]<UL><LI><a href="#[3c]">&gt;&gt;</a>&nbsp;&nbsp;&nbsp;_sputc
<LI><a href="#[c3]">&gt;&gt;</a>&nbsp;&nbsp;&nbsp;_printf_core
</UL>

<P><STRONG><a name="[446]"></a>__1sprintf$8</STRONG> (Thumb, 0 bytes, Stack size 24 bytes, printf8.o(i.__0sprintf$8), UNUSED)

<P><STRONG><a name="[21e]"></a>__2sprintf</STRONG> (Thumb, 0 bytes, Stack size 24 bytes, printf8.o(i.__0sprintf$8))
<BR><BR>[Stack]<UL><LI>Max Depth = 24<LI>Call Chain = __2sprintf
</UL>
<BR>[Called By]<UL><LI><a href="#[19c]">&gt;&gt;</a>&nbsp;&nbsp;&nbsp;gap_params_init
</UL>

<P><STRONG><a name="[447]"></a>__scatterload_copy</STRONG> (Thumb, 14 bytes, Stack size unknown bytes, handlers.o(i.__scatterload_copy), UNUSED)

<P><STRONG><a name="[448]"></a>__scatterload_null</STRONG> (Thumb, 2 bytes, Stack size unknown bytes, handlers.o(i.__scatterload_null), UNUSED)

<P><STRONG><a name="[449]"></a>__scatterload_zeroinit</STRONG> (Thumb, 14 bytes, Stack size unknown bytes, handlers.o(i.__scatterload_zeroinit), UNUSED)

<P><STRONG><a name="[cf]"></a>accel_mag_unlatch_int1</STRONG> (Thumb, 26 bytes, Stack size 8 bytes, accel_mag.o(i.accel_mag_unlatch_int1))
<BR><BR>[Stack]<UL><LI>Max Depth = 200<LI>Call Chain = accel_mag_unlatch_int1 &rArr; accel_magnet_read &rArr; i2c1_sync_read &rArr; nrf_drv_twi_tx &rArr; nrf_drv_twi_xfer &rArr; twim_xfer &rArr; nrf_twim_event_clear
</UL>
<BR>[Calls]<UL><LI><a href="#[d0]">&gt;&gt;</a>&nbsp;&nbsp;&nbsp;accel_magnet_read
</UL>
<BR>[Called By]<UL><LI><a href="#[137]">&gt;&gt;</a>&nbsp;&nbsp;&nbsp;read_acceleration_after_threshold
<LI><a href="#[d7]">&gt;&gt;</a>&nbsp;&nbsp;&nbsp;accelerometer_config_transient
<LI><a href="#[3e]">&gt;&gt;</a>&nbsp;&nbsp;&nbsp;accel_mag_pin_handler_int2
</UL>

<P><STRONG><a name="[d1]"></a>accel_mag_unlatch_int2</STRONG> (Thumb, 26 bytes, Stack size 8 bytes, accel_mag.o(i.accel_mag_unlatch_int2))
<BR><BR>[Stack]<UL><LI>Max Depth = 200<LI>Call Chain = accel_mag_unlatch_int2 &rArr; accel_magnet_read &rArr; i2c1_sync_read &rArr; nrf_drv_twi_tx &rArr; nrf_drv_twi_xfer &rArr; twim_xfer &rArr; nrf_twim_event_clear
</UL>
<BR>[Calls]<UL><LI><a href="#[d0]">&gt;&gt;</a>&nbsp;&nbsp;&nbsp;accel_magnet_read
</UL>
<BR>[Called By]<UL><LI><a href="#[d6]">&gt;&gt;</a>&nbsp;&nbsp;&nbsp;accelerometer_config_pulse
</UL>

<P><STRONG><a name="[d0]"></a>accel_magnet_read</STRONG> (Thumb, 70 bytes, Stack size 48 bytes, accel_mag.o(i.accel_magnet_read))
<BR><BR>[Stack]<UL><LI>Max Depth = 192<LI>Call Chain = accel_magnet_read &rArr; i2c1_sync_read &rArr; nrf_drv_twi_tx &rArr; nrf_drv_twi_xfer &rArr; twim_xfer &rArr; nrf_twim_event_clear
</UL>
<BR>[Calls]<UL><LI><a href="#[d2]">&gt;&gt;</a>&nbsp;&nbsp;&nbsp;i2c1_sync_read
<LI><a href="#[7b]">&gt;&gt;</a>&nbsp;&nbsp;&nbsp;__aeabi_memset
</UL>
<BR>[Called By]<UL><LI><a href="#[240]">&gt;&gt;</a>&nbsp;&nbsp;&nbsp;get_acceleration
<LI><a href="#[d1]">&gt;&gt;</a>&nbsp;&nbsp;&nbsp;accel_mag_unlatch_int2
<LI><a href="#[cf]">&gt;&gt;</a>&nbsp;&nbsp;&nbsp;accel_mag_unlatch_int1
</UL>

<P><STRONG><a name="[d3]"></a>accel_magnet_write</STRONG> (Thumb, 74 bytes, Stack size 40 bytes, accel_mag.o(i.accel_magnet_write))
<BR><BR>[Stack]<UL><LI>Max Depth = 176<LI>Call Chain = accel_magnet_write &rArr; i2c1_sync_write &rArr; nrf_drv_twi_tx &rArr; nrf_drv_twi_xfer &rArr; twim_xfer &rArr; nrf_twim_event_clear
</UL>
<BR>[Calls]<UL><LI><a href="#[d4]">&gt;&gt;</a>&nbsp;&nbsp;&nbsp;i2c1_sync_write
<LI><a href="#[c1]">&gt;&gt;</a>&nbsp;&nbsp;&nbsp;__aeabi_memcpy
</UL>
<BR>[Called By]<UL><LI><a href="#[d7]">&gt;&gt;</a>&nbsp;&nbsp;&nbsp;accelerometer_config_transient
<LI><a href="#[d6]">&gt;&gt;</a>&nbsp;&nbsp;&nbsp;accelerometer_config_pulse
<LI><a href="#[d5]">&gt;&gt;</a>&nbsp;&nbsp;&nbsp;accelerometer_config_continuous_read
</UL>

<P><STRONG><a name="[d8]"></a>accelerometer_init_continuouse_read</STRONG> (Thumb, 32 bytes, Stack size 8 bytes, accel_mag.o(i.accelerometer_init_continuouse_read))
<BR><BR>[Stack]<UL><LI>Max Depth = 192<LI>Call Chain = accelerometer_init_continuouse_read &rArr; accelerometer_config_continuous_read &rArr; accel_magnet_write &rArr; i2c1_sync_write &rArr; nrf_drv_twi_tx &rArr; nrf_drv_twi_xfer &rArr; twim_xfer &rArr; nrf_twim_event_clear
</UL>
<BR>[Calls]<UL><LI><a href="#[d9]">&gt;&gt;</a>&nbsp;&nbsp;&nbsp;nrf_gpio_pin_set
<LI><a href="#[db]">&gt;&gt;</a>&nbsp;&nbsp;&nbsp;nrf_gpio_pin_clear
<LI><a href="#[da]">&gt;&gt;</a>&nbsp;&nbsp;&nbsp;nrf_delay_ms
<LI><a href="#[d5]">&gt;&gt;</a>&nbsp;&nbsp;&nbsp;accelerometer_config_continuous_read
</UL>
<BR>[Called By]<UL><LI><a href="#[32e]">&gt;&gt;</a>&nbsp;&nbsp;&nbsp;on_write
</UL>

<P><STRONG><a name="[dc]"></a>accelerometer_init_pulse</STRONG> (Thumb, 32 bytes, Stack size 8 bytes, accel_mag.o(i.accelerometer_init_pulse))
<BR><BR>[Stack]<UL><LI>Max Depth = 216<LI>Call Chain = accelerometer_init_pulse &rArr; accelerometer_config_pulse &rArr; accel_mag_unlatch_int2 &rArr; accel_magnet_read &rArr; i2c1_sync_read &rArr; nrf_drv_twi_tx &rArr; nrf_drv_twi_xfer &rArr; twim_xfer &rArr; nrf_twim_event_clear
</UL>
<BR>[Calls]<UL><LI><a href="#[d9]">&gt;&gt;</a>&nbsp;&nbsp;&nbsp;nrf_gpio_pin_set
<LI><a href="#[db]">&gt;&gt;</a>&nbsp;&nbsp;&nbsp;nrf_gpio_pin_clear
<LI><a href="#[da]">&gt;&gt;</a>&nbsp;&nbsp;&nbsp;nrf_delay_ms
<LI><a href="#[d6]">&gt;&gt;</a>&nbsp;&nbsp;&nbsp;accelerometer_config_pulse
</UL>
<BR>[Called By]<UL><LI><a href="#[37]">&gt;&gt;</a>&nbsp;&nbsp;&nbsp;main
</UL>

<P><STRONG><a name="[dd]"></a>accelerometer_init_transient</STRONG> (Thumb, 32 bytes, Stack size 8 bytes, accel_mag.o(i.accelerometer_init_transient))
<BR><BR>[Stack]<UL><LI>Max Depth = 216<LI>Call Chain = accelerometer_init_transient &rArr; accelerometer_config_transient &rArr; accel_mag_unlatch_int1 &rArr; accel_magnet_read &rArr; i2c1_sync_read &rArr; nrf_drv_twi_tx &rArr; nrf_drv_twi_xfer &rArr; twim_xfer &rArr; nrf_twim_event_clear
</UL>
<BR>[Calls]<UL><LI><a href="#[d9]">&gt;&gt;</a>&nbsp;&nbsp;&nbsp;nrf_gpio_pin_set
<LI><a href="#[db]">&gt;&gt;</a>&nbsp;&nbsp;&nbsp;nrf_gpio_pin_clear
<LI><a href="#[da]">&gt;&gt;</a>&nbsp;&nbsp;&nbsp;nrf_delay_ms
<LI><a href="#[d7]">&gt;&gt;</a>&nbsp;&nbsp;&nbsp;accelerometer_config_transient
</UL>
<BR>[Called By]<UL><LI><a href="#[400]">&gt;&gt;</a>&nbsp;&nbsp;&nbsp;train_timers_stop
</UL>

<P><STRONG><a name="[de]"></a>adc_sample_channel</STRONG> (Thumb, 76 bytes, Stack size 40 bytes, adc.o(i.adc_sample_channel))
<BR><BR>[Stack]<UL><LI>Max Depth = 72<LI>Call Chain = adc_sample_channel &rArr; nrf_drv_saadc_sample_convert &rArr; nrf_saadc_event_clear
</UL>
<BR>[Calls]<UL><LI><a href="#[e0]">&gt;&gt;</a>&nbsp;&nbsp;&nbsp;nrf_drv_saadc_sample_convert
<LI><a href="#[e1]">&gt;&gt;</a>&nbsp;&nbsp;&nbsp;adc_find_average
<LI><a href="#[df]">&gt;&gt;</a>&nbsp;&nbsp;&nbsp;__aeabi_memclr4
</UL>
<BR>[Called By]<UL><LI><a href="#[159]">&gt;&gt;</a>&nbsp;&nbsp;&nbsp;getBatteryVoltage
<LI><a href="#[23f]">&gt;&gt;</a>&nbsp;&nbsp;&nbsp;getZapVoltage
</UL>

<P><STRONG><a name="[e2]"></a>addr_compare</STRONG> (Thumb, 50 bytes, Stack size 16 bytes, id_manager.o(i.addr_compare))
<BR><BR>[Stack]<UL><LI>Max Depth = 28<LI>Call Chain = addr_compare &rArr; memcmp
</UL>
<BR>[Calls]<UL><LI><a href="#[e3]">&gt;&gt;</a>&nbsp;&nbsp;&nbsp;memcmp
</UL>
<BR>[Called By]<UL><LI><a href="#[264]">&gt;&gt;</a>&nbsp;&nbsp;&nbsp;im_is_duplicate_bonding_data
<LI><a href="#[25c]">&gt;&gt;</a>&nbsp;&nbsp;&nbsp;im_ble_evt_handler
</UL>

<P><STRONG><a name="[e6]"></a>adv_data_encode</STRONG> (Thumb, 364 bytes, Stack size 32 bytes, ble_advdata.o(i.adv_data_encode))
<BR><BR>[Stack]<UL><LI>Max Depth = 128<LI>Call Chain = adv_data_encode &rArr; uuid_list_encode &rArr; uuid_list_sized_encode
</UL>
<BR>[Calls]<UL><LI><a href="#[eb]">&gt;&gt;</a>&nbsp;&nbsp;&nbsp;uuid_list_encode
<LI><a href="#[ea]">&gt;&gt;</a>&nbsp;&nbsp;&nbsp;tx_power_level_encode
<LI><a href="#[ee]">&gt;&gt;</a>&nbsp;&nbsp;&nbsp;service_data_encode
<LI><a href="#[ef]">&gt;&gt;</a>&nbsp;&nbsp;&nbsp;name_encode
<LI><a href="#[ed]">&gt;&gt;</a>&nbsp;&nbsp;&nbsp;manuf_specific_data_encode
<LI><a href="#[e9]">&gt;&gt;</a>&nbsp;&nbsp;&nbsp;flags_encode
<LI><a href="#[ec]">&gt;&gt;</a>&nbsp;&nbsp;&nbsp;conn_int_encode
<LI><a href="#[e7]">&gt;&gt;</a>&nbsp;&nbsp;&nbsp;ble_device_addr_encode
<LI><a href="#[e8]">&gt;&gt;</a>&nbsp;&nbsp;&nbsp;appearance_encode
</UL>
<BR>[Called By]<UL><LI><a href="#[15d]">&gt;&gt;</a>&nbsp;&nbsp;&nbsp;ble_advdata_set
</UL>

<P><STRONG><a name="[f9]"></a>ah</STRONG> (Thumb, 86 bytes, Stack size 64 bytes, id_manager.o(i.ah))
<BR><BR>[Stack]<UL><LI>Max Depth = 64<LI>Call Chain = ah
</UL>
<BR>[Calls]<UL><LI><a href="#[df]">&gt;&gt;</a>&nbsp;&nbsp;&nbsp;__aeabi_memclr4
</UL>
<BR>[Called By]<UL><LI><a href="#[25a]">&gt;&gt;</a>&nbsp;&nbsp;&nbsp;im_address_resolve
</UL>

<P><STRONG><a name="[fb]"></a>app_button_enable</STRONG> (Thumb, 34 bytes, Stack size 8 bytes, app_button.o(i.app_button_enable))
<BR><BR>[Stack]<UL><LI>Max Depth = 56<LI>Call Chain = app_button_enable &rArr; nrf_drv_gpiote_in_event_enable &rArr; nrf_gpiote_event_clear
</UL>
<BR>[Calls]<UL><LI><a href="#[cb]">&gt;&gt;</a>&nbsp;&nbsp;&nbsp;nrf_drv_gpiote_in_event_enable
</UL>
<BR>[Called By]<UL><LI><a href="#[1bb]">&gt;&gt;</a>&nbsp;&nbsp;&nbsp;bsp_init
</UL>

<P><STRONG><a name="[fc]"></a>app_button_init</STRONG> (Thumb, 132 bytes, Stack size 32 bytes, app_button.o(i.app_button_init))
<BR><BR>[Stack]<UL><LI>Max Depth = 200<LI>Call Chain = app_button_init &rArr; app_timer_create &rArr; xTimerCreate &rArr; prvCheckForValidListAndQueue &rArr; xQueueGenericCreate &rArr; pvPortMalloc &rArr; xTaskResumeAll &rArr; xTaskIncrementTick
</UL>
<BR>[Calls]<UL><LI><a href="#[fd]">&gt;&gt;</a>&nbsp;&nbsp;&nbsp;app_timer_create
<LI><a href="#[c8]">&gt;&gt;</a>&nbsp;&nbsp;&nbsp;nrf_drv_gpiote_is_init
<LI><a href="#[c9]">&gt;&gt;</a>&nbsp;&nbsp;&nbsp;nrf_drv_gpiote_init
<LI><a href="#[ca]">&gt;&gt;</a>&nbsp;&nbsp;&nbsp;nrf_drv_gpiote_in_init
</UL>
<BR>[Called By]<UL><LI><a href="#[1bb]">&gt;&gt;</a>&nbsp;&nbsp;&nbsp;bsp_init
</UL>

<P><STRONG><a name="[fe]"></a>app_error_fault_handler</STRONG> (Thumb, 2 bytes, Stack size 0 bytes, main.o(i.app_error_fault_handler))
<BR><BR>[Called By]<UL><LI><a href="#[b2]">&gt;&gt;</a>&nbsp;&nbsp;&nbsp;app_error_handler_bare
<LI><a href="#[65]">&gt;&gt;</a>&nbsp;&nbsp;&nbsp;softdevice_fault_handler
</UL>

<P><STRONG><a name="[b2]"></a>app_error_handler_bare</STRONG> (Thumb, 28 bytes, Stack size 24 bytes, app_error.o(i.app_error_handler_bare))
<BR><BR>[Stack]<UL><LI>Max Depth = 24<LI>Call Chain = app_error_handler_bare
</UL>
<BR>[Calls]<UL><LI><a href="#[fe]">&gt;&gt;</a>&nbsp;&nbsp;&nbsp;app_error_fault_handler
</UL>
<BR>[Called By]<UL><LI><a href="#[417]">&gt;&gt;</a>&nbsp;&nbsp;&nbsp;vApplicationStackOverflowHook
<LI><a href="#[3a2]">&gt;&gt;</a>&nbsp;&nbsp;&nbsp;vPortSuppressTicksAndSleep
<LI><a href="#[17a]">&gt;&gt;</a>&nbsp;&nbsp;&nbsp;ble_conn_state_on_ble_evt
<LI><a href="#[131]">&gt;&gt;</a>&nbsp;&nbsp;&nbsp;application_task_timers_init
<LI><a href="#[44]">&gt;&gt;</a>&nbsp;&nbsp;&nbsp;application_task_thread
<LI><a href="#[112]">&gt;&gt;</a>&nbsp;&nbsp;&nbsp;application_loader_timers_init
<LI><a href="#[29e]">&gt;&gt;</a>&nbsp;&nbsp;&nbsp;pavlok_timers_init
<LI><a href="#[b3]">&gt;&gt;</a>&nbsp;&nbsp;&nbsp;intern_softdevice_events_execute
<LI><a href="#[28]">&gt;&gt;</a>&nbsp;&nbsp;&nbsp;SWI2_EGU2_IRQHandler
<LI><a href="#[329]">&gt;&gt;</a>&nbsp;&nbsp;&nbsp;update_cccd_enabled
<LI><a href="#[1c6]">&gt;&gt;</a>&nbsp;&nbsp;&nbsp;cfg_send
<LI><a href="#[185]">&gt;&gt;</a>&nbsp;&nbsp;&nbsp;sys_id_encode
<LI><a href="#[186]">&gt;&gt;</a>&nbsp;&nbsp;&nbsp;pnp_id_encode
<LI><a href="#[184]">&gt;&gt;</a>&nbsp;&nbsp;&nbsp;char_add
<LI><a href="#[15c]">&gt;&gt;</a>&nbsp;&nbsp;&nbsp;battery_timers_start
<LI><a href="#[15b]">&gt;&gt;</a>&nbsp;&nbsp;&nbsp;battery_timer_init
<LI><a href="#[252]">&gt;&gt;</a>&nbsp;&nbsp;&nbsp;habit_task_timers_init
<LI><a href="#[250]">&gt;&gt;</a>&nbsp;&nbsp;&nbsp;habit_application_timers_start
<LI><a href="#[2b3]">&gt;&gt;</a>&nbsp;&nbsp;&nbsp;spi2_devices_init
<LI><a href="#[2b6]">&gt;&gt;</a>&nbsp;&nbsp;&nbsp;pwm_zap_init
<LI><a href="#[2b4]">&gt;&gt;</a>&nbsp;&nbsp;&nbsp;pwm_piezo_init
<LI><a href="#[2b5]">&gt;&gt;</a>&nbsp;&nbsp;&nbsp;pwm_motor_init
<LI><a href="#[257]">&gt;&gt;</a>&nbsp;&nbsp;&nbsp;i2c_devices_init
<LI><a href="#[37]">&gt;&gt;</a>&nbsp;&nbsp;&nbsp;main
<LI><a href="#[199]">&gt;&gt;</a>&nbsp;&nbsp;&nbsp;timers_init
<LI><a href="#[1b8]">&gt;&gt;</a>&nbsp;&nbsp;&nbsp;sleep_mode_enter
<LI><a href="#[19e]">&gt;&gt;</a>&nbsp;&nbsp;&nbsp;services_init
<LI><a href="#[5d]">&gt;&gt;</a>&nbsp;&nbsp;&nbsp;pm_evt_handler
<LI><a href="#[1a0]">&gt;&gt;</a>&nbsp;&nbsp;&nbsp;peer_manager_init
<LI><a href="#[4f]">&gt;&gt;</a>&nbsp;&nbsp;&nbsp;on_conn_params_evt
<LI><a href="#[189]">&gt;&gt;</a>&nbsp;&nbsp;&nbsp;on_ble_evt
<LI><a href="#[3f]">&gt;&gt;</a>&nbsp;&nbsp;&nbsp;on_adv_evt
<LI><a href="#[2a0]">&gt;&gt;</a>&nbsp;&nbsp;&nbsp;log_init
<LI><a href="#[19d]">&gt;&gt;</a>&nbsp;&nbsp;&nbsp;gatt_init
<LI><a href="#[19c]">&gt;&gt;</a>&nbsp;&nbsp;&nbsp;gap_params_init
<LI><a href="#[f7]">&gt;&gt;</a>&nbsp;&nbsp;&nbsp;delete_bonds
<LI><a href="#[19f]">&gt;&gt;</a>&nbsp;&nbsp;&nbsp;conn_params_init
<LI><a href="#[50]">&gt;&gt;</a>&nbsp;&nbsp;&nbsp;conn_params_error_handler
<LI><a href="#[1d7]">&gt;&gt;</a>&nbsp;&nbsp;&nbsp;clock_init
<LI><a href="#[19a]">&gt;&gt;</a>&nbsp;&nbsp;&nbsp;buttons_leds_init
<LI><a href="#[1b4]">&gt;&gt;</a>&nbsp;&nbsp;&nbsp;button_press_time
<LI><a href="#[4e]">&gt;&gt;</a>&nbsp;&nbsp;&nbsp;bsp_event_handler
<LI><a href="#[193]">&gt;&gt;</a>&nbsp;&nbsp;&nbsp;ble_stack_init
<LI><a href="#[138]">&gt;&gt;</a>&nbsp;&nbsp;&nbsp;application_timers_start
<LI><a href="#[f6]">&gt;&gt;</a>&nbsp;&nbsp;&nbsp;advertising_start
<LI><a href="#[f4]">&gt;&gt;</a>&nbsp;&nbsp;&nbsp;advertising_init
<LI><a href="#[381]">&gt;&gt;</a>&nbsp;&nbsp;&nbsp;perform_action_timers_start
<LI><a href="#[380]">&gt;&gt;</a>&nbsp;&nbsp;&nbsp;perform_action_timers_init
<LI><a href="#[3e5]">&gt;&gt;</a>&nbsp;&nbsp;&nbsp;service_task_timers_init
<LI><a href="#[3e1]">&gt;&gt;</a>&nbsp;&nbsp;&nbsp;service_application_timers_start
<LI><a href="#[2a8]">&gt;&gt;</a>&nbsp;&nbsp;&nbsp;logger_task_timers_init
<LI><a href="#[54]">&gt;&gt;</a>&nbsp;&nbsp;&nbsp;logger_task_thread
<LI><a href="#[2a3]">&gt;&gt;</a>&nbsp;&nbsp;&nbsp;logger_application_timers_start
<LI><a href="#[122]">&gt;&gt;</a>&nbsp;&nbsp;&nbsp;application_task_timers_start
<LI><a href="#[113]">&gt;&gt;</a>&nbsp;&nbsp;&nbsp;application_loader_timers_start
<LI><a href="#[337]">&gt;&gt;</a>&nbsp;&nbsp;&nbsp;solicited_timers_start
<LI><a href="#[335]">&gt;&gt;</a>&nbsp;&nbsp;&nbsp;on_write
<LI><a href="#[20c]">&gt;&gt;</a>&nbsp;&nbsp;&nbsp;find_name_in_sectors
<LI><a href="#[32f]">&gt;&gt;</a>&nbsp;&nbsp;&nbsp;update_cccd_enabled
<LI><a href="#[400]">&gt;&gt;</a>&nbsp;&nbsp;&nbsp;train_timers_stop
<LI><a href="#[3ff]">&gt;&gt;</a>&nbsp;&nbsp;&nbsp;train_timers_start
<LI><a href="#[2d0]">&gt;&gt;</a>&nbsp;&nbsp;&nbsp;notify_timers_start
<LI><a href="#[29f]">&gt;&gt;</a>&nbsp;&nbsp;&nbsp;log_info_timers_start
<LI><a href="#[29c]">&gt;&gt;</a>&nbsp;&nbsp;&nbsp;log_info_send
<LI><a href="#[14b]">&gt;&gt;</a>&nbsp;&nbsp;&nbsp;on_write
<LI><a href="#[3d8]">&gt;&gt;</a>&nbsp;&nbsp;&nbsp;serial_flash_fsm_task_timers_init
<LI><a href="#[3d7]">&gt;&gt;</a>&nbsp;&nbsp;&nbsp;serial_flash_fsm_application_timers_start
</UL>

<P><STRONG><a name="[fd]"></a>app_timer_create</STRONG> (Thumb, 100 bytes, Stack size 32 bytes, app_timer_freertos.o(i.app_timer_create))
<BR><BR>[Stack]<UL><LI>Max Depth = 168<LI>Call Chain = app_timer_create &rArr; xTimerCreate &rArr; prvCheckForValidListAndQueue &rArr; xQueueGenericCreate &rArr; pvPortMalloc &rArr; xTaskResumeAll &rArr; xTaskIncrementTick
</UL>
<BR>[Calls]<UL><LI><a href="#[100]">&gt;&gt;</a>&nbsp;&nbsp;&nbsp;xTimerCreate
</UL>
<BR>[Called By]<UL><LI><a href="#[170]">&gt;&gt;</a>&nbsp;&nbsp;&nbsp;ble_conn_params_init
<LI><a href="#[fc]">&gt;&gt;</a>&nbsp;&nbsp;&nbsp;app_button_init
<LI><a href="#[1bb]">&gt;&gt;</a>&nbsp;&nbsp;&nbsp;bsp_init
</UL>

<P><STRONG><a name="[401]"></a>app_timer_init</STRONG> (Thumb, 4 bytes, Stack size 0 bytes, app_timer_freertos.o(i.app_timer_init))
<BR><BR>[Called By]<UL><LI><a href="#[199]">&gt;&gt;</a>&nbsp;&nbsp;&nbsp;timers_init
</UL>

<P><STRONG><a name="[101]"></a>app_timer_start</STRONG> (Thumb, 230 bytes, Stack size 40 bytes, app_timer_freertos.o(i.app_timer_start))
<BR><BR>[Stack]<UL><LI>Max Depth = 184<LI>Call Chain = app_timer_start &rArr; xTimerGenericCommand &rArr; xQueueGenericSend &rArr; xTaskResumeAll &rArr; xTaskIncrementTick
</UL>
<BR>[Calls]<UL><LI><a href="#[102]">&gt;&gt;</a>&nbsp;&nbsp;&nbsp;xTimerIsTimerActive
<LI><a href="#[103]">&gt;&gt;</a>&nbsp;&nbsp;&nbsp;xTimerGenericCommand
<LI><a href="#[104]">&gt;&gt;</a>&nbsp;&nbsp;&nbsp;xTaskGetTickCountFromISR
<LI><a href="#[9a]">&gt;&gt;</a>&nbsp;&nbsp;&nbsp;xTaskGetTickCount
</UL>
<BR>[Called By]<UL><LI><a href="#[1db]">&gt;&gt;</a>&nbsp;&nbsp;&nbsp;conn_params_negotiation
<LI><a href="#[40]">&gt;&gt;</a>&nbsp;&nbsp;&nbsp;gpiote_event_handler
<LI><a href="#[1ba]">&gt;&gt;</a>&nbsp;&nbsp;&nbsp;bsp_led_indication
</UL>

<P><STRONG><a name="[105]"></a>app_timer_stop</STRONG> (Thumb, 134 bytes, Stack size 24 bytes, app_timer_freertos.o(i.app_timer_stop))
<BR><BR>[Stack]<UL><LI>Max Depth = 168<LI>Call Chain = app_timer_stop &rArr; xTimerGenericCommand &rArr; xQueueGenericSend &rArr; xTaskResumeAll &rArr; xTaskIncrementTick
</UL>
<BR>[Calls]<UL><LI><a href="#[103]">&gt;&gt;</a>&nbsp;&nbsp;&nbsp;xTimerGenericCommand
</UL>
<BR>[Called By]<UL><LI><a href="#[174]">&gt;&gt;</a>&nbsp;&nbsp;&nbsp;on_write
<LI><a href="#[173]">&gt;&gt;</a>&nbsp;&nbsp;&nbsp;on_disconnect
<LI><a href="#[40]">&gt;&gt;</a>&nbsp;&nbsp;&nbsp;gpiote_event_handler
<LI><a href="#[1ba]">&gt;&gt;</a>&nbsp;&nbsp;&nbsp;bsp_led_indication
</UL>

<P><STRONG><a name="[a3]"></a>app_util_critical_region_enter</STRONG> (Thumb, 12 bytes, Stack size 8 bytes, app_util_platform.o(i.app_util_critical_region_enter))
<BR><BR>[Stack]<UL><LI>Max Depth = 24<LI>Call Chain = app_util_critical_region_enter &rArr; sd_nvic_critical_region_enter
</UL>
<BR>[Calls]<UL><LI><a href="#[106]">&gt;&gt;</a>&nbsp;&nbsp;&nbsp;sd_nvic_critical_region_enter
</UL>
<BR>[Called By]<UL><LI><a href="#[2dc]">&gt;&gt;</a>&nbsp;&nbsp;&nbsp;nrf_drv_clock_lfclk_request
<LI><a href="#[382]">&gt;&gt;</a>&nbsp;&nbsp;&nbsp;pm_mutex_unlock
<LI><a href="#[295]">&gt;&gt;</a>&nbsp;&nbsp;&nbsp;lock_by_mask
<LI><a href="#[2de]">&gt;&gt;</a>&nbsp;&nbsp;&nbsp;nrf_drv_clock_on_sd_enable
<LI><a href="#[a1]">&gt;&gt;</a>&nbsp;&nbsp;&nbsp;SEGGER_RTT_Write
<LI><a href="#[1c0]">&gt;&gt;</a>&nbsp;&nbsp;&nbsp;buf_prealloc
</UL>

<P><STRONG><a name="[a5]"></a>app_util_critical_region_exit</STRONG> (Thumb, 62 bytes, Stack size 16 bytes, app_util_platform.o(i.app_util_critical_region_exit))
<BR><BR>[Stack]<UL><LI>Max Depth = 16<LI>Call Chain = app_util_critical_region_exit
</UL>
<BR>[Calls]<UL><LI><a href="#[107]">&gt;&gt;</a>&nbsp;&nbsp;&nbsp;__sd_nvic_irq_disable
</UL>
<BR>[Called By]<UL><LI><a href="#[2dc]">&gt;&gt;</a>&nbsp;&nbsp;&nbsp;nrf_drv_clock_lfclk_request
<LI><a href="#[382]">&gt;&gt;</a>&nbsp;&nbsp;&nbsp;pm_mutex_unlock
<LI><a href="#[295]">&gt;&gt;</a>&nbsp;&nbsp;&nbsp;lock_by_mask
<LI><a href="#[2de]">&gt;&gt;</a>&nbsp;&nbsp;&nbsp;nrf_drv_clock_on_sd_enable
<LI><a href="#[a1]">&gt;&gt;</a>&nbsp;&nbsp;&nbsp;SEGGER_RTT_Write
<LI><a href="#[1c0]">&gt;&gt;</a>&nbsp;&nbsp;&nbsp;buf_prealloc
</UL>

<P><STRONG><a name="[136]"></a>application_delete</STRONG> (Thumb, 2 bytes, Stack size 0 bytes, application_task.o(i.application_delete))
<BR><BR>[Called By]<UL><LI><a href="#[44]">&gt;&gt;</a>&nbsp;&nbsp;&nbsp;application_task_thread
</UL>

[...]
<P><STRONG><a name="[2da]"></a>nrf_delay_us</STRONG> (Thumb, 142 bytes, Stack size 0 bytes, accel_mag.o(i.nrf_delay_us))
<BR><BR>[Called By]<UL><LI><a href="#[da]">&gt;&gt;</a>&nbsp;&nbsp;&nbsp;nrf_delay_ms
</UL>

<P><STRONG><a name="[db]"></a>nrf_gpio_pin_clear</STRONG> (Thumb, 22 bytes, Stack size 0 bytes, accel_mag.o(i.nrf_gpio_pin_clear))
<BR><BR>[Called By]<UL><LI><a href="#[dc]">&gt;&gt;</a>&nbsp;&nbsp;&nbsp;accelerometer_init_pulse
<LI><a href="#[dd]">&gt;&gt;</a>&nbsp;&nbsp;&nbsp;accelerometer_init_transient
<LI><a href="#[d8]">&gt;&gt;</a>&nbsp;&nbsp;&nbsp;accelerometer_init_continuouse_read
</UL>

<P><STRONG><a name="[d9]"></a>nrf_gpio_pin_set</STRONG> (Thumb, 22 bytes, Stack size 0 bytes, accel_mag.o(i.nrf_gpio_pin_set))
<BR><BR>[Called By]<UL><LI><a href="#[dc]">&gt;&gt;</a>&nbsp;&nbsp;&nbsp;accelerometer_init_pulse
<LI><a href="#[dd]">&gt;&gt;</a>&nbsp;&nbsp;&nbsp;accelerometer_init_transient
<LI><a href="#[d8]">&gt;&gt;</a>&nbsp;&nbsp;&nbsp;accelerometer_init_continuouse_read
</UL>

<P><STRONG><a name="[3ca]"></a>nrf_delay_us</STRONG> (Thumb, 142 bytes, Stack size 0 bytes, rtc.o(i.nrf_delay_us))
<BR><BR>[Called By]<UL><LI><a href="#[2b9]">&gt;&gt;</a>&nbsp;&nbsp;&nbsp;rtc_init
</UL>

<P><STRONG><a name="[3cb]"></a>rtc_input_int_init</STRONG> (Thumb, 32 bytes, Stack size 8 bytes, rtc.o(i.rtc_input_int_init))
<BR><BR>[Stack]<UL><LI>Max Depth = 84<LI>Call Chain = rtc_input_int_init &rArr; nrf_drv_gpiote_in_init &rArr; channel_port_alloc
</UL>
<BR>[Calls]<UL><LI><a href="#[c8]">&gt;&gt;</a>&nbsp;&nbsp;&nbsp;nrf_drv_gpiote_is_init
<LI><a href="#[c9]">&gt;&gt;</a>&nbsp;&nbsp;&nbsp;nrf_drv_gpiote_init
<LI><a href="#[ca]">&gt;&gt;</a>&nbsp;&nbsp;&nbsp;nrf_drv_gpiote_in_init
<LI><a href="#[cb]">&gt;&gt;</a>&nbsp;&nbsp;&nbsp;nrf_drv_gpiote_in_event_enable
</UL>
<BR>[Called By]<UL><LI><a href="#[2b9]">&gt;&gt;</a>&nbsp;&nbsp;&nbsp;rtc_init
</UL>

<P><STRONG><a name="[60]"></a>rtc_pin_handler_int</STRONG> (Thumb, 20 bytes, Stack size 16 bytes, rtc.o(i.rtc_pin_handler_int))
<BR><BR>[Stack]<UL><LI>Max Depth = 72<LI>Call Chain = rtc_pin_handler_int &rArr; application_start_stimulus &rArr; application_task_restart &rArr; xTaskGenericNotify &rArr; vPortExitCritical
</UL>
<BR>[Calls]<UL><LI><a href="#[127]">&gt;&gt;</a>&nbsp;&nbsp;&nbsp;application_start_stimulus
</UL>
<BR>[Address Reference Count : 1]<UL><LI> rtc.o(i.rtc_input_int_init)
</UL>
<P><STRONG><a name="[3dd]"></a>nrf_delay_us</STRONG> (Thumb, 142 bytes, Stack size 0 bytes, serial_flash_fsm.o(i.nrf_delay_us))
<BR><BR>[Called By]<UL><LI><a href="#[10e]">&gt;&gt;</a>&nbsp;&nbsp;&nbsp;serial_flash_read_data
<LI><a href="#[3de]">&gt;&gt;</a>&nbsp;&nbsp;&nbsp;serial_flash_write_control
</UL>

<P><STRONG><a name="[3d7]"></a>serial_flash_fsm_application_timers_start</STRONG> (Thumb, 56 bytes, Stack size 16 bytes, serial_flash_fsm.o(i.serial_flash_fsm_application_timers_start))
<BR><BR>[Stack]<UL><LI>Max Depth = 160<LI>Call Chain = serial_flash_fsm_application_timers_start &rArr; xTimerGenericCommand &rArr; xQueueGenericSend &rArr; xTaskResumeAll &rArr; xTaskIncrementTick
</UL>
<BR>[Calls]<UL><LI><a href="#[102]">&gt;&gt;</a>&nbsp;&nbsp;&nbsp;xTimerIsTimerActive
<LI><a href="#[103]">&gt;&gt;</a>&nbsp;&nbsp;&nbsp;xTimerGenericCommand
<LI><a href="#[9a]">&gt;&gt;</a>&nbsp;&nbsp;&nbsp;xTaskGetTickCount
<LI><a href="#[b2]">&gt;&gt;</a>&nbsp;&nbsp;&nbsp;app_error_handler_bare
</UL>
<BR>[Called By]<UL><LI><a href="#[3f8]">&gt;&gt;</a>&nbsp;&nbsp;&nbsp;spi_flash_sm_wait
</UL>

<P><STRONG><a name="[61]"></a>serial_flash_fsm_task_thread</STRONG> (Thumb, 46 bytes, Stack size 0 bytes, serial_flash_fsm.o(i.serial_flash_fsm_task_thread))
<BR><BR>[Stack]<UL><LI>Max Depth = 176<LI>Call Chain = serial_flash_fsm_task_thread &rArr; spi_flash_sm_main &rArr; spi_flash_sm_wait &rArr; serial_flash_fsm_application_timers_start &rArr; xTimerGenericCommand &rArr; xQueueGenericSend &rArr; xTaskResumeAll &rArr; xTaskIncrementTick
</UL>
<BR>[Calls]<UL><LI><a href="#[132]">&gt;&gt;</a>&nbsp;&nbsp;&nbsp;ulTaskNotifyTake
<LI><a href="#[12f]">&gt;&gt;</a>&nbsp;&nbsp;&nbsp;nrf_malloc
<LI><a href="#[3d9]">&gt;&gt;</a>&nbsp;&nbsp;&nbsp;spi_flash_sm_main
<LI><a href="#[3d8]">&gt;&gt;</a>&nbsp;&nbsp;&nbsp;serial_flash_fsm_task_timers_init
</UL>
<BR>[Address Reference Count : 1]<UL><LI> serial_flash_fsm.o(i.serial_flash_fsm_start_task)
</UL>
<P><STRONG><a name="[62]"></a>serial_flash_fsm_task_timeout_handler</STRONG> (Thumb, 32 bytes, Stack size 8 bytes, serial_flash_fsm.o(i.serial_flash_fsm_task_timeout_handler))
<BR><BR>[Stack]<UL><LI>Max Depth = 48<LI>Call Chain = serial_flash_fsm_task_timeout_handler &rArr; xTaskGenericNotify &rArr; vPortExitCritical
</UL>
<BR>[Calls]<UL><LI><a href="#[111]">&gt;&gt;</a>&nbsp;&nbsp;&nbsp;xTaskGenericNotify
</UL>
<BR>[Address Reference Count : 1]<UL><LI> serial_flash_fsm.o(i.serial_flash_fsm_task_timers_init)
</UL>
<P><STRONG><a name="[3d8]"></a>serial_flash_fsm_task_timers_init</STRONG> (Thumb, 40 bytes, Stack size 8 bytes, serial_flash_fsm.o(i.serial_flash_fsm_task_timers_init))
<BR><BR>[Stack]<UL><LI>Max Depth = 144<LI>Call Chain = serial_flash_fsm_task_timers_init &rArr; xTimerCreate &rArr; prvCheckForValidListAndQueue &rArr; xQueueGenericCreate &rArr; pvPortMalloc &rArr; xTaskResumeAll &rArr; xTaskIncrementTick
</UL>
<BR>[Calls]<UL><LI><a href="#[100]">&gt;&gt;</a>&nbsp;&nbsp;&nbsp;xTimerCreate
<LI><a href="#[b2]">&gt;&gt;</a>&nbsp;&nbsp;&nbsp;app_error_handler_bare
</UL>
<BR>[Called By]<UL><LI><a href="#[61]">&gt;&gt;</a>&nbsp;&nbsp;&nbsp;serial_flash_fsm_task_thread
</UL>

<P><STRONG><a name="[3da]"></a>serial_flash_get_status</STRONG> (Thumb, 144 bytes, Stack size 24 bytes, serial_flash_fsm.o(i.serial_flash_get_status))
<BR><BR>[Stack]<UL><LI>Max Depth = 184<LI>Call Chain = serial_flash_get_status &rArr; serial_flash_txrx &rArr; spi2_sync_txrx &rArr; nrf_drv_spi_transfer &rArr; nrf_drv_spi_xfer &rArr; spim_xfer &rArr; nrf_spim_event_clear
</UL>
<BR>[Calls]<UL><LI><a href="#[3db]">&gt;&gt;</a>&nbsp;&nbsp;&nbsp;set_instruction
<LI><a href="#[3dc]">&gt;&gt;</a>&nbsp;&nbsp;&nbsp;serial_flash_txrx
</UL>
<BR>[Called By]<UL><LI><a href="#[2ab]">&gt;&gt;</a>&nbsp;&nbsp;&nbsp;serial_flash_sector_erase
<LI><a href="#[10e]">&gt;&gt;</a>&nbsp;&nbsp;&nbsp;serial_flash_read_data
<LI><a href="#[4]">&gt;&gt;</a>&nbsp;&nbsp;&nbsp;spi_flash_sm_check_status
<LI><a href="#[5]">&gt;&gt;</a>&nbsp;&nbsp;&nbsp;spi_flash_sm_check_latch
<LI><a href="#[3e0]">&gt;&gt;</a>&nbsp;&nbsp;&nbsp;serial_flash_write_data
</UL>

<P><STRONG><a name="[3dc]"></a>serial_flash_txrx</STRONG> (Thumb, 46 bytes, Stack size 24 bytes, serial_flash_fsm.o(i.serial_flash_txrx))
<BR><BR>[Stack]<UL><LI>Max Depth = 160<LI>Call Chain = serial_flash_txrx &rArr; spi2_sync_txrx &rArr; nrf_drv_spi_transfer &rArr; nrf_drv_spi_xfer &rArr; spim_xfer &rArr; nrf_spim_event_clear
</UL>
<BR>[Calls]<UL><LI><a href="#[3df]">&gt;&gt;</a>&nbsp;&nbsp;&nbsp;spi2_sync_txrx
</UL>
<BR>[Called By]<UL><LI><a href="#[2ab]">&gt;&gt;</a>&nbsp;&nbsp;&nbsp;serial_flash_sector_erase
<LI><a href="#[10e]">&gt;&gt;</a>&nbsp;&nbsp;&nbsp;serial_flash_read_data
<LI><a href="#[3e0]">&gt;&gt;</a>&nbsp;&nbsp;&nbsp;serial_flash_write_data
<LI><a href="#[3de]">&gt;&gt;</a>&nbsp;&nbsp;&nbsp;serial_flash_write_control
<LI><a href="#[3da]">&gt;&gt;</a>&nbsp;&nbsp;&nbsp;serial_flash_get_status
</UL>

<P><STRONG><a name="[3de]"></a>serial_flash_write_control</STRONG> (Thumb, 68 bytes, Stack size 16 bytes, serial_flash_fsm.o(i.serial_flash_write_control))
<BR><BR>[Stack]<UL><LI>Max Depth = 176<LI>Call Chain = serial_flash_write_control &rArr; serial_flash_txrx &rArr; spi2_sync_txrx &rArr; nrf_drv_spi_transfer &rArr; nrf_drv_spi_xfer &rArr; spim_xfer &rArr; nrf_spim_event_clear
</UL>
<BR>[Calls]<UL><LI><a href="#[3db]">&gt;&gt;</a>&nbsp;&nbsp;&nbsp;set_instruction
<LI><a href="#[3dc]">&gt;&gt;</a>&nbsp;&nbsp;&nbsp;serial_flash_txrx
<LI><a href="#[3dd]">&gt;&gt;</a>&nbsp;&nbsp;&nbsp;nrf_delay_us
</UL>
<BR>[Called By]<UL><LI><a href="#[2ab]">&gt;&gt;</a>&nbsp;&nbsp;&nbsp;serial_flash_sector_erase
<LI><a href="#[5]">&gt;&gt;</a>&nbsp;&nbsp;&nbsp;spi_flash_sm_check_latch
<LI><a href="#[3e0]">&gt;&gt;</a>&nbsp;&nbsp;&nbsp;serial_flash_write_data
</UL>

<P><STRONG><a name="[3e0]"></a>serial_flash_write_data</STRONG> (Thumb, 110 bytes, Stack size 24 bytes, serial_flash_fsm.o(i.serial_flash_write_data))
<BR><BR>[Stack]<UL><LI>Max Depth = 208<LI>Call Chain = serial_flash_write_data &rArr; serial_flash_get_status &rArr; serial_flash_txrx &rArr; spi2_sync_txrx &rArr; nrf_drv_spi_transfer &rArr; nrf_drv_spi_xfer &rArr; spim_xfer &rArr; nrf_spim_event_clear
</UL>
<BR>[Calls]<UL><LI><a href="#[3de]">&gt;&gt;</a>&nbsp;&nbsp;&nbsp;serial_flash_write_control
<LI><a href="#[3dc]">&gt;&gt;</a>&nbsp;&nbsp;&nbsp;serial_flash_txrx
<LI><a href="#[3da]">&gt;&gt;</a>&nbsp;&nbsp;&nbsp;serial_flash_get_status
<LI><a href="#[df]">&gt;&gt;</a>&nbsp;&nbsp;&nbsp;__aeabi_memclr4
<LI><a href="#[c1]">&gt;&gt;</a>&nbsp;&nbsp;&nbsp;__aeabi_memcpy
</UL>
<BR>[Called By]<UL><LI><a href="#[6]">&gt;&gt;</a>&nbsp;&nbsp;&nbsp;spi_flash_sm_write
</UL>

<P><STRONG><a name="[3db]"></a>set_instruction</STRONG> (Thumb, 4 bytes, Stack size 0 bytes, serial_flash_fsm.o(i.set_instruction))
<BR><BR>[Called By]<UL><LI><a href="#[3de]">&gt;&gt;</a>&nbsp;&nbsp;&nbsp;serial_flash_write_control
<LI><a href="#[3da]">&gt;&gt;</a>&nbsp;&nbsp;&nbsp;serial_flash_get_status
</UL>

<P><STRONG><a name="[3f6]"></a>spi_flash_sm_change_state</STRONG> (Thumb, 20 bytes, Stack size 0 bytes, serial_flash_fsm.o(i.spi_flash_sm_change_state))
<BR><BR>[Called By]<UL><LI><a href="#[6]">&gt;&gt;</a>&nbsp;&nbsp;&nbsp;spi_flash_sm_write
<LI><a href="#[3]">&gt;&gt;</a>&nbsp;&nbsp;&nbsp;spi_flash_sm_load_write
<LI><a href="#[4]">&gt;&gt;</a>&nbsp;&nbsp;&nbsp;spi_flash_sm_check_status
<LI><a href="#[5]">&gt;&gt;</a>&nbsp;&nbsp;&nbsp;spi_flash_sm_check_latch
</UL>

<P><STRONG><a name="[5]"></a>spi_flash_sm_check_latch</STRONG> (Thumb, 72 bytes, Stack size 8 bytes, serial_flash_fsm.o(i.spi_flash_sm_check_latch))
<BR><BR>[Stack]<UL><LI>Max Depth = 192<LI>Call Chain = spi_flash_sm_check_latch &rArr; serial_flash_get_status &rArr; serial_flash_txrx &rArr; spi2_sync_txrx &rArr; nrf_drv_spi_transfer &rArr; nrf_drv_spi_xfer &rArr; spim_xfer &rArr; nrf_spim_event_clear
</UL>
<BR>[Calls]<UL><LI><a href="#[a9]">&gt;&gt;</a>&nbsp;&nbsp;&nbsp;SEGGER_RTT_WriteString
<LI><a href="#[3f6]">&gt;&gt;</a>&nbsp;&nbsp;&nbsp;spi_flash_sm_change_state
<LI><a href="#[3de]">&gt;&gt;</a>&nbsp;&nbsp;&nbsp;serial_flash_write_control
<LI><a href="#[3da]">&gt;&gt;</a>&nbsp;&nbsp;&nbsp;serial_flash_get_status
</UL>
<BR>[Address Reference Count : 1]<UL><LI> serial_flash_fsm.o(.data)
</UL>
<P><STRONG><a name="[4]"></a>spi_flash_sm_check_status</STRONG> (Thumb, 92 bytes, Stack size 16 bytes, serial_flash_fsm.o(i.spi_flash_sm_check_status))
<BR><BR>[Stack]<UL><LI>Max Depth = 200<LI>Call Chain = spi_flash_sm_check_status &rArr; serial_flash_get_status &rArr; serial_flash_txrx &rArr; spi2_sync_txrx &rArr; nrf_drv_spi_transfer &rArr; nrf_drv_spi_xfer &rArr; spim_xfer &rArr; nrf_spim_event_clear
</UL>
<BR>[Calls]<UL><LI><a href="#[a9]">&gt;&gt;</a>&nbsp;&nbsp;&nbsp;SEGGER_RTT_WriteString
<LI><a href="#[3f6]">&gt;&gt;</a>&nbsp;&nbsp;&nbsp;spi_flash_sm_change_state
<LI><a href="#[3da]">&gt;&gt;</a>&nbsp;&nbsp;&nbsp;serial_flash_get_status
</UL>
<BR>[Address Reference Count : 1]<UL><LI> serial_flash_fsm.o(.data)
</UL>
<P><STRONG><a name="[3]"></a>spi_flash_sm_load_write</STRONG> (Thumb, 114 bytes, Stack size 16 bytes, serial_flash_fsm.o(i.spi_flash_sm_load_write))
<BR><BR>[Stack]<UL><LI>Max Depth = 392<LI>Call Chain = spi_flash_sm_load_write &rArr; SEGGER_RTT_printf &rArr; SEGGER_RTT_vprintf &rArr; _PrintInt &rArr; _PrintUnsigned &rArr; _StoreChar &rArr; SEGGER_RTT_Write &rArr; SEGGER_RTT_WriteNoLock &rArr; _WriteNoCheck
</UL>
<BR>[Calls]<UL><LI><a href="#[124]">&gt;&gt;</a>&nbsp;&nbsp;&nbsp;xQueueGenericReceive
<LI><a href="#[a9]">&gt;&gt;</a>&nbsp;&nbsp;&nbsp;SEGGER_RTT_WriteString
<LI><a href="#[2ad]">&gt;&gt;</a>&nbsp;&nbsp;&nbsp;nrf_free
<LI><a href="#[2ac]">&gt;&gt;</a>&nbsp;&nbsp;&nbsp;pavlok_list_pop
<LI><a href="#[ab]">&gt;&gt;</a>&nbsp;&nbsp;&nbsp;SEGGER_RTT_printf
<LI><a href="#[3f6]">&gt;&gt;</a>&nbsp;&nbsp;&nbsp;spi_flash_sm_change_state
<LI><a href="#[10a]">&gt;&gt;</a>&nbsp;&nbsp;&nbsp;__aeabi_memcpy4
</UL>
<BR>[Address Reference Count : 1]<UL><LI> serial_flash_fsm.o(.data)
</UL>
<P><STRONG><a name="[3d9]"></a>spi_flash_sm_main</STRONG> (Thumb, 136 bytes, Stack size 8 bytes, serial_flash_fsm.o(i.spi_flash_sm_main))
<BR><BR>[Stack]<UL><LI>Max Depth = 176<LI>Call Chain = spi_flash_sm_main &rArr; spi_flash_sm_wait &rArr; serial_flash_fsm_application_timers_start &rArr; xTimerGenericCommand &rArr; xQueueGenericSend &rArr; xTaskResumeAll &rArr; xTaskIncrementTick
</UL>
<BR>[Calls]<UL><LI><a href="#[125]">&gt;&gt;</a>&nbsp;&nbsp;&nbsp;xQueueGenericSend
<LI><a href="#[3f8]">&gt;&gt;</a>&nbsp;&nbsp;&nbsp;spi_flash_sm_wait
<LI><a href="#[3f7]">&gt;&gt;</a>&nbsp;&nbsp;&nbsp;spi_flash_sm_retry
<LI><a href="#[3f9]">&gt;&gt;</a>&nbsp;&nbsp;&nbsp;spi_flash_sm_reset_state
</UL>
<BR>[Called By]<UL><LI><a href="#[61]">&gt;&gt;</a>&nbsp;&nbsp;&nbsp;serial_flash_fsm_task_thread
</UL>

<P><STRONG><a name="[3f9]"></a>spi_flash_sm_reset_state</STRONG> (Thumb, 12 bytes, Stack size 0 bytes, serial_flash_fsm.o(i.spi_flash_sm_reset_state))
<BR><BR>[Called By]<UL><LI><a href="#[3d9]">&gt;&gt;</a>&nbsp;&nbsp;&nbsp;spi_flash_sm_main
</UL>

<P><STRONG><a name="[3f7]"></a>spi_flash_sm_retry</STRONG> (Thumb, 26 bytes, Stack size 0 bytes, serial_flash_fsm.o(i.spi_flash_sm_retry))
<BR><BR>[Called By]<UL><LI><a href="#[3d9]">&gt;&gt;</a>&nbsp;&nbsp;&nbsp;spi_flash_sm_main
</UL>

<P><STRONG><a name="[3f8]"></a>spi_flash_sm_wait</STRONG> (Thumb, 16 bytes, Stack size 8 bytes, serial_flash_fsm.o(i.spi_flash_sm_wait))
<BR><BR>[Stack]<UL><LI>Max Depth = 168<LI>Call Chain = spi_flash_sm_wait &rArr; serial_flash_fsm_application_timers_start &rArr; xTimerGenericCommand &rArr; xQueueGenericSend &rArr; xTaskResumeAll &rArr; xTaskIncrementTick
</UL>
<BR>[Calls]<UL><LI><a href="#[3d7]">&gt;&gt;</a>&nbsp;&nbsp;&nbsp;serial_flash_fsm_application_timers_start
</UL>
<BR>[Called By]<UL><LI><a href="#[3d9]">&gt;&gt;</a>&nbsp;&nbsp;&nbsp;spi_flash_sm_main
</UL>

<P><STRONG><a name="[6]"></a>spi_flash_sm_write</STRONG> (Thumb, 78 bytes, Stack size 16 bytes, serial_flash_fsm.o(i.spi_flash_sm_write))
<BR><BR>[Stack]<UL><LI>Max Depth = 224<LI>Call Chain = spi_flash_sm_write &rArr; serial_flash_write_data &rArr; serial_flash_get_status &rArr; serial_flash_txrx &rArr; spi2_sync_txrx &rArr; nrf_drv_spi_transfer &rArr; nrf_drv_spi_xfer &rArr; spim_xfer &rArr; nrf_spim_event_clear
</UL>
<BR>[Calls]<UL><LI><a href="#[3fa]">&gt;&gt;</a>&nbsp;&nbsp;&nbsp;spi_flash_sm_write_how_many
<LI><a href="#[3f6]">&gt;&gt;</a>&nbsp;&nbsp;&nbsp;spi_flash_sm_change_state
<LI><a href="#[3e0]">&gt;&gt;</a>&nbsp;&nbsp;&nbsp;serial_flash_write_data
</UL>
<BR>[Address Reference Count : 1]<UL><LI> serial_flash_fsm.o(.data)
</UL>
<P><STRONG><a name="[3fa]"></a>spi_flash_sm_write_how_many</STRONG> (Thumb, 32 bytes, Stack size 8 bytes, serial_flash_fsm.o(i.spi_flash_sm_write_how_many))
<BR><BR>[Stack]<UL><LI>Max Depth = 8<LI>Call Chain = spi_flash_sm_write_how_many
</UL>
<BR>[Called By]<UL><LI><a href="#[6]">&gt;&gt;</a>&nbsp;&nbsp;&nbsp;spi_flash_sm_write
</UL>

<P><STRONG><a name="[3f5]"></a>nrf_gpio_pin_set</STRONG> (Thumb, 22 bytes, Stack size 0 bytes, spi.o(i.nrf_gpio_pin_set))
<BR><BR>[Called By]<UL><LI><a href="#[2b3]">&gt;&gt;</a>&nbsp;&nbsp;&nbsp;spi2_devices_init
<LI><a href="#[3df]">&gt;&gt;</a>&nbsp;&nbsp;&nbsp;spi2_sync_txrx
</UL>

<P><STRONG><a name="[428]"></a>nrf_gpio_cfg_output</STRONG> (Thumb, 48 bytes, Stack size 20 bytes, zap.o(i.nrf_gpio_cfg_output))
<BR><BR>[Stack]<UL><LI>Max Depth = 20<LI>Call Chain = nrf_gpio_cfg_output
</UL>
<BR>[Called By]<UL><LI><a href="#[2b7]">&gt;&gt;</a>&nbsp;&nbsp;&nbsp;zap_gpio_init
<LI><a href="#[2b8]">&gt;&gt;</a>&nbsp;&nbsp;&nbsp;vbatt_measure_init
</UL>

<P><STRONG><a name="[426]"></a>nrf_gpio_pin_clear</STRONG> (Thumb, 22 bytes, Stack size 0 bytes, zap.o(i.nrf_gpio_pin_clear))
<BR><BR>[Called By]<UL><LI><a href="#[2b7]">&gt;&gt;</a>&nbsp;&nbsp;&nbsp;zap_gpio_init
<LI><a href="#[2b8]">&gt;&gt;</a>&nbsp;&nbsp;&nbsp;vbatt_measure_init
<LI><a href="#[23e]">&gt;&gt;</a>&nbsp;&nbsp;&nbsp;vbatt_measure_disable
</UL>

<P><STRONG><a name="[427]"></a>nrf_gpio_pin_set</STRONG> (Thumb, 22 bytes, Stack size 0 bytes, zap.o(i.nrf_gpio_pin_set))
<BR><BR>[Called By]<UL><LI><a href="#[37e]">&gt;&gt;</a>&nbsp;&nbsp;&nbsp;zap_gpio_enable
<LI><a href="#[23d]">&gt;&gt;</a>&nbsp;&nbsp;&nbsp;vbatt_measure_enable
</UL>

<P><STRONG><a name="[bc]"></a>NVIC_SystemReset</STRONG> (Thumb, 56 bytes, Stack size 0 bytes, system_nrf52.o(i.NVIC_SystemReset))
<BR><BR>[Called By]<UL><LI><a href="#[39]">&gt;&gt;</a>&nbsp;&nbsp;&nbsp;SystemInit
</UL>

<P><STRONG><a name="[bb]"></a>errata_108</STRONG> (Thumb, 78 bytes, Stack size 0 bytes, system_nrf52.o(i.errata_108))
<BR><BR>[Called By]<UL><LI><a href="#[39]">&gt;&gt;</a>&nbsp;&nbsp;&nbsp;SystemInit
</UL>

<P><STRONG><a name="[b4]"></a>errata_16</STRONG> (Thumb, 42 bytes, Stack size 0 bytes, system_nrf52.o(i.errata_16))
<BR><BR>[Called By]<UL><LI><a href="#[39]">&gt;&gt;</a>&nbsp;&nbsp;&nbsp;SystemInit
</UL>

<P><STRONG><a name="[b5]"></a>errata_31</STRONG> (Thumb, 78 bytes, Stack size 0 bytes, system_nrf52.o(i.errata_31))
<BR><BR>[Called By]<UL><LI><a href="#[39]">&gt;&gt;</a>&nbsp;&nbsp;&nbsp;SystemInit
</UL>

<P><STRONG><a name="[b6]"></a>errata_32</STRONG> (Thumb, 42 bytes, Stack size 0 bytes, system_nrf52.o(i.errata_32))
<BR><BR>[Called By]<UL><LI><a href="#[39]">&gt;&gt;</a>&nbsp;&nbsp;&nbsp;SystemInit
</UL>

<P><STRONG><a name="[b7]"></a>errata_36</STRONG> (Thumb, 78 bytes, Stack size 0 bytes, system_nrf52.o(i.errata_36))
<BR><BR>[Called By]<UL><LI><a href="#[39]">&gt;&gt;</a>&nbsp;&nbsp;&nbsp;SystemInit
</UL>

<P><STRONG><a name="[b8]"></a>errata_37</STRONG> (Thumb, 42 bytes, Stack size 0 bytes, system_nrf52.o(i.errata_37))
<BR><BR>[Called By]<UL><LI><a href="#[39]">&gt;&gt;</a>&nbsp;&nbsp;&nbsp;SystemInit
</UL>

<P><STRONG><a name="[b9]"></a>errata_57</STRONG> (Thumb, 42 bytes, Stack size 0 bytes, system_nrf52.o(i.errata_57))
<BR><BR>[Called By]<UL><LI><a href="#[39]">&gt;&gt;</a>&nbsp;&nbsp;&nbsp;SystemInit
</UL>

<P><STRONG><a name="[ba]"></a>errata_66</STRONG> (Thumb, 42 bytes, Stack size 0 bytes, system_nrf52.o(i.errata_66))
<BR><BR>[Called By]<UL><LI><a href="#[39]">&gt;&gt;</a>&nbsp;&nbsp;&nbsp;SystemInit
</UL>

<P><STRONG><a name="[c3]"></a>_printf_core</STRONG> (Thumb, 996 bytes, Stack size 104 bytes, printf8.o(i._printf_core), UNUSED)
<BR><BR>[Calls]<UL><LI><a href="#[85]">&gt;&gt;</a>&nbsp;&nbsp;&nbsp;__aeabi_uldivmod
<LI><a href="#[c5]">&gt;&gt;</a>&nbsp;&nbsp;&nbsp;_printf_pre_padding
<LI><a href="#[c6]">&gt;&gt;</a>&nbsp;&nbsp;&nbsp;_printf_post_padding
</UL>
<BR>[Called By]<UL><LI><a href="#[c4]">&gt;&gt;</a>&nbsp;&nbsp;&nbsp;__0sprintf$8
<LI><a href="#[c2]">&gt;&gt;</a>&nbsp;&nbsp;&nbsp;__0snprintf$8
</UL>

<P><STRONG><a name="[c6]"></a>_printf_post_padding</STRONG> (Thumb, 36 bytes, Stack size 24 bytes, printf8.o(i._printf_post_padding), UNUSED)
<BR><BR>[Called By]<UL><LI><a href="#[c3]">&gt;&gt;</a>&nbsp;&nbsp;&nbsp;_printf_core
</UL>

<P><STRONG><a name="[c5]"></a>_printf_pre_padding</STRONG> (Thumb, 46 bytes, Stack size 24 bytes, printf8.o(i._printf_pre_padding), UNUSED)
<BR><BR>[Called By]<UL><LI><a href="#[c3]">&gt;&gt;</a>&nbsp;&nbsp;&nbsp;_printf_core
</UL>

<P><STRONG><a name="[3b]"></a>_snputc</STRONG> (Thumb, 22 bytes, Stack size 0 bytes, printf8.o(i._snputc))
<BR>[Address Reference Count : 1]<UL><LI> printf8.o(i.__0snprintf$8)
</UL>
<P><STRONG><a name="[3c]"></a>_sputc</STRONG> (Thumb, 10 bytes, Stack size 0 bytes, printf8.o(i._sputc))
<BR><BR>[Called By]<UL><LI><a href="#[c4]">&gt;&gt;</a>&nbsp;&nbsp;&nbsp;__0sprintf$8
</UL>
<BR>[Address Reference Count : 1]<UL><LI> printf8.o(i.__0sprintf$8)
</UL><P>
<H3>
Undefined Global Symbols
</H3><HR></body></html>
